01-14 17:03:18.391  1627  3642 D NetworkPolicy: uid 10541 is allowed on unmetered network
01-14 17:03:18.395  1627  3642 I chatty  : uid=1000(system) Binder:1627_C identical 1 line
01-14 17:03:18.399  1627  3642 D NetworkPolicy: uid 10541 is allowed on unmetered network
01-14 17:03:18.415 15347 15347 D ViewRootImpl: swipeFromBottom mIgnoring === false downY 1020 mStatusBarHeight 54
01-14 17:03:18.427  1627  2912 I ActivityManager: START u0 {cmp=com.nemo.starhalo/.ui.preview.PreviewActivity (has extras)} from uid 10541 and from pid 15347
01-14 17:03:18.660 15347 15347 D ViewRootImpl: swipeFromBottom mIgnoring === false downY 286 mStatusBarHeight 54
01-14 17:03:18.666  1627  2912 I ActivityManager: START u0 {cmp=com.nemo.starhalo/.ui.base.FragmentContainerActivity (has extras)} from uid 10541 and from pid 15347
01-14 17:03:18.913 15347 15347 D ViewRootImpl: swipeFromBottom mIgnoring === false downY 1240 mStatusBarHeight 54
01-14 17:03:18.976  1627  3642 D NetworkPolicy: uid 10541 is allowed on unmetered network
01-14 17:03:18.983  1627  3642 I chatty  : uid=1000(system) Binder:1627_C identical 1 line
01-14 17:03:18.989  1627  3642 D NetworkPolicy: uid 10541 is allowed on unmetered network
01-14 17:03:19.235 15347 15347 D ViewRootImpl: swipeFromBottom mIgnoring === false downY 635 mStatusBarHeight 54
01-14 17:03:19.511 15347 15347 D ViewRootImpl: swipeFromBottom mIgnoring === false downY 1281 mStatusBarHeight 54
01-14 17:03:19.523  1627  3642 I ActivityManager: START u0 {cmp=com.nemo.starhalo/.ui.preview.PreviewActivity (has extras)} from uid 10541 and from pid 15347
01-14 17:03:19.759 15347 15347 D ViewRootImpl: swipeFromBottom mIgnoring === false downY 635 mStatusBarHeight 54
01-14 17:03:19.762  1627  3642 I ActivityManager: START u0 {cmp=com.nemo.starhalo/.ui.base.FragmentContainerActivity (has extras)} from uid 10541 and from pid 15347
01-14 17:03:19.471 15347 15347 I chatty  : uid=10541(com.nemo.starhalo) identical 1 line
01-14 17:03:19.734 15347 15347 I Choreographer: Skipped 1 frames!  The application may be doing too much work on its main thread.
01-14 17:03:19.938 16795 16795 I wpa_supplicant: TDLS: No matching entry found for Teardown 54:27:58:ff:5e:b5
01-14 17:03:19.952 16795 16795 I chatty  : uid=1010(wifi) /vendor/bin/hw/wpa_supplicant identical 61 lines
01-14 17:03:19.952 16795 16795 I wpa_supplicant: TDLS: No matching entry found for Teardown 54:27:58:ff:5e:b5
01-14 17:03:19.983 15347 15347 I Choreographer: Skipped 1 frames!  The application may be doing too much work on its main thread.
01-14 17:03:20.012 15347 15347 D ViewRootImpl: swipeFromBottom mIgnoring === false downY 1174 mStatusBarHeight 54
01-14 17:03:20.018 15347 21409 D skia    : --- SkAndroidCodec::NewFromStream returned null
01-14 17:03:20.024  1627  3642 I ActivityManager: START u0 {act=android.intent.action.SEND typ=*/* flg=0x1 pkg=com.whatsapp cmp=com.whatsapp/.ContactPicker clip={*/* T:What are you waiting for?  
01-14 17:03:20.024  1627  3642 I ActivityManager: Find awesome latest status xxxs to show your feelings.. Download Welike now! 
01-14 17:03:20.024  1627  3642 I ActivityManager: http://hillo.app/download} (has extras)} from uid 10541 and from pid 15347
01-14 17:03:20.042 16795 16795 I wpa_supplicant: TDLS: No matching entry found for Teardown 54:27:58:ff:5e:b5
01-14 17:03:20.057 16795 16795 I chatty  : uid=1010(wifi) /vendor/bin/hw/wpa_supplicant identical 63 lines
01-14 17:03:20.057 16795 16795 I wpa_supplicant: TDLS: No matching entry found for Teardown 54:27:58:ff:5e:b5
01-14 17:03:20.071  1627  2434 I MessageQueue: searched 10000messages,recent msg is { when=-1d9h45m50s923ms callback=com.android.server.wifi.OppoTcpInfoMonitor$1 target=android.os.Handler }head message is { when=-1d23h19m40s988ms callback=com.android.server.wifi.OppoTcpInfoMonitor$1 target=android.os.Handler }
01-14 17:03:20.072  1627  2434 I MessageQueue: searched 20000messages,recent msg is { when=-20h19m11s110ms callback=com.android.server.wifi.OppoTcpInfoMonitor$1 target=android.os.Handler }head message is { when=-1d23h19m40s988ms callback=com.android.server.wifi.OppoTcpInfoMonitor$1 target=android.os.Handler }
01-14 17:03:20.072  1627  2434 I MessageQueue: searched 30000messages,recent msg is { when=-7h7m16s282ms callback=com.android.server.wifi.OppoTcpInfoMonitor$1 target=android.os.Handler }head message is { when=-1d23h19m40s989ms callback=com.android.server.wifi.OppoTcpInfoMonitor$1 target=android.os.Handler }
01-14 17:03:20.143 16795 16795 I wpa_supplicant: TDLS: No matching entry found for Teardown 54:27:58:ff:5e:b5
01-14 17:03:20.262 15347 15347 D ViewRootImpl: swipeFromBottom mIgnoring === false downY 499 mStatusBarHeight 54
01-14 17:03:20.146 16795 16795 I chatty  : uid=1010(wifi) /vendor/bin/hw/wpa_supplicant identical 12 lines
01-14 17:03:20.146 16795 16795 I wpa_supplicant: TDLS: No matching entry found for Teardown 54:27:58:ff:5e:b5
01-14 17:03:20.288  1627  4400 W Binder  : Outgoing transactions from this process must be FLAG_ONEWAY
01-14 17:03:20.288  1627  4400 W Binder  : java.lang.Throwable
01-14 17:03:20.288  1627  4400 W Binder  : 	at android.os.BinderProxy.transact(Binder.java:754)
01-14 17:03:20.288  1627  4400 W Binder  : 	at android.view.IWindow$Stub$Proxy.isUserDefinedToast(IWindow.java:635)
01-14 17:03:20.288  1627  4400 W Binder  : 	at com.android.server.wm.WindowManagerService.addWindow(WindowManagerService.java:1567)
01-14 17:03:20.288  1627  4400 W Binder  : 	at com.android.server.wm.Session.addToDisplay(Session.java:205)
01-14 17:03:20.288  1627  4400 W Binder  : 	at android.view.IWindowSession$Stub.onTransact(IWindowSession.java:124)
01-14 17:03:20.288  1627  4400 W Binder  : 	at com.android.server.wm.Session.onTransact(Session.java:166)
01-14 17:03:20.288  1627  4400 W Binder  : 	at android.os.Binder.execTransact(Binder.java:697)
01-14 17:03:20.298  1627  4400 D OppoProcessManager: notifyHypnus float window disabled
01-14 17:03:20.301  1627  4400 D OppoProcessManager: notifyHypnus float window disabled
01-14 17:03:20.318  1627  4400 D NetworkPolicy: uid 10541 is allowed on unmetered network
01-14 17:03:20.322  1627  4400 I chatty  : uid=1000(system) Binder:1627_1F identical 1 line
01-14 17:03:20.327  1627  4400 D NetworkPolicy: uid 10541 is allowed on unmetered network
01-14 17:03:20.333  1627  2209 D OppoProcessManager: notifyHypnus float window enabled
01-14 17:03:20.517 15347 15347 D ViewRootImpl: swipeFromBottom mIgnoring === false downY 1020 mStatusBarHeight 54
01-14 17:03:20.528  1627  3642 I ActivityManager: START u0 {cmp=com.nemo.starhalo/.ui.preview.PreviewActivity (has extras)} from uid 10541 and from pid 15347
01-14 17:03:20.774 15347 15347 D ViewRootImpl: swipeFromBottom mIgnoring === false downY 564 mStatusBarHeight 54
01-14 17:03:23.213  1627  1627 W WindowManager: removeWindowToken: Attempted to remove non-existing token: android.os.Binder@748eabd
01-14 17:03:23.213 16795 16795 I wpa_supplicant: TDLS: No matching entry found for Teardown 54:27:58:ff:5e:b5
01-14 17:03:23.239 16795 16795 I chatty  : uid=1010(wifi) /vendor/bin/hw/wpa_supplicant identical 37 lines
01-14 17:03:23.239 16795 16795 I wpa_supplicant: TDLS: No matching entry found for Teardown 54:27:58:ff:5e:b5
01-14 17:03:23.241 15347 15347 I Choreographer: Skipped 2 frames!  The application may be doing too much work on its main thread.
01-14 17:03:23.273 15347 15347 I Choreographer: Skipped 1 frames!  The application may be doing too much work on its main thread.
01-14 17:03:23.299 15347 15347 D ViewRootImpl: swipeFromBottom mIgnoring === false downY 564 mStatusBarHeight 54
01-14 17:03:23.310  1627  4400 I ActivityManager: START u0 {cmp=com.nemo.starhalo/.ui.user.EditProfileActivity (has extras)} from uid 10541 and from pid 15347
01-14 17:03:23.556 15347 15347 D ViewRootImpl: swipeFromBottom mIgnoring === false downY 1281 mStatusBarHeight 54
01-14 17:03:23.585  1627  4400 I ActivityManager: START u0 {cmp=com.nemo.starhalo/.ui.preview.PreviewActivity (has extras)} from uid 10541 and from pid 15347
01-14 17:03:23.737  1627  2209 D OppoProcessManager: notifyHypnus float window disabled
01-14 17:03:23.742  1627  2209 I chatty  : uid=1000(system) android.anim identical 2 lines
01-14 17:03:23.743  1627  2209 D OppoProcessManager: notifyHypnus float window disabled
01-14 17:03:23.810 15347 15347 D ViewRootImpl: swipeFromBottom mIgnoring === false downY 1374 mStatusBarHeight 54
01-14 17:03:23.867 15347 15553 E qdgralloc: Unknown Color Space = 5
01-14 17:03:24.036 15347 15347 I Choreographer: Skipped 1 frames!  The application may be doing too much work on its main thread.
01-14 17:03:24.095 15347 15347 D ViewRootImpl: swipeFromBottom mIgnoring === false downY 1005 mStatusBarHeight 54
01-14 17:03:24.110  1627  4400 D NetworkPolicy: uid 10541 is allowed on unmetered network
01-14 17:03:24.113  1627  2919 D NetworkPolicy: uid 10541 is allowed on unmetered network
01-14 17:03:24.259  1627  2919 W Binder  : Outgoing transactions from this process must be FLAG_ONEWAY
01-14 17:03:24.259  1627  2919 W Binder  : java.lang.Throwable
01-14 17:03:24.259  1627  2919 W Binder  : 	at android.os.BinderProxy.transact(Binder.java:754)
01-14 17:03:24.259  1627  2919 W Binder  : 	at android.view.IWindow$Stub$Proxy.isUserDefinedToast(IWindow.java:635)
01-14 17:03:24.259  1627  2919 W Binder  : 	at com.android.server.wm.WindowManagerService.addWindow(WindowManagerService.java:1567)
01-14 17:03:24.259  1627  2919 W Binder  : 	at com.android.server.wm.Session.addToDisplay(Session.java:205)
01-14 17:03:24.259  1627  2919 W Binder  : 	at android.view.IWindowSession$Stub.onTransact(IWindowSession.java:124)
01-14 17:03:24.259  1627  2919 W Binder  : 	at com.android.server.wm.Session.onTransact(Session.java:166)
01-14 17:03:24.259  1627  2919 W Binder  : 	at android.os.Binder.execTransact(Binder.java:697)
01-14 17:03:24.125  1627  2919 D NetworkPolicy: uid 10541 is allowed on unmetered network
01-14 17:03:24.274  1627  2919 D OppoProcessManager: notifyHypnus float window disabled
01-14 17:03:24.288 15347 15347 I Choreographer: Skipped 1 frames!  The application may be doing too much work on its main thread.
01-14 17:03:24.277  1627  2919 D OppoProcessManager: notifyHypnus float window disabled
01-14 17:03:24.322  1627  2209 D OppoProcessManager: notifyHypnus float window enabled
01-14 17:03:24.331 15347 21481 E Parcel  : Reading a NULL string not supported here.
01-14 17:03:24.345 15347 21481 I chatty  : uid=10541(com.nemo.starhalo) identical 3 lines
01-14 17:03:24.349 15347 21481 E Parcel  : Reading a NULL string not supported here.
01-14 17:03:24.362 15347 15347 I Choreographer: Skipped 2 frames!  The application may be doing too much work on its main thread.
01-14 17:03:24.392 15347 15347 D ViewRootImpl: swipeFromBottom mIgnoring === false downY 1006 mStatusBarHeight 54
01-14 17:03:24.400  1627  2411 V NetworkPolicy: updateRuleForRestrictBackgroundUL(10144): isForeground=true, isBlacklisted=false, isWhitelisted=true, oldRule=0 (NONE), newRule=1 (ALLOW_METERED), newUidRules=1 (ALLOW_METERED), oldUidRules=0 (NONE)
01-14 17:03:24.400  1627  2411 V NetworkPolicy: setMeteredNetworkWhitelist 10144: true
01-14 17:03:24.401  1627  2411 V NetworkPolicy: updateRulesForPowerRestrictionsUL(10144), isIdle: false, mRestrictPower: false, mDeviceIdleMode: false, isForeground=true, isWhitelisted=true, oldRule=0 (NONE), newRule=0 (NONE), newUidRules=1 (ALLOW_METERED), oldUidRules=1 (ALLOW_METERED)
01-14 17:03:24.401  1627  2410 D NetworkPolicy: uid 10144 is allowed on unmetered network
01-14 17:03:24.416 15347 15347 E DownLoadHelper: 
01-14 17:03:24.416 15347 15347 E DownLoadHelper:  Thread: main Tag:DownLoadHelper
01-14 17:03:24.416 15347 15347 E DownLoadHelper: 
01-14 17:03:24.416 15347 15347 E DownLoadHelper:  onPermissionGranted
01-14 17:03:24.416 15347 15347 E DownLoadHelper: 
01-14 17:03:24.402  1627  2410 I chatty  : uid=1000(system) NetworkPolicy identical 4 lines
01-14 17:03:24.402  1627  2410 D NetworkPolicy: uid 10144 is allowed on unmetered network
01-14 17:03:24.419  1627  3642 D NetworkPolicy: uid 10541 is allowed on unmetered network
01-14 17:03:24.423  1627  3642 D NetworkPolicy: uid 10541 is allowed on unmetered network
01-14 17:03:24.423  1627  2886 D NetworkPolicy: uid 10541 is allowed on unmetered network
01-14 17:03:24.426  1627  3642 D NetworkPolicy: uid 10541 is allowed on unmetered network
01-14 17:03:24.445  1627  3642 V WindowManager: Changing focus from Window{8111253 u0 com.nemo.starhalo/com.nemo.starhalo.ui.home.HomeActivity} to Window{86b3f29 u0 com.nemo.starhalo/com.nemo.starhalo.ui.home.HomeActivity}
01-14 17:03:24.461 15347 20328 D libc-netbsd: [getaddrinfo]:  hostname=vd.starhalo.mobi;  servname=(null);  app_pid=15347;  app_uid=10541;  ai_flags=1024;  ai_family=0; ai_socktype=1 from prox result 0
01-14 17:03:24.500 15347 15347 I Choreographer: Skipped 4 frames!  The application may be doing too much work on its main thread.
01-14 17:03:24.500  1627  2411 V NetworkPolicy: updateRuleForRestrictBackgroundUL(10144): isForeground=false, isBlacklisted=false, isWhitelisted=true, oldRule=1 (ALLOW_METERED), newRule=0 (NONE), newUidRules=0 (NONE), oldUidRules=1 (ALLOW_METERED)
01-14 17:03:24.500  1627  2411 V NetworkPolicy: setMeteredNetworkWhitelist 10144: true
01-14 17:03:24.500  1627  2411 V NetworkPolicy: updateRulesForPowerRestrictionsUL(10144), isIdle: false, mRestrictPower: false, mDeviceIdleMode: false, isForeground=false, isWhitelisted=true, oldRule=0 (NONE), newRule=0 (NONE), newUidRules=0 (NONE), oldUidRules=0 (NONE)
01-14 17:03:24.501  1627  2410 D NetworkPolicy: uid 10144 is allowed on unmetered network
01-14 17:03:24.512  9081  9081 I Choreographer: Skipped 1 frames!  The application may be doing too much work on its main thread.
01-14 17:03:24.527   700   700 D SurfaceFlinger: duplicate layer name: changing com.nemo.starhalo/com.nemo.starhalo.ui.home.HomeActivity to com.nemo.starhalo/com.nemo.starhalo.ui.home.HomeActivity#1
01-14 17:03:24.501  1627  2410 I chatty  : uid=1000(system) NetworkPolicy identical 4 lines
01-14 17:03:24.502  1627  2410 D NetworkPolicy: uid 10144 is allowed on unmetered network
01-14 17:03:24.540  1627  3642 D NetworkPolicy: uid 10541 is allowed on unmetered network
01-14 17:03:24.548 15347 15347 I Choreographer: Skipped 2 frames!  The application may be doing too much work on its main thread.
01-14 17:03:24.599 15347 15347 I Choreographer: Skipped 1 frames!  The application may be doing too much work on its main thread.
01-14 17:03:24.635 15347 21483 E Parcel  : Reading a NULL string not supported here.
01-14 17:03:24.639 15347 15347 I Choreographer: Skipped 1 frames!  The application may be doing too much work on its main thread.
01-14 17:03:24.642 15347 21483 E Parcel  : Reading a NULL string not supported here.
01-14 17:03:24.666 15347 15347 D ViewRootImpl: swipeFromBottom mIgnoring === false downY 769 mStatusBarHeight 54
01-14 17:03:24.655 15347 21483 I chatty  : uid=10541(com.nemo.starhalo) identical 2 lines
01-14 17:03:24.660 15347 21483 E Parcel  : Reading a NULL string not supported here.
01-14 17:03:24.699  9081  9081 I Choreographer: Skipped 1 frames!  The application may be doing too much work on its main thread.
01-14 17:03:24.707  1627  2411 V NetworkPolicy: updateRuleForRestrictBackgroundUL(10144): isForeground=true, isBlacklisted=false, isWhitelisted=true, oldRule=0 (NONE), newRule=1 (ALLOW_METERED), newUidRules=1 (ALLOW_METERED), oldUidRules=0 (NONE)
01-14 17:03:24.707  1627  2411 V NetworkPolicy: setMeteredNetworkWhitelist 10144: true
01-14 17:03:24.707  1627  2411 V NetworkPolicy: updateRulesForPowerRestrictionsUL(10144), isIdle: false, mRestrictPower: false, mDeviceIdleMode: false, isForeground=true, isWhitelisted=true, oldRule=0 (NONE), newRule=0 (NONE), newUidRules=1 (ALLOW_METERED), oldUidRules=1 (ALLOW_METERED)
01-14 17:03:24.708  1627  2410 D NetworkPolicy: uid 10144 is allowed on unmetered network
01-14 17:03:24.731  1627  2411 V NetworkPolicy: updateRuleForRestrictBackgroundUL(10144): isForeground=false, isBlacklisted=false, isWhitelisted=true, oldRule=1 (ALLOW_METERED), newRule=0 (NONE), newUidRules=0 (NONE), oldUidRules=1 (ALLOW_METERED)
01-14 17:03:24.709  1627  2410 I chatty  : uid=1000(system) NetworkPolicy identical 4 lines
01-14 17:03:24.709  1627  2410 D NetworkPolicy: uid 10144 is allowed on unmetered network
01-14 17:03:24.731  1627  2411 V NetworkPolicy: setMeteredNetworkWhitelist 10144: true
01-14 17:03:24.731  1627  2411 V NetworkPolicy: updateRulesForPowerRestrictionsUL(10144), isIdle: false, mRestrictPower: false, mDeviceIdleMode: false, isForeground=false, isWhitelisted=true, oldRule=0 (NONE), newRule=0 (NONE), newUidRules=0 (NONE), oldUidRules=0 (NONE)
01-14 17:03:24.732  1627  2410 D NetworkPolicy: uid 10144 is allowed on unmetered network
01-14 17:03:24.732  1627  2410 I chatty  : uid=1000(system) NetworkPolicy identical 4 lines
01-14 17:03:24.733  1627  2410 D NetworkPolicy: uid 10144 is allowed on unmetered network
01-14 17:03:24.735  1627  1645 D NetworkPolicy: uid 10541 is allowed on unmetered network
01-14 17:03:24.898 15347 15347 D ViewRootImpl: swipeFromBottom mIgnoring === false downY 826 mStatusBarHeight 54
01-14 17:03:24.926  1627  1645 V WindowManager: Changing focus from Window{86b3f29 u0 com.nemo.starhalo/com.nemo.starhalo.ui.home.HomeActivity EXITING} to Window{8111253 u0 com.nemo.starhalo/com.nemo.starhalo.ui.home.HomeActivity}
01-14 17:03:24.942 15347 15347 I Choreographer: Skipped 1 frames!  The application may be doing too much work on its main thread.
01-14 17:03:24.977  1627  1636 I zygote64: Background concurrent copying GC freed 435756(22MB) AllocSpace objects, 48(1740KB) LOS objects, 42% free, 31MB/55MB, paused 570us total 359.419ms
01-14 17:03:24.994  1627  2886 D NetworkPolicy: uid 10541 is allowed on unmetered network
01-14 17:03:25.027  9081  9081 I Choreographer: Skipped 2 frames!  The application may be doing too much work on its main thread.
01-14 17:03:25.075  1627  2434 I MessageQueue: searched 10000messages,recent msg is { when=-1d9h45m55s927ms callback=com.android.server.wifi.OppoTcpInfoMonitor$1 target=android.os.Handler }head message is { when=-1d23h19m45s992ms callback=com.android.server.wifi.OppoTcpInfoMonitor$1 target=android.os.Handler }
01-14 17:03:25.076  1627  2434 I MessageQueue: searched 20000messages,recent msg is { when=-20h19m16s115ms callback=com.android.server.wifi.OppoTcpInfoMonitor$1 target=android.os.Handler }head message is { when=-1d23h19m45s993ms callback=com.android.server.wifi.OppoTcpInfoMonitor$1 target=android.os.Handler }
01-14 17:03:25.077  1627  2434 I MessageQueue: searched 30000messages,recent msg is { when=-7h7m21s287ms callback=com.android.server.wifi.OppoTcpInfoMonitor$1 target=android.os.Handler }head message is { when=-1d23h19m45s994ms callback=com.android.server.wifi.OppoTcpInfoMonitor$1 target=android.os.Handler }
01-14 17:03:25.149 15347 15347 I Choreographer: Skipped 1 frames!  The application may be doing too much work on its main thread.
01-14 17:03:25.180 15347 15347 I Choreographer: Skipped 1 frames!  The application may be doing too much work on its main thread.
01-14 17:03:25.192  9081  9081 I Choreographer: Skipped 1 frames!  The application may be doing too much work on its main thread.
01-14 17:03:25.209 15347 15347 I Choreographer: Skipped 1 frames!  The application may be doing too much work on its main thread.
01-14 17:03:24.999  1627  2886 I chatty  : uid=1000(system) Binder:1627_6 identical 1 line
01-14 17:03:25.006  1627  2886 D NetworkPolicy: uid 10541 is allowed on unmetered network
01-14 17:03:25.235 15347 15347 D ViewRootImpl: swipeFromBottom mIgnoring === false downY 1374 mStatusBarHeight 54
01-14 17:03:25.260  1627  2919 V WindowManager: Changing focus from Window{8111253 u0 com.nemo.starhalo/com.nemo.starhalo.ui.home.HomeActivity} to Window{1317812 u0 com.nemo.starhalo/com.nemo.starhalo.ui.home.HomeActivity}
01-14 17:03:25.275   700   700 D SurfaceFlinger: duplicate layer name: changing com.nemo.starhalo/com.nemo.starhalo.ui.home.HomeActivity to com.nemo.starhalo/com.nemo.starhalo.ui.home.HomeActivity#1
01-14 17:03:25.293 15347 15347 I Choreographer: Skipped 1 frames!  The application may be doing too much work on its main thread.
01-14 17:03:25.329  9081  9081 I Choreographer: Skipped 1 frames!  The application may be doing too much work on its main thread.
01-14 17:03:25.471 15347 15347 D ViewRootImpl: swipeFromBottom mIgnoring === false downY 1211 mStatusBarHeight 54
01-14 17:03:25.718 15347 15347 D ViewRootImpl: swipeFromBottom mIgnoring === false downY 1169 mStatusBarHeight 54
01-14 17:03:25.724  1627  2919 I ActivityManager: START u0 {cmp=com.nemo.starhalo/.ui.upload.photos.PhotosSelectedImagesActivity (has extras)} from uid 10541 and from pid 15347
01-14 17:03:25.736  1627  2919 V WindowManager: Changing focus from Window{1317812 u0 com.nemo.starhalo/com.nemo.starhalo.ui.home.HomeActivity EXITING} to Window{8111253 u0 com.nemo.starhalo/com.nemo.starhalo.ui.home.HomeActivity}
01-14 17:03:25.450  9081  9081 I Choreographer: Skipped 1 frames!  The application may be doing too much work on its main thread.
01-14 17:03:25.757 15347 15347 I Choreographer: Skipped 2 frames!  The application may be doing too much work on its main thread.
01-14 17:03:25.990 15347 15347 I Choreographer: Skipped 1 frames!  The application may be doing too much work on its main thread.
01-14 17:03:26.013 15347 15347 D ViewRootImpl: swipeFromBottom mIgnoring === false downY 179 mStatusBarHeight 54
01-14 17:03:26.247  1627  1627 W WindowManager: removeWindowToken: Attempted to remove non-existing token: android.os.Binder@361ac0a
01-14 17:03:26.364 15347 15347 D ViewRootImpl: swipeFromBottom mIgnoring === false downY 712 mStatusBarHeight 54
01-14 17:03:26.279 15347 15347 I chatty  : uid=10541(com.nemo.starhalo) identical 2 lines
01-14 17:03:26.347 15347 15347 I Choreographer: Skipped 1 frames!  The application may be doing too much work on its main thread.
01-14 17:03:26.381 15347 15347 I ExoxxxImpl: Init f22ee47 [ExoxxxLib/2.9.4] [CPH1803, CPH1803, OPPO, 27]
01-14 17:03:26.409  1627  2886 D NetworkPolicy: uid 10541 is allowed on unmetered network
01-14 17:03:26.412 15347 15347 I Choreographer: Skipped 1 frames!  The application may be doing too much work on its main thread.
01-14 17:03:26.412  1627  1645 D NetworkPolicy: uid 10541 is allowed on unmetered network
01-14 17:03:26.429 15347 21492 I MediaCodec: CreateByComponentName(), name = OMX.qcom.xxx.decoder.avc
01-14 17:03:26.429 15347 21492 I MediaCodec: new MediaCodec()
01-14 17:03:26.430 15347 21492 I ACodec  : new ACodec()
01-14 17:03:26.445 15347 21496 I ACodec  : onAllocateComponent()
01-14 17:03:26.446 15347 21496 I ACodec  : ----------------------------------------
01-14 17:03:26.446 15347 21496 I ACodec  : matched component [OMX.qcom.xxx.decoder.avc]
01-14 17:03:26.446 15347 21496 I ACodec  : ----------------------------------------
01-14 17:03:26.448 15347 21493 D libc-netbsd: [getaddrinfo]:  hostname=vdc.starhalo.mobi;  servname=(null);  app_pid=15347;  app_uid=10541;  ai_flags=1024;  ai_family=0; ai_socktype=1 from prox result 0
01-14 17:03:26.455 15347 21496 I OMXClient: Treble IOmx obtained
01-14 17:03:26.456  1162 10001 I OMXMaster: makeComponentInstance(OMX.qcom.xxx.decoder.avc) in omx@1.0-service process
01-14 17:03:26.461  1162 10001 E         : Service not available yet
01-14 17:03:26.463  1162 10001 I OMX-VDEC-1080P: xxx slvp perflock released
01-14 17:03:26.463  1162 10001 I OMX-VDEC-1080P: component_init: OMX.qcom.xxx.decoder.avc : fd=32
01-14 17:03:26.479  1162 10001 I OMX-VDEC-1080P: omx_vdec::component_init() success : fd=32
01-14 17:03:26.480 15347 21496 I ACodec  : Successfully allocate component [OMX.qcom.xxx.decoder.avc]
01-14 17:03:26.482 15347 21492 I MediaCodec: configure()
01-14 17:03:26.483 15347 21494 D SurfaceUtils: connecting to surface 0x767e34a010, reason connectToSurface
01-14 17:03:26.483 15347 21494 I MediaCodec: [OMX.qcom.xxx.decoder.avc] setting surface generation to 15715336
01-14 17:03:26.483 15347 21494 D SurfaceUtils: disconnecting from surface 0x767e34a010, reason connectToSurface(reconnect)
01-14 17:03:26.483 15347 21494 D SurfaceUtils: connecting to surface 0x767e34a010, reason connectToSurface(reconnect)
01-14 17:03:26.483 15347 21496 I ACodec  : configureCodec() mime = xxx/avc
01-14 17:03:26.484  1162 11006 E OMX-VDEC-1080P: Enable/Disable allocate-native-handle allowed only on input port!
01-14 17:03:26.484  1162 11006 E OMX-VDEC-1080P: set_parameter: Error: 0x80001019, setting param 0x7f00005d
01-14 17:03:26.484  1162 11006 E OMXNodeInstance: setParameter(0xf2d83204:qcom.decoder.avc, OMX.google.android.index.allocateNativeHandle(0x7f00005d): Output:1 en=0) ERROR: UnsupportedSetting(0x80001019)
01-14 17:03:26.484 15347 21496 I ExtendedACodec: setupxxxDecoder()
01-14 17:03:26.495 15347 21496 I ExtendedACodec: Decoder will be in frame by frame mode
01-14 17:03:26.499  1162  2809 E OMXNodeInstance: getConfig(0xf2d83204:qcom.decoder.avc, ??(0x7f000062)) ERROR: UnsupportedSetting(0x80001019)
01-14 17:03:26.501 15347 21492 I MediaCodec: xxx start()
01-14 17:03:26.506   658   658 W /system/bin/hw/android.hidl.allocator@1.0-service: ashmem_create_region(6078464) returning hidl_memory(0x734382c520, 6078464)
01-14 17:03:26.517   658   658 I chatty  : uid=1000(system) allocator@1.0-s identical 2 lines
01-14 17:03:26.522   658   658 W /system/bin/hw/android.hidl.allocator@1.0-service: ashmem_create_region(6078464) returning hidl_memory(0x734382c520, 6078464)
01-14 17:03:26.527 15347 21496 D SurfaceUtils: set up nativeWindow 0x767e34a010 for 480x480, color 0x7fa30c06, rotation 0, usage 0x20002900
01-14 17:03:26.541 15347 21496 W GrallocMapperPassthrough: buffer descriptor with invalid usage bits 0x2000
01-14 17:03:26.546 15347 21496 I chatty  : uid=10541(com.nemo.starhalo) identical 2 lines
01-14 17:03:26.548 15347 21496 W GrallocMapperPassthrough: buffer descriptor with invalid usage bits 0x2000
01-14 17:03:26.560  1162 10001 E OMXNodeInstance: getConfig(0xf2d83204:qcom.decoder.avc, ??(0x7f000062)) ERROR: UnsupportedSetting(0x80001019)
01-14 17:03:26.571 15347 21496 D SurfaceUtils: set up nativeWindow 0x767e34a010 for 480x480, color 0x7fa30c06, rotation 0, usage 0x20002900
01-14 17:03:26.589  1162 30936 E OMXNodeInstance: getConfig(0xf2d83204:qcom.decoder.avc, ??(0x7f000062)) ERROR: UnsupportedSetting(0x80001019)
01-14 17:03:26.597 15347 21496 W GrallocMapperPassthrough: buffer descriptor with invalid usage bits 0x2000
01-14 17:03:26.600 15347 21496 I chatty  : uid=10541(com.nemo.starhalo) identical 2 lines
01-14 17:03:26.616 15347 21496 W GrallocMapperPassthrough: buffer descriptor with invalid usage bits 0x2000
01-14 17:03:26.620 15347 21481 E Parcel  : Reading a NULL string not supported here.
01-14 17:03:26.421  1627  1645 I chatty  : uid=1000(system) Binder:1627_1 identical 1 line
01-14 17:03:26.618  1627  1645 D NetworkPolicy: uid 10541 is allowed on unmetered network
01-14 17:03:26.632 15347 15347 D ViewRootImpl: swipeFromBottom mIgnoring === false downY 1060 mStatusBarHeight 54
01-14 17:03:26.650  1627  3642 I ActivityManager: START u0 {cmp=com.nemo.starhalo/.ui.base.FragmentContainerActivity (has extras)} from uid 10541 and from pid 15347
01-14 17:03:26.635 15347 21481 I chatty  : uid=10541(com.nemo.starhalo) identical 3 lines
01-14 17:03:26.638 15347 21481 E Parcel  : Reading a NULL string not supported here.
01-14 17:03:26.678  1627  2411 V NetworkPolicy: updateRuleForRestrictBackgroundUL(10144): isForeground=true, isBlacklisted=false, isWhitelisted=true, oldRule=0 (NONE), newRule=1 (ALLOW_METERED), newUidRules=1 (ALLOW_METERED), oldUidRules=0 (NONE)
01-14 17:03:26.678  1627  2411 V NetworkPolicy: setMeteredNetworkWhitelist 10144: true
01-14 17:03:26.678  1627  2411 V NetworkPolicy: updateRulesForPowerRestrictionsUL(10144), isIdle: false, mRestrictPower: false, mDeviceIdleMode: false, isForeground=true, isWhitelisted=true, oldRule=0 (NONE), newRule=0 (NONE), newUidRules=1 (ALLOW_METERED), oldUidRules=1 (ALLOW_METERED)
01-14 17:03:26.679  1627  2410 D NetworkPolicy: uid 10144 is allowed on unmetered network
01-14 17:03:26.692  1627  2411 V NetworkPolicy: updateRuleForRestrictBackgroundUL(10144): isForeground=false, isBlacklisted=false, isWhitelisted=true, oldRule=1 (ALLOW_METERED), newRule=0 (NONE), newUidRules=0 (NONE), oldUidRules=1 (ALLOW_METERED)
01-14 17:03:26.679  1627  2410 I chatty  : uid=1000(system) NetworkPolicy identical 4 lines
01-14 17:03:26.679  1627  2410 D NetworkPolicy: uid 10144 is allowed on unmetered network
01-14 17:03:26.693  1627  2411 V NetworkPolicy: setMeteredNetworkWhitelist 10144: true
01-14 17:03:26.693  1627  2411 V NetworkPolicy: updateRulesForPowerRestrictionsUL(10144), isIdle: false, mRestrictPower: false, mDeviceIdleMode: false, isForeground=false, isWhitelisted=true, oldRule=0 (NONE), newRule=0 (NONE), newUidRules=0 (NONE), oldUidRules=0 (NONE)
01-14 17:03:26.697  1627  2919 D NetworkPolicy: uid 10541 is allowed on unmetered network
01-14 17:03:26.697  1627  2410 D NetworkPolicy: uid 10144 is allowed on unmetered network
01-14 17:03:26.698  1627  2410 I chatty  : uid=1000(system) NetworkPolicy identical 4 lines
01-14 17:03:26.698  1627  2410 D NetworkPolicy: uid 10144 is allowed on unmetered network
01-14 17:03:26.774  1627  2209 D OppoProcessManager: notifyHypnus float window disabled
01-14 17:03:26.782 15347 21483 E Parcel  : Reading a NULL string not supported here.
01-14 17:03:26.793 15347 21483 I chatty  : uid=10541(com.nemo.starhalo) identical 3 lines
01-14 17:03:26.796 15347 21483 E Parcel  : Reading a NULL string not supported here.
01-14 17:03:26.822  1627  2411 V NetworkPolicy: updateRuleForRestrictBackgroundUL(10144): isForeground=true, isBlacklisted=false, isWhitelisted=true, oldRule=0 (NONE), newRule=1 (ALLOW_METERED), newUidRules=1 (ALLOW_METERED), oldUidRules=0 (NONE)
01-14 17:03:26.780  1627  2209 I chatty  : uid=1000(system) android.anim identical 2 lines
01-14 17:03:26.781  1627  2209 D OppoProcessManager: notifyHypnus float window disabled
01-14 17:03:26.822  1627  2411 V NetworkPolicy: setMeteredNetworkWhitelist 10144: true
01-14 17:03:26.822  1627  2411 V NetworkPolicy: updateRulesForPowerRestrictionsUL(10144), isIdle: false, mRestrictPower: false, mDeviceIdleMode: false, isForeground=true, isWhitelisted=true, oldRule=0 (NONE), newRule=0 (NONE), newUidRules=1 (ALLOW_METERED), oldUidRules=1 (ALLOW_METERED)
01-14 17:03:26.822  1627  2410 D NetworkPolicy: uid 10144 is allowed on unmetered network
01-14 17:03:26.823  1627  2410 I chatty  : uid=1000(system) NetworkPolicy identical 4 lines
01-14 17:03:26.823  1627  2410 D NetworkPolicy: uid 10144 is allowed on unmetered network
01-14 17:03:26.838  1627  2919 D NetworkPolicy: uid 10541 is allowed on unmetered network
01-14 17:03:26.847  1627  2411 V NetworkPolicy: updateRuleForRestrictBackgroundUL(10144): isForeground=false, isBlacklisted=false, isWhitelisted=true, oldRule=1 (ALLOW_METERED), newRule=0 (NONE), newUidRules=0 (NONE), oldUidRules=1 (ALLOW_METERED)
01-14 17:03:26.847  1627  2411 V NetworkPolicy: setMeteredNetworkWhitelist 10144: true
01-14 17:03:26.848  1627  2411 V NetworkPolicy: updateRulesForPowerRestrictionsUL(10144), isIdle: false, mRestrictPower: false, mDeviceIdleMode: false, isForeground=false, isWhitelisted=true, oldRule=0 (NONE), newRule=0 (NONE), newUidRules=0 (NONE), oldUidRules=0 (NONE)
01-14 17:03:26.848  1627  2410 D NetworkPolicy: uid 10144 is allowed on unmetered network
01-14 17:03:26.848  1627  2410 I chatty  : uid=1000(system) NetworkPolicy identical 4 lines
01-14 17:03:26.848  1627  2410 D NetworkPolicy: uid 10144 is allowed on unmetered network
01-14 17:03:26.894 15347 15347 D ViewRootImpl: swipeFromBottom mIgnoring === false downY 1060 mStatusBarHeight 54
01-14 17:03:26.920  1627  3642 D NetworkPolicy: uid 10541 is allowed on unmetered network
01-14 17:03:26.925  1627  2919 D NetworkPolicy: uid 10541 is allowed on unmetered network
01-14 17:03:27.105 15347 21481 E Parcel  : Reading a NULL string not supported here.
01-14 17:03:27.116 15347 21481 I chatty  : uid=10541(com.nemo.starhalo) identical 3 lines
01-14 17:03:27.119 15347 21481 E Parcel  : Reading a NULL string not supported here.
01-14 17:03:27.146  1627  2411 V NetworkPolicy: updateRuleForRestrictBackgroundUL(10144): isForeground=true, isBlacklisted=false, isWhitelisted=true, oldRule=0 (NONE), newRule=1 (ALLOW_METERED), newUidRules=1 (ALLOW_METERED), oldUidRules=0 (NONE)
01-14 17:03:26.949  1627  2919 I chatty  : uid=1000(system) Binder:1627_9 identical 1 line
01-14 17:03:26.952  1627  2919 D NetworkPolicy: uid 10541 is allowed on unmetered network
01-14 17:03:27.146  1627  2411 V NetworkPolicy: setMeteredNetworkWhitelist 10144: true
01-14 17:03:27.146  1627  2411 V NetworkPolicy: updateRulesForPowerRestrictionsUL(10144), isIdle: false, mRestrictPower: false, mDeviceIdleMode: false, isForeground=true, isWhitelisted=true, oldRule=0 (NONE), newRule=0 (NONE), newUidRules=1 (ALLOW_METERED), oldUidRules=1 (ALLOW_METERED)
01-14 17:03:27.147  1627  2410 D NetworkPolicy: uid 10144 is allowed on unmetered network
01-14 17:03:27.148  1627  2410 I chatty  : uid=1000(system) NetworkPolicy identical 4 lines
01-14 17:03:27.148  1627  2410 D NetworkPolicy: uid 10144 is allowed on unmetered network
01-14 17:03:27.161  1627  2919 D NetworkPolicy: uid 10541 is allowed on unmetered network
01-14 17:03:27.167  1627  2411 V NetworkPolicy: updateRuleForRestrictBackgroundUL(10144): isForeground=false, isBlacklisted=false, isWhitelisted=true, oldRule=1 (ALLOW_METERED), newRule=0 (NONE), newUidRules=0 (NONE), oldUidRules=1 (ALLOW_METERED)
01-14 17:03:27.167  1627  2411 V NetworkPolicy: setMeteredNetworkWhitelist 10144: true
01-14 17:03:27.167  1627  2411 V NetworkPolicy: updateRulesForPowerRestrictionsUL(10144), isIdle: false, mRestrictPower: false, mDeviceIdleMode: false, isForeground=false, isWhitelisted=true, oldRule=0 (NONE), newRule=0 (NONE), newUidRules=0 (NONE), oldUidRules=0 (NONE)
01-14 17:03:27.168  1627  2410 D NetworkPolicy: uid 10144 is allowed on unmetered network
01-14 17:03:27.169  1627  2410 I chatty  : uid=1000(system) NetworkPolicy identical 4 lines
01-14 17:03:27.169  1627  2410 D NetworkPolicy: uid 10144 is allowed on unmetered network
01-14 17:03:27.251 15347 15347 D ViewRootImpl: swipeFromBottom mIgnoring === false downY 712 mStatusBarHeight 54
01-14 17:03:27.518 15347 15347 D ViewRootImpl: swipeFromBottom mIgnoring === false downY 1059 mStatusBarHeight 54
01-14 17:03:27.532  1627  2919 D NetworkPolicy: uid 10541 is allowed on unmetered network
01-14 17:03:27.678  1627  1645 W Binder  : Outgoing transactions from this process must be FLAG_ONEWAY
01-14 17:03:27.678  1627  1645 W Binder  : java.lang.Throwable
01-14 17:03:27.678  1627  1645 W Binder  : 	at android.os.BinderProxy.transact(Binder.java:754)
01-14 17:03:27.678  1627  1645 W Binder  : 	at android.view.IWindow$Stub$Proxy.isUserDefinedToast(IWindow.java:635)
01-14 17:03:27.678  1627  1645 W Binder  : 	at com.android.server.wm.WindowManagerService.addWindow(WindowManagerService.java:1567)
01-14 17:03:27.678  1627  1645 W Binder  : 	at com.android.server.wm.Session.addToDisplay(Session.java:205)
01-14 17:03:27.678  1627  1645 W Binder  : 	at android.view.IWindowSession$Stub.onTransact(IWindowSession.java:124)
01-14 17:03:27.678  1627  1645 W Binder  : 	at com.android.server.wm.Session.onTransact(Session.java:166)
01-14 17:03:27.678  1627  1645 W Binder  : 	at android.os.Binder.execTransact(Binder.java:697)
01-14 17:03:27.536  1627  2919 I chatty  : uid=1000(system) Binder:1627_9 identical 1 line
01-14 17:03:27.546  1627  2919 D NetworkPolicy: uid 10541 is allowed on unmetered network
01-14 17:03:27.699  1627  1645 D OppoProcessManager: notifyHypnus float window disabled
01-14 17:03:27.712 15347 15347 I Choreographer: Skipped 1 frames!  The application may be doing too much work on its main thread.
01-14 17:03:27.743 15347 21483 E Parcel  : Reading a NULL string not supported here.
01-14 17:03:27.702  1627  1645 D OppoProcessManager: notifyHypnus float window disabled
01-14 17:03:27.746  1627  2209 D OppoProcessManager: notifyHypnus float window enabled
01-14 17:03:27.758 15347 21483 I chatty  : uid=10541(com.nemo.starhalo) identical 3 lines
01-14 17:03:27.762 15347 21483 E Parcel  : Reading a NULL string not supported here.
01-14 17:03:27.773 15347 15347 I Choreographer: Skipped 1 frames!  The application may be doing too much work on its main thread.
01-14 17:03:27.804  1627  2411 V NetworkPolicy: updateRuleForRestrictBackgroundUL(10144): isForeground=true, isBlacklisted=false, isWhitelisted=true, oldRule=0 (NONE), newRule=1 (ALLOW_METERED), newUidRules=1 (ALLOW_METERED), oldUidRules=0 (NONE)
01-14 17:03:27.804  1627  2411 V NetworkPolicy: setMeteredNetworkWhitelist 10144: true
01-14 17:03:27.804  1627  2411 V NetworkPolicy: updateRulesForPowerRestrictionsUL(10144), isIdle: false, mRestrictPower: false, mDeviceIdleMode: false, isForeground=true, isWhitelisted=true, oldRule=0 (NONE), newRule=0 (NONE), newUidRules=1 (ALLOW_METERED), oldUidRules=1 (ALLOW_METERED)
01-14 17:03:27.805  1627  2410 D NetworkPolicy: uid 10144 is allowed on unmetered network
01-14 17:03:27.822 16795 16795 I wpa_supplicant: TDLS: No matching entry found for Teardown 54:27:58:ff:5e:b5
01-14 17:03:27.827 15347 15347 I Choreographer: Skipped 1 frames!  The application may be doing too much work on its main thread.
01-14 17:03:27.805  1627  2410 I chatty  : uid=1000(system) NetworkPolicy identical 4 lines
01-14 17:03:27.806  1627  2410 D NetworkPolicy: uid 10144 is allowed on unmetered network
01-14 17:03:27.828  1627  2919 D NetworkPolicy: uid 10541 is allowed on unmetered network
01-14 17:03:27.840  1627  2411 V NetworkPolicy: updateRuleForRestrictBackgroundUL(10144): isForeground=false, isBlacklisted=false, isWhitelisted=true, oldRule=1 (ALLOW_METERED), newRule=0 (NONE), newUidRules=0 (NONE), oldUidRules=1 (ALLOW_METERED)
01-14 17:03:27.840  1627  2411 V NetworkPolicy: setMeteredNetworkWhitelist 10144: true
01-14 17:03:27.840  1627  2411 V NetworkPolicy: updateRulesForPowerRestrictionsUL(10144), isIdle: false, mRestrictPower: false, mDeviceIdleMode: false, isForeground=false, isWhitelisted=true, oldRule=0 (NONE), newRule=0 (NONE), newUidRules=0 (NONE), oldUidRules=0 (NONE)
01-14 17:03:27.841  1627  2410 D NetworkPolicy: uid 10144 is allowed on unmetered network
01-14 17:03:27.842  1627  2410 I chatty  : uid=1000(system) NetworkPolicy identical 4 lines
01-14 17:03:27.842  1627  2410 D NetworkPolicy: uid 10144 is allowed on unmetered network
01-14 17:03:27.898 15347 15347 D ViewRootImpl: swipeFromBottom mIgnoring === false downY 179 mStatusBarHeight 54
01-14 17:03:27.917 15347 15347 V SensorManager: unRegisterListener by com.nemo.starhalo.f.v$a
01-14 17:03:27.923 15347 21409 W SimpleExoxxx: xxx is accessed on the wrong thread. See https://google.github.io/Exoxxx/faqs.html#what-do-xxx-is-accessed-on-the-wrong-thread-warnings-mean
01-14 17:03:27.923 15347 21409 W SimpleExoxxx: java.lang.IllegalStateException
01-14 17:03:27.923 15347 21409 W SimpleExoxxx: 	at com.google.android.exoxxx2.y.u(SourceFile:1192)
01-14 17:03:27.923 15347 21409 W SimpleExoxxx: 	at com.google.android.exoxxx2.y.g(SourceFile:848)
01-14 17:03:27.923 15347 21409 W SimpleExoxxx: 	at com.nemo.starhalo.xxx.a.c$b.run(SourceFile:420)
01-14 17:03:27.923 15347 21409 W SimpleExoxxx: 	at java.util.concurrent.ThreadPoolExecutor.runWorker(ThreadPoolExecutor.java:1162)
01-14 17:03:27.923 15347 21409 W SimpleExoxxx: 	at java.util.concurrent.ThreadPoolExecutor$Worker.run(ThreadPoolExecutor.java:636)
01-14 17:03:27.923 15347 21409 W SimpleExoxxx: 	at java.lang.Thread.run(Thread.java:764)
01-14 17:03:27.928 16795 16795 I wpa_supplicant: TDLS: No matching entry found for Teardown 54:27:58:ff:5e:b5
01-14 17:03:27.928   683   771 E ANDR-PERF-MPCTL: Invalid profile no. 0, total profiles 0 only
01-14 17:03:27.929 16795 16795 I wpa_supplicant: TDLS: No matching entry found for Teardown 54:27:58:ff:5e:b5
01-14 17:03:27.943  1627  2886 D NetworkPolicy: uid 10541 is allowed on unmetered network
01-14 17:03:27.947  1627  2919 D NetworkPolicy: uid 10541 is allowed on unmetered network
01-14 17:03:27.953  1627  2886 D NetworkPolicy: uid 10541 is allowed on unmetered network
01-14 17:03:27.929 16795 16795 I chatty  : uid=1010(wifi) /vendor/bin/hw/wpa_supplicant identical 4 lines
01-14 17:03:27.929 16795 16795 I wpa_supplicant: TDLS: No matching entry found for Teardown 54:27:58:ff:5e:b5
01-14 17:03:28.153 15347 15347 I Choreographer: Skipped 1 frames!  The application may be doing too much work on its main thread.
01-14 17:03:28.291 15347 15347 I Choreographer: Skipped 1 frames!  The application may be doing too much work on its main thread.
01-14 17:03:28.299 15347 21492 I MediaCodec: stop()
01-14 17:03:28.300 15347 15347 I ExoxxxImpl: Release f22ee47 [ExoxxxLib/2.9.4] [CPH1803, CPH1803, OPPO, 27] [goog.exo.core, goog.exo.okhttp]
01-14 17:03:28.319 15347 21494 D SurfaceUtils: disconnecting from surface 0x767e34a010, reason disconnectFromSurface
01-14 17:03:28.321 15347 21492 I MediaCodec: xxx release()
01-14 17:03:28.322  1162  2801 I OMX-VDEC-1080P: omx_vdec::component_deinit() complete
01-14 17:03:28.328  1162  2801 I OMX-VDEC-1080P: Exit OMX vdec Destructor: fd=32
01-14 17:03:28.328   683   771 E ANDR-PERF-MPCTL: Invalid profile no. 0, total profiles 0 only
01-14 17:03:28.328  1162  2801 I OMX-VDEC-1080P: xxx slvp perflock acquired
01-14 17:03:28.331 15347 21492 I MediaCodec: ~MediaCodec()
01-14 17:03:28.331 15347 21492 W MediaAnalyticsItem: Unable to record: (codec:0:-1:-11:0:10:android.media.mediacodec.codec=OMX.qcom.xxx.decoder.avc:android.media.mediacodec.mode=xxx:android.media.mediacodec.secure=0:android.media.mediacodec.width=480:android.media.mediacodec.height=480:android.media.mediacodec.rotation-degrees=0:android.media.mediacodec.maxwidth=480:android.media.mediacodec.maxheight=480:android.media.mediacodec.mime=xxx/avc:android.media.mediacodec.bytesin=31019:) [forcenew=0]
01-14 17:03:28.331 15347 21492 I ACodec  : ~ACodec()
01-14 17:03:28.337 15347 15347 V SensorManager: unRegisterListener by com.nemo.starhalo.f.v$a
01-14 17:03:28.344 15347 21406 I MediaCodec: stop()
01-14 17:03:28.345 15347 15347 I ExoxxxImpl: Release b325720 [ExoxxxLib/2.9.4] [CPH1803, CPH1803, OPPO, 27] [goog.exo.core, goog.exo.okhttp]
01-14 17:03:28.355 15347 21439 D SurfaceUtils: disconnecting from surface 0x768210f010, reason disconnectFromSurface
01-14 17:03:28.356 15347 21406 I MediaCodec: xxx release()
01-14 17:03:28.356  1162  2801 I OMX-VDEC-1080P: omx_vdec::component_deinit() complete
01-14 17:03:28.361  1162  2801 I OMX-VDEC-1080P: Exit OMX vdec Destructor: fd=7
01-14 17:03:28.361  1162  2801 I OMX-VDEC-1080P: xxx slvp perflock released
01-14 17:03:28.365 15347 21406 I MediaCodec: ~MediaCodec()
01-14 17:03:28.365 15347 21406 W MediaAnalyticsItem: Unable to record: (codec:0:-1:-11:0:10:android.media.mediacodec.codec=OMX.qcom.xxx.decoder.avc:android.media.mediacodec.mode=xxx:android.media.mediacodec.secure=0:android.media.mediacodec.width=640:android.media.mediacodec.height=592:android.media.mediacodec.rotation-degrees=0:android.media.mediacodec.maxwidth=640:android.media.mediacodec.maxheight=592:android.media.mediacodec.mime=xxx/avc:android.media.mediacodec.bytesin=45664:) [forcenew=0]
01-14 17:03:28.365 15347 21406 I ACodec  : ~ACodec()
01-14 17:03:28.367 15347 21406 I MediaCodec: stop()
01-14 17:03:28.367 15347 21502 D AudioTrack: flush() output 21 stream 3 session 473 state 1
01-14 17:03:28.368 15347 21502 D AudioTrack: stop() output 21 stream 3 session 473 state 4
01-14 17:03:28.369 15347 21502 D AudioTrack: ~AudioTrack, releasing mStatus =0 session id 473 from 15347 on behalf of 15347
01-14 17:03:28.369 15347 21502 D AudioTrack: stop() output 21 stream 3 session 473 state 4
01-14 17:03:28.371 15347 21406 I MediaCodec: Audio release()
01-14 17:03:28.372 15347 21406 I MediaCodec: ~MediaCodec()
01-14 17:03:28.373 15347 21406 W MediaAnalyticsItem: Unable to record: (codec:0:-1:-11:0:5:android.media.mediacodec.codec=OMX.google.aac.decoder:android.media.mediacodec.mode=audio:android.media.mediacodec.secure=0:android.media.mediacodec.mime=audio/mp4a-latm:android.media.mediacodec.bytesin=5094:) [forcenew=0]
01-14 17:03:28.373 15347 21406 I ACodec  : ~ACodec()
01-14 17:03:28.376 15347 15347 V SensorManager: unRegisterListener by com.nemo.starhalo.f.v$a
01-14 17:03:28.418 15347 21386 D libc-netbsd: [getaddrinfo]:  hostname=vda.starhalo.mobi;  servname=(null);  app_pid=15347;  app_uid=10541;  ai_flags=1024;  ai_family=0; ai_socktype=1 from prox result 0
01-14 17:03:28.442 15347 21415 D libc-netbsd: [getaddrinfo]:  hostname=vd.starhalo.mobi;  servname=(null);  app_pid=15347;  app_uid=10541;  ai_flags=1024;  ai_family=0; ai_socktype=1 from prox result 0
01-14 17:03:28.448 15347 15347 D ViewRootImpl: swipeFromBottom mIgnoring === false downY 179 mStatusBarHeight 54
01-14 17:03:28.450 15347 15347 I Choreographer: Skipped 8 frames!  The application may be doing too much work on its main thread.
01-14 17:03:28.501   683   771 E ANDR-PERF-MPCTL: Invalid profile no. 0, total profiles 0 only
01-14 17:03:28.501 15347 15347 I Choreographer: Skipped 2 frames!  The application may be doing too much work on its main thread.
01-14 17:03:28.544 15347 15347 W StaticLayout: maxLineHeight should not be -1.  maxLines:1 lineCount:1
01-14 17:03:28.601 15347 15347 I Choreographer: Skipped 5 frames!  The application may be doing too much work on its main thread.
01-14 17:03:28.644 15347 15347 I Choreographer: Skipped 2 frames!  The application may be doing too much work on its main thread.
01-14 17:03:28.697 15347 15347 I Choreographer: Skipped 1 frames!  The application may be doing too much work on its main thread.
01-14 17:03:28.925 15347 15347 D ViewRootImpl: swipeFromBottom mIgnoring === false downY 98 mStatusBarHeight 54
01-14 17:03:28.935  1627  2919 I ActivityManager: START u0 {cmp=com.nemo.starhalo/.ui.tag.SearchActivity (has extras)} from uid 10541 and from pid 15347
01-14 17:03:29.180 15347 15347 D ViewRootImpl: swipeFromBottom mIgnoring === false downY 712 mStatusBarHeight 54
01-14 17:03:28.916 15347 15347 I Choreographer: Skipped 1 frames!  The application may be doing too much work on its main thread.
01-14 17:03:29.197 15347 15347 I ExoxxxImpl: Init b02197 [ExoxxxLib/2.9.4] [CPH1803, CPH1803, OPPO, 27]
01-14 17:03:29.218  1627  2919 D NetworkPolicy: uid 10541 is allowed on unmetered network
01-14 17:03:29.221  1627  2919 D NetworkPolicy: uid 10541 is allowed on unmetered network
01-14 17:03:29.234  1627  2700 D NetworkPolicy: uid 10541 is allowed on unmetered network
01-14 17:03:29.255 15347 21506 I MediaCodec: CreateByComponentName(), name = OMX.qcom.xxx.decoder.avc
01-14 17:03:29.255 15347 21506 I MediaCodec: new MediaCodec()
01-14 17:03:29.255 15347 21506 I ACodec  : new ACodec()
01-14 17:03:29.256 15347 21510 I ACodec  : onAllocateComponent()
01-14 17:03:29.257 15347 21510 I ACodec  : ----------------------------------------
01-14 17:03:29.257 15347 21510 I ACodec  : matched component [OMX.qcom.xxx.decoder.avc]
01-14 17:03:29.257 15347 21510 I ACodec  : ----------------------------------------
01-14 17:03:29.258 15347 21510 I OMXClient: Treble IOmx obtained
01-14 17:03:29.259  1162  2801 I OMXMaster: makeComponentInstance(OMX.qcom.xxx.decoder.avc) in omx@1.0-service process
01-14 17:03:29.262  1162  2801 E         : Service not available yet
01-14 17:03:29.267  1162  2801 I OMX-VDEC-1080P: xxx slvp perflock acquired
01-14 17:03:29.267   683   771 E ANDR-PERF-MPCTL: Invalid profile no. 0, total profiles 0 only
01-14 17:03:29.268  1162  2801 I OMX-VDEC-1080P: component_init: OMX.qcom.xxx.decoder.avc : fd=7
01-14 17:03:29.274  1162  2801 I OMX-VDEC-1080P: omx_vdec::component_init() success : fd=7
01-14 17:03:29.274 15347 21510 I ACodec  : Successfully allocate component [OMX.qcom.xxx.decoder.avc]
01-14 17:03:29.276 15347 21506 I MediaCodec: configure()
01-14 17:03:29.277 15347 21509 D SurfaceUtils: connecting to surface 0x767eb5d010, reason connectToSurface
01-14 17:03:29.277 15347 21509 I MediaCodec: [OMX.qcom.xxx.decoder.avc] setting surface generation to 15715337
01-14 17:03:29.277 15347 21509 D SurfaceUtils: disconnecting from surface 0x767eb5d010, reason connectToSurface(reconnect)
01-14 17:03:29.277 15347 21509 D SurfaceUtils: connecting to surface 0x767eb5d010, reason connectToSurface(reconnect)
01-14 17:03:29.278 15347 21510 I ACodec  : configureCodec() mime = xxx/avc
01-14 17:03:29.278  1162 11006 E OMX-VDEC-1080P: Enable/Disable allocate-native-handle allowed only on input port!
01-14 17:03:29.278  1162 11006 E OMX-VDEC-1080P: set_parameter: Error: 0x80001019, setting param 0x7f00005d
01-14 17:03:29.278  1162 11006 E OMXNodeInstance: setParameter(0xec86c5c4:qcom.decoder.avc, OMX.google.android.index.allocateNativeHandle(0x7f00005d): Output:1 en=0) ERROR: UnsupportedSetting(0x80001019)
01-14 17:03:29.278 15347 21510 I ExtendedACodec: setupxxxDecoder()
01-14 17:03:29.282 15347 21510 I ExtendedACodec: Decoder will be in frame by frame mode
01-14 17:03:29.284  1162 11006 E OMXNodeInstance: getConfig(0xec86c5c4:qcom.decoder.avc, ??(0x7f000062)) ERROR: UnsupportedSetting(0x80001019)
01-14 17:03:29.286 15347 21506 I MediaCodec: xxx start()
01-14 17:03:29.288   658   658 W /system/bin/hw/android.hidl.allocator@1.0-service: ashmem_create_region(6078464) returning hidl_memory(0x734382c520, 6078464)
01-14 17:03:29.292   658   658 I chatty  : uid=1000(system) allocator@1.0-s identical 2 lines
01-14 17:03:29.295   658   658 W /system/bin/hw/android.hidl.allocator@1.0-service: ashmem_create_region(6078464) returning hidl_memory(0x734382c520, 6078464)
01-14 17:03:29.298 15347 21510 D SurfaceUtils: set up nativeWindow 0x767eb5d010 for 640x592, color 0x7fa30c06, rotation 0, usage 0x20002900
01-14 17:03:29.305 15347 21510 W GrallocMapperPassthrough: buffer descriptor with invalid usage bits 0x2000
