01-14 17:03:29.307 15347 21506 I MediaCodec: CreateByComponentName(), name = OMX.google.aac.decoder
01-14 17:03:29.307 15347 21506 I MediaCodec: new MediaCodec()
01-14 17:03:29.308 15347 21506 I ACodec  : new ACodec()
01-14 17:03:29.308 15347 21514 I ACodec  : onAllocateComponent()
01-14 17:03:29.308 15347 21510 W GrallocMapperPassthrough: buffer descriptor with invalid usage bits 0x2000
01-14 17:03:29.309 15347 21514 I ACodec  : ----------------------------------------
01-14 17:03:29.309 15347 21514 I ACodec  : matched component [OMX.google.aac.decoder]
01-14 17:03:29.309 15347 21514 I ACodec  : ----------------------------------------
01-14 17:03:29.310 15347 21510 W GrallocMapperPassthrough: buffer descriptor with invalid usage bits 0x2000
01-14 17:03:29.311 15347 21510 W GrallocMapperPassthrough: buffer descriptor with invalid usage bits 0x2000
01-14 17:03:29.314 15347 21514 I OMXClient: Treble IOmx obtained
01-14 17:03:29.315  1162 30936 I OMXMaster: makeComponentInstance(OMX.google.aac.decoder) in omx@1.0-service process
01-14 17:03:29.316 15347 21514 I ACodec  : Successfully allocate component [OMX.google.aac.decoder]
01-14 17:03:29.316  1162  2801 E OMXNodeInstance: getConfig(0xec86c5c4:qcom.decoder.avc, ??(0x7f000062)) ERROR: UnsupportedSetting(0x80001019)
01-14 17:03:29.317 15347 21506 I MediaCodec: configure()
01-14 17:03:29.317  1162  2801 E OMXNodeInstance: setConfig(0xf3123980:google.aac.decoder, ConfigPriority(0x6f800002)) ERROR: Undefined(0x80001001)
01-14 17:03:29.317 15347 21514 I ACodec  : codec does not support config priority (err -2147483648)
01-14 17:03:29.317 15347 21514 I ACodec  : configureCodec() mime = audio/mp4a-latm
01-14 17:03:29.318  1162  1357 E OMXNodeInstance: setConfig(0xf3123980:google.aac.decoder, ConfigPriority(0x6f800002)) ERROR: Undefined(0x80001001)
01-14 17:03:29.318 15347 21514 I ACodec  : codec does not support config priority (err -2147483648)
01-14 17:03:29.319  1162 30937 E OMXNodeInstance: getConfig(0xf3123980:google.aac.decoder, ConfigAndroidVendorExtension(0x6f100004)) ERROR: Undefined(0x80001001)
01-14 17:03:29.319 15347 21514 W ExtendedACodec: Failed to get extension for extradata parameter
01-14 17:03:29.319 15347 21506 I MediaCodec: Audio start()
01-14 17:03:29.322   658   658 W /system/bin/hw/android.hidl.allocator@1.0-service: ashmem_create_region(8192) returning hidl_memory(0x734382c520, 8192)
01-14 17:03:29.323   658   658 I chatty  : uid=1000(system) allocator@1.0-s identical 2 lines
01-14 17:03:29.324   658   658 W /system/bin/hw/android.hidl.allocator@1.0-service: ashmem_create_region(8192) returning hidl_memory(0x734382c520, 8192)
01-14 17:03:29.324 15347 21510 D SurfaceUtils: set up nativeWindow 0x767eb5d010 for 640x592, color 0x7fa30c06, rotation 0, usage 0x20002900
01-14 17:03:29.326   658   658 W /system/bin/hw/android.hidl.allocator@1.0-service: ashmem_create_region(32768) returning hidl_memory(0x734382c520, 32768)
01-14 17:03:29.327   658   658 I chatty  : uid=1000(system) allocator@1.0-s identical 2 lines
01-14 17:03:29.327   658   658 W /system/bin/hw/android.hidl.allocator@1.0-service: ashmem_create_region(32768) returning hidl_memory(0x734382c520, 32768)
01-14 17:03:29.331  1162 21515 I SoftAAC2: Reconfiguring decoder: 0->44100 Hz, 0->2 channels
01-14 17:03:29.335   658   658 W /system/bin/hw/android.hidl.allocator@1.0-service: ashmem_create_region(32768) returning hidl_memory(0x734382c520, 32768)
01-14 17:03:29.336   658   658 I chatty  : uid=1000(system) allocator@1.0-s identical 2 lines
01-14 17:03:29.337   658   658 W /system/bin/hw/android.hidl.allocator@1.0-service: ashmem_create_region(32768) returning hidl_memory(0x734382c520, 32768)
01-14 17:03:29.341  1162  2801 E OMXNodeInstance: getConfig(0xec86c5c4:qcom.decoder.avc, ??(0x7f000062)) ERROR: UnsupportedSetting(0x80001019)
01-14 17:03:29.342  1162 10113 E OMXNodeInstance: getConfig(0xec86c5c4:qcom.decoder.avc, ??(0x7f000062)) ERROR: UnsupportedSetting(0x80001019)
01-14 17:03:29.343 15347 21510 W GrallocMapperPassthrough: buffer descriptor with invalid usage bits 0x2000
01-14 17:03:29.345 15347 21510 W GrallocMapperPassthrough: buffer descriptor with invalid usage bits 0x2000
01-14 17:03:29.345  1139 16763 I AudioPolicyManagerCustom: setting force DEEP buffer now 
01-14 17:03:29.346  1139 29301 I AudioPolicyManagerCustom: setting force DEEP buffer now 
01-14 17:03:29.346  1139 10527 I AudioPolicyManagerCustom: setting force DEEP buffer now 
01-14 17:03:29.348   659 30222 D audio_hw_spkr_prot: audio_extn_fbsp_get_parameters: Speaker protection disabled
01-14 17:03:29.348   659 30222 D audio_hw_extn: audio_extn_get_parameters: returns 
01-14 17:03:29.348 15347 21506 D mmscene : getHint applicationScene=com.nemo.starhalo,idx=5 none
01-14 17:03:29.348 15347 21506 D OppoSmartVolume: mEnginerringFeatureSwtich:1, mSmartVolumeAPKSwtich:-22, mSmartVolumePcmDumpSwitch:0
01-14 17:03:29.348 15347 21506 D OppoSmartVolume: mWechatDbLevel:19, mWechatUseDynamicMode:1
01-14 17:03:29.349 15347 21506 D AudioTrack: set() streamType -1, sampleRate 44100, format 0x1, channelMask 0x3, frameCount 14144, flags #0, notificationFrames 0, sessionId 0, transferType 3, uid -1, pid -1 cbf 1
01-14 17:03:29.349 15347 21506 D AudioTrack: gATLogLevel = 0
01-14 17:03:29.349  1139 29301 D voice_scence_discern: add name:sample_rate,  value:44100
01-14 17:03:29.349  1139 29301 V voice_scence_discern: add name:sample_rate value:44100 list:0xe1524ca0
01-14 17:03:29.349  1139 29301 D voice_scence_discern: add name:channels,  value:2
01-14 17:03:29.349  1139 29301 V voice_scence_discern: add name:channels value:2 list:0xe1524ca0
01-14 17:03:29.349  1139 29301 D voice_scence_discern: get scence process pid:15347, name:com.nemo.starhalo
01-14 17:03:29.349  1139 29301 V voice_scence_discern: this process not in init apk. apk_list:0xe156a1b0
01-14 17:03:29.350   659 30222 D compress_voip: voice_extn_compress_voip_out_get_parameters: enter
01-14 17:03:29.350 15347 21506 D AudioTrack: createTrack_l() output 21 afLatency 80
01-14 17:03:29.351 15347 21506 D AudioTrack: Client defaulted notificationFrames to 4714 for frameCount 14144
01-14 17:03:29.353 16795 16795 I wpa_supplicant: TDLS: No matching entry found for Teardown 54:27:58:ff:5e:b5
01-14 17:03:29.366 16795 16795 I chatty  : uid=1010(wifi) /vendor/bin/hw/wpa_supplicant identical 23 lines
01-14 17:03:29.367 16795 16795 I wpa_supplicant: TDLS: No matching entry found for Teardown 54:27:58:ff:5e:b5
01-14 17:03:29.367 15347 21510 W GrallocMapperPassthrough: buffer descriptor with invalid usage bits 0x2000
01-14 17:03:29.367 16795 16795 I wpa_supplicant: TDLS: No matching entry found for Teardown 54:27:58:ff:5e:b5
01-14 17:03:29.372 16795 16795 I chatty  : uid=1010(wifi) /vendor/bin/hw/wpa_supplicant identical 25 lines
01-14 17:03:29.372 16795 16795 I wpa_supplicant: TDLS: No matching entry found for Teardown 54:27:58:ff:5e:b5
01-14 17:03:29.374 15347 21506 D AudioTrack: start() output 21 stream 3 session 481 state 1
01-14 17:03:29.374  1627  2919 V MediaRouterService: restoreBluetoothA2dp(false)
01-14 17:03:29.374  1627  2919 D AudioService: setBluetoothScoOn mBluetoothA2dpEnabled = false, on = false, mIsExportPrjversion = true
01-14 17:03:29.374  1139  1379 D APM_AudioPolicyManager: startOutput() output 21, stream 3, session 481
01-14 17:03:29.374  1139  1379 D AudioPolicyManagerCustom: startSource output 21 first active
01-14 17:03:29.374  1139  1379 W AudioFlinger: moveEffectChain_l() effect chain for session 0 not on source thread 0xe0f0c880
01-14 17:03:29.374  1139  1379 D APM_AudioPolicyManager: setOutputDevice() output 21 device 0002 force 0 delayMs 0
01-14 17:03:29.375  1139 16763 D LocalSocketClient: sendMessage info 1:481,3 info length 7
01-14 17:03:29.375  1139 16763 D LocalSocketClient: sendMessage end
01-14 17:03:29.375  1139 16763 D AudioFlinger: Notify dirac service when music track add
01-14 17:03:29.376  1627  2536 D LocalSocketServer: new client coming !
01-14 17:03:29.376  1627  2536 D LocalSocketServer: wait for new client coming !
01-14 17:03:29.376  1627  9894 D LocalSocketServer: readBytes = 7
01-14 17:03:29.376  1139 21518 D AudioFlinger: socketSendString +++
01-14 17:03:29.376  1627  9894 D LocalSocketServer: ClientSocket read info = 1:481,3
01-14 17:03:29.377  3800  4945 D DiracDetectSceneService: +new tast
01-14 17:03:29.377  3800  4945 D DiracDetectSceneService: -new tast
01-14 17:03:29.377  1139 21518 D AudioFlinger: socketSendString ---
01-14 17:03:29.378   659  9884 D audio_hw_primary: start_output_stream: enter: stream(0xe9916800)usecase(0: deep-buffer-playback) devices(0x2)
01-14 17:03:29.378   659  9884 D audio_hw_primary: start_output_stream: out->scence:0
01-14 17:03:29.379   659  9884 D audio_hw_primary: select_devices for use case (deep-buffer-playback)
01-14 17:03:29.379   659  9884 D OPPO_AUDIO_SCENCE: handle:21, scence:0, out->usecase:0
01-14 17:03:29.379   659  9884 D OPPO_AUDIO_SCENCE: get_output_snd_device_common: is_tmgp_foreground 1
01-14 17:03:29.379   659  9884 D audio_hw_primary: select_devices: out_snd_device(2: speaker) in_snd_device(0: )
01-14 17:03:29.379   659  9884 I msm8916_platform: platform_check_and_set_codec_backend_cfg:becf: afe: bitwidth 16, samplerate 48000 channels 1, backend_idx 0 usecase = 0 device (speaker)
01-14 17:03:29.379   659  9884 D msm8916_platform: platform_split_snd_device: snd_device(2) num devices(1) new_snd_devices(0)
01-14 17:03:29.379   659  9884 I msm8916_platform: platform_check_and_set_codec_backend_cfg: becf: new_snd_devices[0] is speaker
01-14 17:03:29.379   659  9884 I msm8916_platform: platform_check_codec_backend_cfg:becf: afe: Codec selected backend: 0 current bit width: 16 sample rate: 48000 channels: 1 usecase 0 device (speaker)
01-14 17:03:29.379   659  9884 D msm8916_platform: platform_check_codec_backend_cfg:becf: afe: playback on codec device not supporting native playback set default Sample Rate(48k)
01-14 17:03:29.379   659  9884 D msm8916_platform: platform_check_codec_backend_cfg:becf: afe: only 48KHZ sample rate is supported Configure afe to default Sample Rate(48k)
01-14 17:03:29.379   659  9884 I msm8916_platform: platform_check_codec_backend_cfg:becf: afe: Codec selected backend: 0 updated bit width: 16 sample rate: 48000 channels: 1
01-14 17:03:29.379   659  9884 D audio_hw_primary: check_usecases_codec_backend:becf: force routing 0
01-14 17:03:29.379   659  9884 E msm8916_platform: platform_check_backends_match: Invalid snd_device = 
01-14 17:03:29.379   659  9884 D audio_hw_primary: check_usecases_codec_backend:becf: (63) check_usecases curr device: speaker, usecase device: backends match 0
01-14 17:03:29.379   659  9884 D audio_hw_primary: check_usecases_codec_backend:becf: check_usecases num.of Usecases to switch 0
01-14 17:03:29.379   659  9884 D hardware_info: hw_info_append_hw_type : device_name = speaker
01-14 17:03:29.379   659  9884 D msm8916_platform: platform_split_snd_device: snd_device(2) num devices(0) new_snd_devices(0)
01-14 17:03:29.379   659  9884 D audio_hw_primary: enable_snd_device: snd_device(2: speaker)
01-14 17:03:29.379   659  9884 D audio_route: Apply path: speaker
01-14 17:03:29.380  3800 10173 D DiracDetectSceneService: Task.run, effectenable = true
01-14 17:03:29.381 15347 15553 E qdgralloc: Unknown Color Space = 5
01-14 17:03:29.381  1139 16763 D AudioFlinger: getActiveAudioPids pids = :15347
01-14 17:03:29.381  3800 10173 D DiracDetectSceneService: checkAndSetDirac : activeAudioPids = :15347
01-14 17:03:29.381  3800 10173 D DiracDetectSceneService: activePidList = [15347]
01-14 17:03:29.383   659  9884 E soundtrigger: audio_extn_sound_trigger_update_stream_status: invalid input device 0x0, for event 3
01-14 17:03:29.383   659  9884 D soundtrigger: audio_extn_sound_trigger_update_stream_status: uc_info->id 0 of type 0 for Event 3, with Raise=1
01-14 17:03:29.383   659  9884 D sound_trigger_platform: platform_stdev_check_and_update_concurrency: concurrency active 0, tx 0, rx 1, concurrency session_allowed 1
01-14 17:03:29.383   659  9884 D audio_hw_utils: audio_extn_utils_send_app_type_cfg: usecase->out_snd_device speaker
01-14 17:03:29.383   659  9884 D msm8916_platform: platform_split_snd_device: snd_device(2) num devices(0) new_snd_devices(0)
01-14 17:03:29.383   659  9884 D audio_hw_utils: audio_extn_btsco_get_sample_rate:Not a BT SCO device, need not update sampling rate
01-14 17:03:29.383   659  9884 I audio_hw_utils: send_app_type_cfg_for_device PLAYBACK app_type 69936, acdb_dev_id 15, sample_rate 48000, snd_device_be_idx 43
01-14 17:03:29.384   659  9884 D msm8916_platform: platform_split_snd_device: snd_device(2) num devices(1) new_snd_devices(0)
01-14 17:03:29.384   659  9884 D ACDB-LOADER: ACDB -> send_audio_cal, acdb_id = 15, path = 0, app id = 0x11130, sample rate = 48000
01-14 17:03:29.384   659  9884 D ACDB-LOADER: ACDB -> send_asm_topology
01-14 17:03:29.384   659  9884 D ACDB-LOADER: ACDB -> ACDB_CMD_GET_AUDPROC_STREAM_TOPOLOGY_ID
01-14 17:03:29.384   659  9884 D ACDB-LOADER: ACDB -> send_adm_topology
01-14 17:03:29.384   659  9884 D ACDB-LOADER: ACDB -> ACDB_CMD_GET_AUDPROC_COMMON_TOPOLOGY_ID
01-14 17:03:29.384   659  9884 D ACDB-LOADER: ACDB -> send_audtable
01-14 17:03:29.384   659  9884 D ACDB-LOADER: ACDB -> ACDB_CMD_GET_AUDPROC_COMMON_TABLE_SIZE
01-14 17:03:29.384   659  9884 D ACDB-LOADER: ACDB -> ACDB_CMD_GET_AUDPROC_COMMON_TABLE
01-14 17:03:29.384   659  9884 D ACDB-LOADER: ACDB -> AUDIO_SET_AUDPROC_CAL
01-14 17:03:29.384   659  9884 D ACDB-LOADER: ACDB -> send_audvoltable
01-14 17:03:29.384   659  9884 D ACDB-LOADER: ACDB -> ACDB_CMD_GET_AUDPROC_VOL_STEP_TABLE_SIZE
01-14 17:03:29.384   659  9884 D ACDB-LOADER: ACDB -> ACDB_CMD_GET_AUDPROC_GAIN_DEP_STEP_TABLE, vol index 0
01-14 17:03:29.384   659  9884 D         : Failed to fetch the lookup information of the device 0000000F 
01-14 17:03:29.384   659  9884 E ACDB-LOADER: Error: ACDB AudProc vol returned = -19
01-14 17:03:29.385   659  9884 D ACDB-LOADER: ACDB -> AUDIO_SET_VOL_CAL cal type = 12
01-14 17:03:29.385   659  9884 D ACDB-LOADER: ACDB -> ACDB_CMD_GET_AUDPROC_STREAM_TABLE_SIZE
01-14 17:03:29.385   659  9884 D ACDB-LOADER: ACDB -> send_audstrmtable
01-14 17:03:29.385   659  9884 D ACDB-LOADER: ACDB -> ACDB_CMD_GET_AUDPROC_STREAM_TABLE_V2
01-14 17:03:29.385   659  9884 D ACDB-LOADER: ACDB -> audstrm_cal->cal_type.cal_data.cal_size = 456
01-14 17:03:29.385   659  9884 D ACDB-LOADER: ACDB -> send_afe_topology
01-14 17:03:29.385   659  9884 D ACDB-LOADER: ACDB -> ACDB_CMD_GET_AFE_TOPOLOGY_ID
01-14 17:03:29.385   659  9884 D ACDB-LOADER: ACDB -> GET_AFE_TOPOLOGY_ID for adcd_id 15, Topology Id 1025e
01-14 17:03:29.385   659  9884 D ACDB-LOADER: ACDB -> send_afe_cal
01-14 17:03:29.385   659  9884 D ACDB-LOADER: ACDB -> ACDB_CMD_GET_AFE_COMMON_TABLE_SIZE
01-14 17:03:29.385   659  9884 D ACDB-LOADER: ACDB -> ACDB_CMD_GET_AFE_COMMON_TABLE
01-14 17:03:29.385   659  9884 D ACDB-LOADER: ACDB -> AUDIO_SET_AFE_CAL
01-14 17:03:29.385   659  9884 D ACDB-LOADER: ACDB -> send_hw_delay : acdb_id = 15 path = 0
01-14 17:03:29.385   659  9884 D ACDB-LOADER: ACDB -> ACDB_AVSYNC_INFO: ACDB_CMD_GET_DEVICE_PROPERTY
01-14 17:03:29.385   659  9884 D audio_hw_primary: enable_audio_route: apply mixer and update path: deep-buffer-playback
01-14 17:03:29.385   659  9884 D audio_route: Apply path: deep-buffer-playback
01-14 17:03:29.386   659  9884 E msm8916_platform: platform_get_snd_device_acdb_id: Invalid snd_device = 0
01-14 17:03:29.386   659  9884 D audio_hw_primary: select_devices: acdb_id_in: -22   |  acdb_id_out: 15 speaker
01-14 17:03:29.386   659  9884 D audio_hw_primary: select_devices: done
01-14 17:03:29.388   659  9884 D msm8916_platform: platform_set_channel_map mixer_ctl_name:Playback Channel Map0
01-14 17:03:29.389   659  9884 D msm8916_platform: platform_set_channel_map: set mapping(1 2 0 0 0 0 0 0) for channel:2
01-14 17:03:29.390  3800 10173 D DiracDetectSceneService: activeAudioAppList = [com.nemo.starhalo]
01-14 17:03:29.390  3800 10173 D DiracDetectSceneService: this case is not in app list
01-14 17:03:29.390  3800 10173 D OppoDiracService: setDiracEffectInternal +++ enable = false mode = NONE
01-14 17:03:29.390  3800 10173 D OppoDiracService: setDiracEffectInternal --- Dirac internal already disabled
01-14 17:03:29.401  1627  2700 D NetworkPolicy: uid 10541 is allowed on unmetered network
01-14 17:03:29.417 15347 21507 E Parcel  : Reading a NULL string not supported here.
01-14 17:03:29.443 15347 15347 D ViewRootImpl: swipeFromBottom mIgnoring === false downY 1082 mStatusBarHeight 54
01-14 17:03:29.451  1627  2919 I ActivityManager: START u0 {cmp=com.nemo.starhalo/.ui.base.FragmentContainerActivity (has extras)} from uid 10541 and from pid 15347
01-14 17:03:29.428 15347 21507 I chatty  : uid=10541(com.nemo.starhalo) identical 3 lines
01-14 17:03:29.431 15347 21507 E Parcel  : Reading a NULL string not supported here.
01-14 17:03:29.455 16795 16795 I wpa_supplicant: TDLS: No matching entry found for Teardown 54:27:58:ff:5e:b5
01-14 17:03:29.456 16795 16795 I chatty  : uid=1010(wifi) /vendor/bin/hw/wpa_supplicant identical 2 lines
01-14 17:03:29.456 16795 16795 I wpa_supplicant: TDLS: No matching entry found for Teardown 54:27:58:ff:5e:b5
01-14 17:03:29.457 15347 21510 W GrallocMapperPassthrough: buffer descriptor with invalid usage bits 0x2000
01-14 17:03:29.457 16795 16795 I wpa_supplicant: TDLS: No matching entry found for Teardown 54:27:58:ff:5e:b5
01-14 17:03:29.462 16795 16795 I chatty  : uid=1010(wifi) /vendor/bin/hw/wpa_supplicant identical 10 lines
01-14 17:03:29.462 16795 16795 I wpa_supplicant: TDLS: No matching entry found for Teardown 54:27:58:ff:5e:b5
01-14 17:03:29.462 15347 15553 E qdgralloc: Unknown Color Space = 5
01-14 17:03:29.463  1627  2411 V NetworkPolicy: updateRuleForRestrictBackgroundUL(10144): isForeground=true, isBlacklisted=false, isWhitelisted=true, oldRule=0 (NONE), newRule=1 (ALLOW_METERED), newUidRules=1 (ALLOW_METERED), oldUidRules=0 (NONE)
01-14 17:03:29.463  1627  2411 V NetworkPolicy: setMeteredNetworkWhitelist 10144: true
01-14 17:03:29.463  1627  2411 V NetworkPolicy: updateRulesForPowerRestrictionsUL(10144), isIdle: false, mRestrictPower: false, mDeviceIdleMode: false, isForeground=true, isWhitelisted=true, oldRule=0 (NONE), newRule=0 (NONE), newUidRules=1 (ALLOW_METERED), oldUidRules=1 (ALLOW_METERED)
01-14 17:03:29.463  1627  2410 D NetworkPolicy: uid 10144 is allowed on unmetered network
01-14 17:03:29.478 15347 15553 E qdgralloc: Unknown Color Space = 5
01-14 17:03:29.483   659  9884 D audio_hw_primary: start_output_stream: exit
01-14 17:03:29.483   659  9884 D msm8916_platform: platform_set_swap_channels: will not swap due to it is not stereo spkr
01-14 17:03:29.464  1627  2410 I chatty  : uid=1000(system) NetworkPolicy identical 4 lines
01-14 17:03:29.464  1627  2410 D NetworkPolicy: uid 10144 is allowed on unmetered network
01-14 17:03:29.483  1627  2919 D NetworkPolicy: uid 10541 is allowed on unmetered network
01-14 17:03:29.484  1627  2411 V NetworkPolicy: updateRuleForRestrictBackgroundUL(10144): isForeground=false, isBlacklisted=false, isWhitelisted=true, oldRule=1 (ALLOW_METERED), newRule=0 (NONE), newUidRules=0 (NONE), oldUidRules=1 (ALLOW_METERED)
01-14 17:03:29.484  1627  2411 V NetworkPolicy: setMeteredNetworkWhitelist 10144: true
01-14 17:03:29.484  1627  2411 V NetworkPolicy: updateRulesForPowerRestrictionsUL(10144), isIdle: false, mRestrictPower: false, mDeviceIdleMode: false, isForeground=false, isWhitelisted=true, oldRule=0 (NONE), newRule=0 (NONE), newUidRules=0 (NONE), oldUidRules=0 (NONE)
01-14 17:03:29.485  1627  2410 D NetworkPolicy: uid 10144 is allowed on unmetered network
01-14 17:03:29.559 15347 21519 E Parcel  : Reading a NULL string not supported here.
01-14 17:03:29.561 15347 15553 E qdgralloc: Unknown Color Space = 5
01-14 17:03:29.562 15347 21519 E Parcel  : Reading a NULL string not supported here.
01-14 17:03:29.569 15347 21519 I chatty  : uid=10541(com.nemo.starhalo) identical 2 lines
01-14 17:03:29.573 15347 21519 E Parcel  : Reading a NULL string not supported here.
01-14 17:03:29.581  1139  1608 D AudioFlinger: mixer(0xe0a034c0) throttle end: throttle time(41)
01-14 17:03:29.598  1627  2411 V NetworkPolicy: updateRuleForRestrictBackgroundUL(10144): isForeground=true, isBlacklisted=false, isWhitelisted=true, oldRule=0 (NONE), newRule=1 (ALLOW_METERED), newUidRules=1 (ALLOW_METERED), oldUidRules=0 (NONE)
01-14 17:03:29.485  1627  2410 I chatty  : uid=1000(system) NetworkPolicy identical 4 lines
01-14 17:03:29.485  1627  2410 D NetworkPolicy: uid 10144 is allowed on unmetered network
01-14 17:03:29.598  1627  2411 V NetworkPolicy: setMeteredNetworkWhitelist 10144: true
01-14 17:03:29.598  1627  2411 V NetworkPolicy: updateRulesForPowerRestrictionsUL(10144), isIdle: false, mRestrictPower: false, mDeviceIdleMode: false, isForeground=true, isWhitelisted=true, oldRule=0 (NONE), newRule=0 (NONE), newUidRules=1 (ALLOW_METERED), oldUidRules=1 (ALLOW_METERED)
01-14 17:03:29.598  1627  2410 D NetworkPolicy: uid 10144 is allowed on unmetered network
01-14 17:03:29.611 15347 15553 E qdgralloc: Unknown Color Space = 5
01-14 17:03:29.599  1627  2410 I chatty  : uid=1000(system) NetworkPolicy identical 4 lines
01-14 17:03:29.599  1627  2410 D NetworkPolicy: uid 10144 is allowed on unmetered network
01-14 17:03:29.613  1627  2700 D NetworkPolicy: uid 10541 is allowed on unmetered network
01-14 17:03:29.617  1627  2411 V NetworkPolicy: updateRuleForRestrictBackgroundUL(10144): isForeground=false, isBlacklisted=false, isWhitelisted=true, oldRule=1 (ALLOW_METERED), newRule=0 (NONE), newUidRules=0 (NONE), oldUidRules=1 (ALLOW_METERED)
01-14 17:03:29.618  1627  2411 V NetworkPolicy: setMeteredNetworkWhitelist 10144: true
01-14 17:03:29.618  1627  2411 V NetworkPolicy: updateRulesForPowerRestrictionsUL(10144), isIdle: false, mRestrictPower: false, mDeviceIdleMode: false, isForeground=false, isWhitelisted=true, oldRule=0 (NONE), newRule=0 (NONE), newUidRules=0 (NONE), oldUidRules=0 (NONE)
01-14 17:03:29.618  1627  2410 D NetworkPolicy: uid 10144 is allowed on unmetered network
01-14 17:03:29.644 15347 15553 E qdgralloc: Unknown Color Space = 5
01-14 17:03:29.619  1627  2410 I chatty  : uid=1000(system) NetworkPolicy identical 4 lines
01-14 17:03:29.619  1627  2410 D NetworkPolicy: uid 10144 is allowed on unmetered network
01-14 17:03:29.671  1627  1627 W WindowManager: removeWindowToken: Attempted to remove non-existing token: android.os.Binder@c5d0f1a
01-14 17:03:29.696 15347 15347 D ViewRootImpl: swipeFromBottom mIgnoring === false downY 1082 mStatusBarHeight 54
01-14 17:03:29.678 15347 15553 E qdgralloc: Unknown Color Space = 5
01-14 17:03:29.716 15347 15347 E DownLoadHelper: 
01-14 17:03:29.717 15347 15347 E DownLoadHelper:  Thread: main Tag:DownLoadHelper
01-14 17:03:29.717 15347 15347 E DownLoadHelper: 
01-14 17:03:29.717 15347 15347 E DownLoadHelper:  onPermissionGranted
01-14 17:03:29.717 15347 15347 E DownLoadHelper: 
01-14 17:03:29.719  1627  2886 D NetworkPolicy: uid 10541 is allowed on unmetered network
01-14 17:03:29.722  1627  2886 D NetworkPolicy: uid 10541 is allowed on unmetered network
01-14 17:03:29.724  1627  2919 D NetworkPolicy: uid 10541 is allowed on unmetered network
01-14 17:03:29.740  1627  2700 V WindowManager: Changing focus from Window{8111253 u0 com.nemo.starhalo/com.nemo.starhalo.ui.home.HomeActivity} to Window{f07bc0f u0 com.nemo.starhalo/com.nemo.starhalo.ui.home.HomeActivity}
01-14 17:03:29.745 15347 15347 I Choreographer: Skipped 1 frames!  The application may be doing too much work on its main thread.
01-14 17:03:29.749 15347 15553 E qdgralloc: Unknown Color Space = 5
01-14 17:03:29.768   700   700 D SurfaceFlinger: duplicate layer name: changing com.nemo.starhalo/com.nemo.starhalo.ui.home.HomeActivity to com.nemo.starhalo/com.nemo.starhalo.ui.home.HomeActivity#1
01-14 17:03:29.782  1627  2700 D NetworkPolicy: uid 10541 is allowed on unmetered network
01-14 17:03:29.797  9081  9081 I Choreographer: Skipped 1 frames!  The application may be doing too much work on its main thread.
01-14 17:03:29.805 15347 15347 I Choreographer: Skipped 2 frames!  The application may be doing too much work on its main thread.
01-14 17:03:29.846 15347 15347 I Choreographer: Skipped 1 frames!  The application may be doing too much work on its main thread.
01-14 17:03:29.907 15347 21507 E Parcel  : Reading a NULL string not supported here.
01-14 17:03:29.947 15347 15347 D ViewRootImpl: swipeFromBottom mIgnoring === false downY 1374 mStatusBarHeight 54
01-14 17:03:29.918 15347 21507 I chatty  : uid=10541(com.nemo.starhalo) identical 3 lines
01-14 17:03:29.922 15347 21507 E Parcel  : Reading a NULL string not supported here.
01-14 17:03:29.959  1627  2411 V NetworkPolicy: updateRuleForRestrictBackgroundUL(10144): isForeground=true, isBlacklisted=false, isWhitelisted=true, oldRule=0 (NONE), newRule=1 (ALLOW_METERED), newUidRules=1 (ALLOW_METERED), oldUidRules=0 (NONE)
01-14 17:03:29.959  1627  2411 V NetworkPolicy: setMeteredNetworkWhitelist 10144: true
01-14 17:03:29.959  1627  2411 V NetworkPolicy: updateRulesForPowerRestrictionsUL(10144), isIdle: false, mRestrictPower: false, mDeviceIdleMode: false, isForeground=true, isWhitelisted=true, oldRule=0 (NONE), newRule=0 (NONE), newUidRules=1 (ALLOW_METERED), oldUidRules=1 (ALLOW_METERED)
01-14 17:03:29.959  1627  2410 D NetworkPolicy: uid 10144 is allowed on unmetered network
01-14 17:03:29.961  1627  2410 I chatty  : uid=1000(system) NetworkPolicy identical 4 lines
01-14 17:03:29.962  1627  2410 D NetworkPolicy: uid 10144 is allowed on unmetered network
01-14 17:03:29.977  1627  2700 D NetworkPolicy: uid 10541 is allowed on unmetered network
01-14 17:03:29.995  1627  2411 V NetworkPolicy: updateRuleForRestrictBackgroundUL(10144): isForeground=false, isBlacklisted=false, isWhitelisted=true, oldRule=1 (ALLOW_METERED), newRule=0 (NONE), newUidRules=0 (NONE), oldUidRules=1 (ALLOW_METERED)
01-14 17:03:29.995  1627  2411 V NetworkPolicy: setMeteredNetworkWhitelist 10144: true
01-14 17:03:29.995  1627  2411 V NetworkPolicy: updateRulesForPowerRestrictionsUL(10144), isIdle: false, mRestrictPower: false, mDeviceIdleMode: false, isForeground=false, isWhitelisted=true, oldRule=0 (NONE), newRule=0 (NONE), newUidRules=0 (NONE), oldUidRules=0 (NONE)
01-14 17:03:29.995  1627  2410 D NetworkPolicy: uid 10144 is allowed on unmetered network
01-14 17:03:30.078  1627  2434 I MessageQueue: searched 10000messages,recent msg is { when=-1d9h46m0s930ms callback=com.android.server.wifi.OppoTcpInfoMonitor$1 target=android.os.Handler }head message is { when=-1d23h19m50s995ms callback=com.android.server.wifi.OppoTcpInfoMonitor$1 target=android.os.Handler }
01-14 17:03:30.079  1627  2434 I MessageQueue: searched 20000messages,recent msg is { when=-20h19m21s118ms callback=com.android.server.wifi.OppoTcpInfoMonitor$1 target=android.os.Handler }head message is { when=-1d23h19m50s996ms callback=com.android.server.wifi.OppoTcpInfoMonitor$1 target=android.os.Handler }
01-14 17:03:30.080  1627  2434 I MessageQueue: searched 30000messages,recent msg is { when=-7h7m26s289ms callback=com.android.server.wifi.OppoTcpInfoMonitor$1 target=android.os.Handler }head message is { when=-1d23h19m50s997ms callback=com.android.server.wifi.OppoTcpInfoMonitor$1 target=android.os.Handler }
01-14 17:03:30.148 15347 15347 I Choreographer: Skipped 1 frames!  The application may be doing too much work on its main thread.
01-14 17:03:29.996  1627  2410 I chatty  : uid=1000(system) NetworkPolicy identical 4 lines
01-14 17:03:29.996  1627  2410 D NetworkPolicy: uid 10144 is allowed on unmetered network
01-14 17:03:30.196  1627  2209 D OppoProcessManager: notifyHypnus float window disabled
01-14 17:03:30.200 15347 15347 D ViewRootImpl: swipeFromBottom mIgnoring === false downY 179 mStatusBarHeight 54
01-14 17:03:30.216  1627  2209 D OppoProcessManager: notifyHypnus float window disabled
01-14 17:03:30.216  1627  2209 I chatty  : uid=1000(system) android.anim identical 1 line
01-14 17:03:30.217  1627  2209 D OppoProcessManager: notifyHypnus float window disabled
01-14 17:03:30.247  1627  2410 V NetworkPolicy: updateNetworkEnabledNL()
01-14 17:03:30.247  1627  2410 V NetworkPolicy: updateNotificationsNL()
01-14 17:03:30.440 15347 15347 D ViewRootImpl: swipeFromBottom mIgnoring === false downY 1374 mStatusBarHeight 54
01-14 17:03:30.636  1627  2886 D NetworkPolicy: uid 10541 is allowed on unmetered network
01-14 17:03:30.640  1627  2886 I chatty  : uid=1000(system) Binder:1627_6 identical 1 line
01-14 17:03:30.643  1627  2886 D NetworkPolicy: uid 10541 is allowed on unmetered network
01-14 17:03:30.726 15347 15347 D ViewRootImpl: swipeFromBottom mIgnoring === false downY 179 mStatusBarHeight 54
01-14 17:03:30.973 15347 15347 D ViewRootImpl: swipeFromBottom mIgnoring === false downY 1233 mStatusBarHeight 54
01-14 17:03:31.217 15347 15347 D ViewRootImpl: swipeFromBottom mIgnoring === false downY 179 mStatusBarHeight 54
01-14 17:03:30.829 15347 15347 I chatty  : uid=10541(com.nemo.starhalo) identical 9 lines
01-14 17:03:30.975 15347 15347 I Choreographer: Skipped 1 frames!  The application may be doing too much work on its main thread.
01-14 17:03:31.362 15347 21506 I MediaCodec: mInputBufCnt = 26 fps, mOutputBufCnt = 25 fps, mRenderFrameCnt = 26 fps
01-14 17:03:31.410 15347 15358 I zygote64: Background concurrent copying GC freed 669706(33MB) AllocSpace objects, 269(10MB) LOS objects, 47% free, 53MB/101MB, paused 895us total 560.706ms
01-14 17:03:31.472 15347 15347 D ViewRootImpl: swipeFromBottom mIgnoring === false downY 98 mStatusBarHeight 54
01-14 17:03:31.485 15347 21409 W System.err: java.lang.InterruptedException
01-14 17:03:31.485 15347 21409 W System.err: 	at java.lang.Thread.sleep(Native Method)
01-14 17:03:31.485 15347 21409 W System.err: 	at java.lang.Thread.sleep(Thread.java:373)
01-14 17:03:31.485 15347 21409 W System.err: 	at java.lang.Thread.sleep(Thread.java:314)
01-14 17:03:31.485 15347 21409 W System.err: 	at com.nemo.starhalo.xxx.a.c$b.run(SourceFile:415)
01-14 17:03:31.485 15347 21409 W System.err: 	at java.util.concurrent.ThreadPoolExecutor.runWorker(ThreadPoolExecutor.java:1162)
01-14 17:03:31.485 15347 21409 W System.err: 	at java.util.concurrent.ThreadPoolExecutor$Worker.run(ThreadPoolExecutor.java:636)
01-14 17:03:31.485 15347 21409 W System.err: 	at java.lang.Thread.run(Thread.java:764)
01-14 17:03:31.636  1627  2886 D NetworkPolicy: uid 10541 is allowed on unmetered network
01-14 17:03:31.644  1627  2886 D NetworkPolicy: uid 10541 is allowed on unmetered network
01-14 17:03:31.651  1627  4400 D NetworkPolicy: uid 10541 is allowed on unmetered network
01-14 17:03:31.685  1627  1667 V SettingsProvider: getSecureSetting(wake_gesture_enabled, getCallingPackage = android
01-14 17:03:31.686 15347 15347 D AudioManager: get_do_mute_music = false
01-14 17:03:31.687  1627  1667 D WindowManager: updateSettings: powerButtonEndsAlarmclock = 0
01-14 17:03:31.699  1627  2886 W WindowManager: removeWindowToken: Attempted to remove non-existing token: android.os.Binder@64e8081
01-14 17:03:31.711  1627  2886 W ResourceType: ResTable_typeSpec entry count inconsistent: given 402, previously 408
01-14 17:03:31.711  1627  2886 W ResourceType: ResTable_typeSpec entry count inconsistent: given 445, previously 447
01-14 17:03:31.711  1627  2886 W ResourceType: ResTable_typeSpec entry count inconsistent: given 191, previously 779
01-14 17:03:31.716  1627  2886 W ResourceType: ResTable_typeSpec entry count inconsistent: given 37, previously 195
01-14 17:03:31.717  1627  2886 W ResourceType: ResTable_typeSpec entry count inconsistent: given 198, previously 203
01-14 17:03:31.716  1627 21521 D WindowManager: accidentPrevention >>> updateTouchPanelInfo: 0,0,1
01-14 17:03:31.717  1627  2886 W ResourceType: ResTable_typeSpec entry count inconsistent: given 158, previously 521
01-14 17:03:31.718  1627 21521 D WindowManager: accidentPrevention >>> writeNarrowFile: /proc/touchpanel/oppo_tp_limit_whitelist, 0
01-14 17:03:31.719  1627 21521 D WindowManager: accidentPrevention >>> writeNarrowFile: /proc/touchpanel/oppo_tp_direction, 0
01-14 17:03:31.719  1627 21521 D WindowManager: accidentPrevention >>> writeNarrowFile: /proc/touchpanel/oppo_tp_limit_enable, 1
01-14 17:03:31.720  1627  2886 W ResourceType: For resource 0x7f1000b1, entry index(177) is beyond type entryCount(37)
01-14 17:03:31.748  1627  1667 V SettingsProvider: getSecureSetting(wake_gesture_enabled, getCallingPackage = android
01-14 17:03:31.749  1627  1667 D WindowManager: updateSettings: powerButtonEndsAlarmclock = 0
01-14 17:03:31.750 15347 15347 D AudioManager: get_do_mute_music = false
01-14 17:03:31.768  1627  1645 D OppoSecureProtectUtils: Controller type = 0
01-14 17:03:31.768  1627  1645 I OppoSecureProtectUtils: nofityMonkeyFinish!
01-14 17:03:31.770  3655  3655 I AppProtectService: onReceive() OPPO_SECURE_MONKEY_FINISH
01-14 17:03:31.770  3655  3655 I AppProtectService: retainActivityManager() setSecureController
01-14 17:03:31.770  1627  2886 D OppoSecureProtectUtils: Controller type = 2
01-14 17:03:31.773 21230 21230 I tv.panda.test.monkey: System.exit called, status: 276
01-14 17:03:31.773 21230 21230 I AndroidRuntime: VM exiting with result code 276.
01-14 17:03:31.799  1627 21523 D WindowManager: accidentPrevention >>> updateTouchPanelInfo: 0,0,1
01-14 17:03:31.800  1627 21523 D WindowManager: accidentPrevention >>> writeNarrowFile: /proc/touchpanel/oppo_tp_limit_whitelist, 0
01-14 17:03:31.800  1627 21523 D WindowManager: accidentPrevention >>> writeNarrowFile: /proc/touchpanel/oppo_tp_direction, 0
01-14 17:03:31.801  1627 21523 D WindowManager: accidentPrevention >>> writeNarrowFile: /proc/touchpanel/oppo_tp_limit_enable, 1
01-14 17:03:31.987  4167  4445 D EAP_frame: skippedFrames : com.nemo.starhalo(15347), 39
01-14 17:03:32.420 15347 21506 I MediaCodec: mInputBufCnt = 26 fps, mOutputBufCnt = 26 fps, mRenderFrameCnt = 26 fps
01-14 17:03:33.456 15347 21506 I MediaCodec: mInputBufCnt = 26 fps, mOutputBufCnt = 26 fps, mRenderFrameCnt = 26 fps
01-14 17:03:33.468 15347 15347 I Choreographer: Skipped 1 frames!  The application may be doing too much work on its main thread.
01-14 17:03:34.458 15347 21506 I MediaCodec: mInputBufCnt = 25 fps, mOutputBufCnt = 25 fps, mRenderFrameCnt = 25 fps
01-14 17:03:34.485 15347 15347 I Choreographer: Skipped 1 frames!  The application may be doing too much work on its main thread.
01-14 17:03:35.082  1627  2434 I MessageQueue: searched 10000messages,recent msg is { when=-1d9h46m5s934ms callback=com.android.server.wifi.OppoTcpInfoMonitor$1 target=android.os.Handler }head message is { when=-1d23h19m55s999ms callback=com.android.server.wifi.OppoTcpInfoMonitor$1 target=android.os.Handler }
01-14 17:03:35.083  1627  2434 I MessageQueue: searched 20000messages,recent msg is { when=-20h19m26s121ms callback=com.android.server.wifi.OppoTcpInfoMonitor$1 target=android.os.Handler }head message is { when=-1d23h19m55s999ms callback=com.android.server.wifi.OppoTcpInfoMonitor$1 target=android.os.Handler }
01-14 17:03:35.089  1627  2434 I MessageQueue: searched 30000messages,recent msg is { when=-7h7m31s298ms callback=com.android.server.wifi.OppoTcpInfoMonitor$1 target=android.os.Handler }head message is { when=-1d23h19m56s6ms callback=com.android.server.wifi.OppoTcpInfoMonitor$1 target=android.os.Handler }
01-14 17:03:35.491 15347 21506 I MediaCodec: mInputBufCnt = 26 fps, mOutputBufCnt = 26 fps, mRenderFrameCnt = 26 fps
01-14 17:03:36.519 15347 21506 I MediaCodec: mInputBufCnt = 26 fps, mOutputBufCnt = 26 fps, mRenderFrameCnt = 26 fps
01-14 17:03:37.448 15347 21520 W System.err: java.lang.InterruptedException
01-14 17:03:37.448 15347 21520 W System.err: 	at java.lang.Thread.sleep(Native Method)
01-14 17:03:37.448 15347 21520 W System.err: 	at java.lang.Thread.sleep(Thread.java:373)
01-14 17:03:37.448 15347 21520 W System.err: 	at java.lang.Thread.sleep(Thread.java:314)
01-14 17:03:37.448 15347 21520 W System.err: 	at com.nemo.starhalo.ui.widget.FlikerProgressBar.run(SourceFile:334)
01-14 17:03:37.448 15347 21520 W System.err: 	at java.lang.Thread.run(Thread.java:764)
01-14 17:03:37.466  1627  2886 V WindowManager: Changing focus from Window{f07bc0f u0 com.nemo.starhalo/com.nemo.starhalo.ui.home.HomeActivity EXITING} to Window{8111253 u0 com.nemo.starhalo/com.nemo.starhalo.ui.home.HomeActivity}
01-14 17:03:37.489 15347 15347 I Choreographer: Skipped 2 frames!  The application may be doing too much work on its main thread.
01-14 17:03:37.494 15347 15347 E DownLoadHelper: 
01-14 17:03:37.494 15347 15347 E DownLoadHelper:  Thread: main Tag:DownLoadHelper
01-14 17:03:37.495 15347 15347 E DownLoadHelper: 
01-14 17:03:37.495 15347 15347 E DownLoadHelper:  success!===>/storage/emulated/0/DCIM/Camera/-281576049_welike.mp4
01-14 17:03:37.495 15347 15347 E DownLoadHelper: 
01-14 17:03:37.535 15347 21506 I MediaCodec: mInputBufCnt = 25 fps, mOutputBufCnt = 25 fps, mRenderFrameCnt = 25 fps
01-14 17:03:37.555  9081  9081 I Choreographer: Skipped 1 frames!  The application may be doing too much work on its main thread.
01-14 17:03:37.567 15561 21530 V MediaMetadataRetriever: closeFd()
01-14 17:03:37.567  1154  1154 I ExtendedUtils: printFileName fd(8) -> /storage/emulated/0/dcim/camera/-281576049_welike.mp4
01-14 17:03:37.584  1152  2777 I FFmpegExtractor: SniffFFMPEG (initial confidence: 0.800000, mime: )
01-14 17:03:37.589  1152  2777 D FFmpegExtractor: suppoted codec(h264) by official Stagefright
01-14 17:03:37.589  1152  2777 D FFmpegExtractor: suppoted codec(aac) by official Stagefright
01-14 17:03:37.590  1152  2777 D FFmpegExtractor: ffmpeg detected media content as 'xxx/mp4' with confidence 0.08
01-14 17:03:37.590  1152  2777 I MediaExtractor: Autodetected media content as 'xxx/mp4' with confidence 0.80
01-14 17:03:37.590  1152  2777 I SampleTable: There are reordered frames present.
01-14 17:03:37.591  1152  2777 D MPEG4Extractor: Mpeg4 audio channel = 2 ,sample rate = 44100
01-14 17:03:37.592  1154  1154 E MediaExtractor: Trace connect 0xe4d61720 0xe4d12040
01-14 17:03:37.594  1154  1154 I MediaExtractor: found xxx mime = xxx/avc
01-14 17:03:37.594  1154  1154 I MediaExtractor: found audio mime = audio/mp4a-latm
01-14 17:03:37.600 15561 21530 V MediaMetadataRetriever: closeFd()
01-14 17:03:37.600 15561 21530 V MediaMetadataRetriever: mFd is valid, close it.
01-14 17:03:37.602  1152  9975 W MediaAnalyticsItem: Unable to record: (extractor:0:-1:-11:0:3:android.media.mediaextractor.fmt=MPEG4Extractor:android.media.mediaextractor.ntrk=2:android.media.mediaextractor.mime=xxx/mp4:) [forcenew=0]
01-14 17:03:37.602 15561 21530 W providerUtils: computeTakenDcim failed!
01-14 17:03:37.602 15561 21530 W providerUtils: java.text.ParseException: Unparseable date: "-281576049_welike"
01-14 17:03:37.602 15561 21530 W providerUtils: 	at java.text.DateFormat.parse(DateFormat.java:362)
01-14 17:03:37.602 15561 21530 W providerUtils: 	at com.oppo.media.t.c(Utils.java:598)
01-14 17:03:37.602 15561 21530 W providerUtils: 	at com.oppo.media.t.a(Utils.java:551)
01-14 17:03:37.602 15561 21530 W providerUtils: 	at com.oppo.media.m$c.a(MediaScanner.java:1269)
01-14 17:03:37.602 15561 21530 W providerUtils: 	at com.oppo.media.m$c.a(MediaScanner.java:815)
01-14 17:03:37.602 15561 21530 W providerUtils: 	at com.oppo.media.m.a(MediaScanner.java:2051)
01-14 17:03:37.602 15561 21530 W providerUtils: 	at com.android.providers.media.MediaScannerService.scanFile(MediaScannerService.java:352)
01-14 17:03:37.602 15561 21530 W providerUtils: 	at com.android.providers.media.MediaScannerService.access$300(MediaScannerService.java:67)
01-14 17:03:37.602 15561 21530 W providerUtils: 	at com.android.providers.media.MediaScannerService$ServiceHandler.handleMessage(MediaScannerService.java:455)
01-14 17:03:37.602 15561 21530 W providerUtils: 	at android.os.Handler.dispatchMessage(Handler.java:106)
01-14 17:03:37.602 15561 21530 W providerUtils: 	at android.os.Looper.loop(Looper.java:198)
01-14 17:03:37.602 15561 21530 W providerUtils: 	at com.android.providers.media.MediaScannerService.run(MediaScannerService.java:330)
01-14 17:03:37.602 15561 21530 W providerUtils: 	at java.lang.Thread.run(Thread.java:764)
01-14 17:03:37.612 15561 21530 E MediaProvider: give some delay for low priority
01-14 17:03:37.615 15561 16052 E MediaTraceUtil: writeTraceToFile trace is null or size is 0.so return
01-14 17:03:37.619  1627  2912 I ActivityManager: START u0 {act=android.intent.action.SEND typ=*/* flg=0x1 pkg=com.whatsapp cmp=com.whatsapp/.ContactPicker clip={*/* T:Hey! I found a good content on Welike just want to share with you, Click promise you will definitely like it http://67620156.hillo.app/detail?item_id=v17o70c6iy&lan=telugu
01-14 17:03:37.619  1627  2912 I ActivityManager: What are you waiting for?  
01-14 17:03:37.619  1627  2912 I ActivityManager: Find awesome latest status xxxs to show your feelings.. Download Welike now! 
01-14 17:03:37.619  1627  2912 I ActivityManager: http://hillo.app/download} (has extras)} from uid 10541 and from pid 15347
01-14 17:03:37.619  1627  2912 W Binder  : Outgoing transactions from this process must be FLAG_ONEWAY
01-14 17:03:37.619  1627  2912 W Binder  : java.lang.Throwable
01-14 17:03:37.619  1627  2912 W Binder  : 	at android.os.BinderProxy.transact(Binder.java:754)
01-14 17:03:37.619  1627  2912 W Binder  : 	at android.app.IActivityController$Stub$Proxy.activityStarting(IActivityController.java:173)
01-14 17:03:37.619  1627  2912 W Binder  : 	at com.android.server.am.ActivityStarter.startActivity(ActivityStarter.java:881)
01-14 17:03:37.619  1627  2912 W Binder  : 	at com.android.server.am.ActivityStarter.startActivityLocked(ActivityStarter.java:363)
01-14 17:03:37.619  1627  2912 W Binder  : 	at com.android.server.am.ActivityStarter.startActivityMayWait(ActivityStarter.java:1613)
01-14 17:03:37.619  1627  2912 W Binder  : 	at com.android.server.am.ActivityStarter.startActivityMayWait(ActivityStarter.java:1181)
01-14 17:03:37.619  1627  2912 W Binder  : 	at com.android.server.am.ActivityManagerService.startActivityAsUser(ActivityManagerService.java:5316)
01-14 17:03:37.619  1627  2912 W Binder  : 	at com.android.server.am.ActivityManagerService.startActivity(ActivityManagerService.java:5303)
01-14 17:03:37.619  1627  2912 W Binder  : 	at android.app.IActivityManager$Stub.onTransact(IActivityManager.java:121)
01-14 17:03:37.619  1627  2912 W Binder  : 	at com.android.server.am.ActivityManagerService.onTransact(ActivityManagerService.java:3418)
01-14 17:03:37.619  1627  2912 W Binder  : 	at com.android.server.am.OppoActivityManagerService.onTransact(OppoActivityManagerService.java:619)
01-14 17:03:37.619  1627  2912 W Binder  : 	at android.os.Binder.execTransact(Binder.java:697)
01-14 17:03:37.637   683   771 E ANDR-PERF-OPTSHANDLER: Perflock resource /proc/sys/kernel/sched_spill_nr_run not supported
01-14 17:03:37.637   683   771 E ANDR-PERF-RESOURCEQS: Failed to apply optimization [3, 11]
01-14 17:03:37.637   683   771 E ANDR-PERF-OPTSHANDLER: Perflock resource /proc/sys/kernel/sched_restrict_cluster_spill not supported
01-14 17:03:37.637   683   771 E ANDR-PERF-RESOURCEQS: Failed to apply optimization [3, 13]
01-14 17:03:37.640  1627  2912 D ActivityTrigger: activityStartTrigger: Activity is Triggerred in full screen ApplicationInfo{480392a com.whatsapp}
01-14 17:03:37.640  1627  2912 E ActivityTrigger: activityStartTrigger: not whiteListedcom.whatsapp/com.whatsapp.ContactPicker/453123
01-14 17:03:37.642  1627  2912 D ActivityTrigger: activityResumeTrigger: The activity in ApplicationInfo{480392a com.whatsapp} is now in focus and seems to be in full-screen mode
01-14 17:03:37.642  1627  2912 E ActivityTrigger: activityResumeTrigger: not whiteListedcom.whatsapp/com.whatsapp.ContactPicker/453123
01-14 17:03:37.644 15347 15347 V SensorManager: unRegisterListener by com.facebook.appevents.a.e
01-14 17:03:37.645  1627  2886 W SensorService: SensorEventConnection sensor handle=1, package = com.facebook.appevents.a.e disable
01-14 17:03:37.647 15347 15347 E Parcel  : Reading a NULL string not supported here.
01-14 17:03:37.648 15347 21506 D AudioTrack: pause() output 21 stream 3 session 481 state 0
01-14 17:03:37.649  1627  1645 V MediaRouterService: restoreBluetoothA2dp(false)
01-14 17:03:37.649 15347 15347 V SensorManager: unRegisterListener by com.nemo.starhalo.f.v$a
01-14 17:03:37.649  1627  1645 D AudioService: setBluetoothScoOn mBluetoothA2dpEnabled = false, on = false, mIsExportPrjversion = true
01-14 17:03:37.659  1627  2886 D ActivityTrigger: activityResumeTrigger: The activity in ApplicationInfo{480392a com.whatsapp} is now in focus and seems to be in full-screen mode
01-14 17:03:37.659  1627  2886 E ActivityTrigger: activityResumeTrigger: not whiteListedcom.whatsapp/com.whatsapp.ContactPicker/453123
01-14 17:03:37.678  1627  2886 I ActivityManager: Start proc 21534:com.whatsapp/u0a273 for activity com.whatsapp/.ContactPicker
01-14 17:03:37.695 15347 15347 I Choreographer: Skipped 2 frames!  The application may be doing too much work on its main thread.
01-14 17:03:37.706  9081  9081 I Choreographer: Skipped 1 frames!  The application may be doing too much work on its main thread.
01-14 17:03:37.707 15347 15347 E Parcel  : Reading a NULL string not supported here.
01-14 17:03:37.716  1627  2912 I WifiService: getConnectionInfo uid=1000
01-14 17:03:37.718  1627  2700 D ActivityManager: TOP_APP is ProcessRecord{6d7390b 21534:com.whatsapp/u0a273} uid is 10273
01-14 17:03:37.729  1627  2700 V WindowManager: Changing focus from Window{8111253 u0 com.nemo.starhalo/com.nemo.starhalo.ui.home.HomeActivity} to null
01-14 17:03:37.717  1627  2912 I WifiService: getConnectionInfo uid=1000
01-14 17:03:37.747  1627  2411 V NetworkPolicy: updateRuleForRestrictBackgroundUL(10273): isForeground=true, isBlacklisted=false, isWhitelisted=true, oldRule=0 (NONE), newRule=1 (ALLOW_METERED), newUidRules=1 (ALLOW_METERED), oldUidRules=0 (NONE)
01-14 17:03:37.747  1627  2411 V NetworkPolicy: setMeteredNetworkWhitelist 10273: true
01-14 17:03:37.748  1627  2411 V NetworkPolicy: updateRulesForPowerRestrictionsUL(10273), isIdle: false, mRestrictPower: false, mDeviceIdleMode: false, isForeground=true, isWhitelisted=true, oldRule=0 (NONE), newRule=0 (NONE), newUidRules=1 (ALLOW_METERED), oldUidRules=1 (ALLOW_METERED)
01-14 17:03:37.754  9081  9081 I StatusBar: setNavigationBarColor() vis:0 color:0 expandNavBar:false mNavigationBarEnableStatus:0
01-14 17:03:37.755  9081  9081 D BarTransitions.NavigationBarView: setForceOpaque forceOpaque:false color:0 @com.android.systemui.statusbar.phone.NavigationBarTransitions@d25a2d
01-14 17:03:37.761  1627  1700 I ColorReflectWidget: oppoAMS,DIRECT_REFLECT_TRANSACTION, info: ColorReflectData{mReflectEnable=true, mReflectList=[]}
01-14 17:03:37.770 15347 15347 I Choreographer: Skipped 1 frames!  The application may be doing too much work on its main thread.
01-14 17:03:37.772 15347 21409 D LocalImageLoader: /storage/emulated/0/DCIM/Camera/-281576049_welike.mp4
01-14 17:03:37.772 15347 21409 D LocalImageLoader: /storage/emulated/0/DCIM/Camera/_2014175231_welike.mp4
01-14 17:03:37.772 15347 21409 D LocalImageLoader: /storage/emulated/0/DCIM/Camera/Jai_Mhakal_1635698732_welike.mp4
01-14 17:03:37.772 15347 21409 D LocalImageLoader: /storage/emulated/0/DCIM/Camera/-1000082570_welike.mp4
01-14 17:03:37.772 15347 21409 D LocalImageLoader: /storage/emulated/0/DCIM/Camera/Sanjay_-403100717_welike.mp4
01-14 17:03:37.772 15347 21409 D LocalImageLoader: /storage/emulated/0/DCIM/Camera/-965303503_welike.mp4
01-14 17:03:37.773 15347 21409 D LocalImageLoader: /storage/emulated/0/Pictures/Helo/c80fe6a02f4847822ab5c1c3ba5b49d6.jpg
01-14 17:03:37.773 15347 21409 D LocalImageLoader: /storage/emulated/0/Pictures/Helo/c2eb762d169ca25919e77ffd096e6162.jpg
01-14 17:03:37.773 15347 21409 D LocalImageLoader: /storage/emulated/0/Pictures/Helo/75c3d403f2cac2669ae3b1b673c39fc5.jpg
01-14 17:03:37.773 15347 21409 D LocalImageLoader: /storage/emulated/0/Pictures/Helo/54660302479e3dfaae72b77cab7041f4.jpg
01-14 17:03:37.773 15347 21409 D LocalImageLoader: /storage/emulated/0/Pictures/Helo/6d07b89e442bd3b123147398b3e1c7d8.jpg
01-14 17:03:37.773 15347 21409 D LocalImageLoader: /storage/emulated/0/Pictures/Helo/84202fc37ed6766a478bfbaf65b91d0a.jpg
01-14 17:03:37.773 15347 21409 D LocalImageLoader: /storage/emulated/0/Pictures/Helo/9ba55b6b5e8bd0bc03f5f4c1123210b7.jpg
01-14 17:03:37.773 15347 21409 D LocalImageLoader: /storage/emulated/0/Pictures/Helo/d4a6d42f84f8da6ea12a4370e87599a4.jpg
01-14 17:03:37.773 15347 21409 D LocalImageLoader: /storage/emulated/0/DCIM/Camera/94072700_welike.mp4
01-14 17:03:37.773 15347 21409 D LocalImageLoader: /storage/emulated/0/DCIM/Camera/-1771934586_welike.jpg
01-14 17:03:37.773 15347 21409 D LocalImageLoader: /storage/emulated/0/DCIM/Camera/____233766431_welike.mp4
01-14 17:03:37.773 15347 21409 D LocalImageLoader: /storage/emulated/0/DCIM/Camera/-1566666325_welike.jpg
01-14 17:03:37.773 15347 21409 D LocalImageLoader: /storage/emulated/0/DCIM/Camera/1859488921_welike.mp4
01-14 17:03:37.773 15347 21409 D LocalImageLoader: /storage/emulated/0/DCIM/Camera/-1392084089_welike.jpg
01-14 17:03:37.773 15347 21409 D LocalImageLoader: /storage/emulated/0/DCIM/Camera/-1283827695_welike.mp4
01-14 17:03:37.773 15347 21409 D LocalImageLoader: /storage/emulated/0/DCIM/Camera/1774558905_welike.jpg
01-14 17:03:37.773 15347 21409 D LocalImageLoader: /storage/emulated/0/DCIM/Camera/-499849482_welike.mp4
01-14 17:03:37.773 15347 21409 D LocalImageLoader: /storage/emulated/0/DCIM/Camera/-1696225603_welike.jpg
01-14 17:03:37.773 15347 21409 D LocalImageLoader: /storage/emulated/0/DCIM/Camera/-1950116628_welike.jpg
01-14 17:03:37.773 15347 21409 D LocalImageLoader: /storage/emulated/0/DCIM/Camera/NLNL914126532_welike.jpg
01-14 17:03:37.773 15347 21409 D LocalImageLoader: /storage/emulated/0/DCIM/Camera/_Bollywood_Tadka_y184846107_welike.jpg
