01-14 17:02:22.494  1627  3880 D NetworkPolicy: uid 10015 is allowed on unmetered network
01-14 17:02:22.510  1627  1645 D NetworkPolicy: uid 10015 is allowed on unmetered network
01-14 17:02:22.522  1627  3880 D NetworkPolicy: uid 10015 is allowed on unmetered network
01-14 17:02:22.533  1627  2886 D NetworkPolicy: uid 10015 is allowed on unmetered network
01-14 17:02:22.537  1627  2410 V NetworkPolicy: updateNetworkEnabledNL()
01-14 17:02:22.537  1627  2410 V NetworkPolicy: updateNotificationsNL()
01-14 17:02:22.551  1627  2886 D NetworkPolicy: uid 10015 is allowed on unmetered network
01-14 17:02:22.580  4546 17190 I Icing   : Indexing com.google.android.gms-apps from com.google.android.gms
01-14 17:02:22.589  4546 17190 I Icing   : Indexing done com.google.android.gms-apps
01-14 17:02:22.592  1627  2886 I WifiService: getConnectionInfo uid=1000
01-14 17:02:22.617  1627  2700 I WifiService: getConnectionInfo uid=1000
01-14 17:02:22.632 15181 15250 I SafeSdkProxy.QihooVirusScan: onFinished(): pendingSize = 0, hasMore = false
01-14 17:02:22.633  1627  4400 D NetworkPolicy: uid 10101 is allowed on unmetered network
01-14 17:02:22.633 15181 15181 I SafeSdkProxy.QihooVirusScan: message.what = 10004, mDeepScan = com.qihoo.security.services.IDeepScan$Stub$a@e3441bc
01-14 17:02:22.634  1627  1645 D NetworkPolicy: uid 10143 is allowed on unmetered network
01-14 17:02:22.636 16795 16795 I wpa_supplicant: TDLS: No matching entry found for Teardown 54:27:58:ff:5e:b5
01-14 17:02:22.637 15150 21180 W gamecenter_check_upgrade: type: 3 ,request: cost: 641
01-14 17:02:22.637 16795 16795 I wpa_supplicant: TDLS: No matching entry found for Teardown 54:27:58:ff:5e:b5
01-14 17:02:22.638 15150 21180 W gamecenter_check_upgrade: type: 3 ,dealWithResponce: 0 ,insert: 0 ,update: 0 ,filter: 0 ,invalid: 0 ,delList: 0 ,patchType: {} ,cost: 0
01-14 17:02:22.638 15150 21180 W gamecenter_check_upgrade: type: 3 ,checkUpgrade: cost: 662
01-14 17:02:22.638  1627  1697 D NetworkPolicy: uid 10143 is allowed on unmetered network
01-14 17:02:22.640 14450 21182 W market_check_upgrade: type: 3 ,request: cost: 623
01-14 17:02:22.640 14450 21182 W market_check_upgrade: type: 3 ,saveUpgradeInfo: 0 ,insert: 0 ,update: 0 ,filter: 0 ,invalid: 0 ,delList: 0 ,patchType: {} ,cost: 0
01-14 17:02:22.640 14450 21182 W market_check_upgrade: type: 3 ,checkUpgrade: cost: 666
01-14 17:02:22.641 16795 16795 I wpa_supplicant: TDLS: No matching entry found for Teardown 54:27:58:ff:5e:b5
01-14 17:02:22.642  1627  1697 D NetworkPolicy: uid 10101 is allowed on unmetered network
01-14 17:02:22.641 16795 16795 I wpa_supplicant: TDLS: No matching entry found for Teardown 54:27:58:ff:5e:b5
01-14 17:02:22.644 15181 15181 I SafeSdkProxy.QihooVirusScan: [Qihoo] reset() r = 0
01-14 17:02:22.691  1627  2910 D NetworkPolicy: uid 10015 is allowed on unmetered network
01-14 17:02:22.701  1627  1697 D NetworkPolicy: uid 10015 is allowed on unmetered network
01-14 17:02:22.714  1627  1697 D NetworkPolicy: uid 10015 is allowed on unmetered network
01-14 17:02:22.724  1627  4400 D NetworkPolicy: uid 10015 is allowed on unmetered network
01-14 17:02:22.733  1627  3642 D NetworkPolicy: uid 10015 is allowed on unmetered network
01-14 17:02:22.734 14977 14977 I PhoneManager.QihooScanManager: MSG_APP_END.
01-14 17:02:22.743  1627  2886 D NetworkPolicy: uid 10015 is allowed on unmetered network
01-14 17:02:22.753  1627  3642 D NetworkPolicy: uid 10015 is allowed on unmetered network
01-14 17:02:22.756  4546 17190 I Icing   : Indexing com.google.android.gms-apps from com.google.android.gms
01-14 17:02:22.757  4546 17190 I Icing   : Indexing done com.google.android.gms-apps
01-14 17:02:22.762 14977 21160 W ResourceType: ResTable_typeSpec entry count inconsistent: given 156, previously 157
01-14 17:02:22.763 14977 21160 W ResourceType: ResTable_typeSpec entry count inconsistent: given 1848, previously 2098
01-14 17:02:22.763 14977 21160 W ResourceType: ResTable_typeSpec entry count inconsistent: given 1410, previously 1413
01-14 17:02:22.764 14977 21160 W ResourceType: ResTable_typeSpec entry count inconsistent: given 257, previously 1641
01-14 17:02:22.772  3612 21159 W System.err: android.content.pm.PackageManager$NameNotFoundException: com.coloros.browser
01-14 17:02:22.772  3612 21159 W System.err: 	at android.app.ApplicationPackageManager.getPackageInfo(ApplicationPackageManager.java:186)
01-14 17:02:22.772  3612 21159 W System.err: 	at com.coloros.safecenter.defaultapp.d.b(DefaultAppUtils.java:82)
01-14 17:02:22.773  3612 21159 W System.err: 	at com.coloros.safecenter.defaultapp.b.a.g(Browser.java:189)
01-14 17:02:22.773  3612 21159 W System.err: 	at com.coloros.safecenter.defaultapp.b.a(DefaultAppManagerImpl.java:338)
01-14 17:02:22.773  3612 21159 W System.err: 	at com.coloros.safecenter.defaultapp.c.a(DefaultAppProxy.java:134)
01-14 17:02:22.773  3612 21159 W System.err: 	at com.coloros.safecenter.defaultapp.service.DefaultAppIntentService.onHandleIntent(DefaultAppIntentService.java:112)
01-14 17:02:22.773  3612 21159 W System.err: 	at android.app.IntentService$ServiceHandler.handleMessage(IntentService.java:76)
01-14 17:02:22.773  3612 21159 W System.err: 	at android.os.Handler.dispatchMessage(Handler.java:106)
01-14 17:02:22.773  3612 21159 W System.err: 	at android.os.Looper.loop(Looper.java:198)
01-14 17:02:22.773  3612 21159 W System.err: 	at android.os.HandlerThread.run(HandlerThread.java:65)
01-14 17:02:22.775  3612 21159 W System.err: android.content.pm.PackageManager$NameNotFoundException: com.coloros.browser
01-14 17:02:22.775  3612 21159 W System.err: 	at android.app.ApplicationPackageManager.getPackageInfo(ApplicationPackageManager.java:186)
01-14 17:02:22.775  3612 21159 W System.err: 	at com.coloros.safecenter.defaultapp.d.b(DefaultAppUtils.java:82)
01-14 17:02:22.775  3612 21159 W System.err: 	at com.coloros.safecenter.defaultapp.b.a.g(Browser.java:189)
01-14 17:02:22.775  3612 21159 W System.err: 	at com.coloros.safecenter.defaultapp.a.w(DefaultApp.java:274)
01-14 17:02:22.775  3612 21159 W System.err: 	at com.coloros.safecenter.defaultapp.b.a.x(Browser.java:213)
01-14 17:02:22.775  3612 21159 W System.err: 	at com.coloros.safecenter.defaultapp.b.a(DefaultAppManagerImpl.java:339)
01-14 17:02:22.775  3612 21159 W System.err: 	at com.coloros.safecenter.defaultapp.c.a(DefaultAppProxy.java:134)
01-14 17:02:22.775  3612 21159 W System.err: 	at com.coloros.safecenter.defaultapp.service.DefaultAppIntentService.onHandleIntent(DefaultAppIntentService.java:112)
01-14 17:02:22.775  3612 21159 W System.err: 	at android.app.IntentService$ServiceHandler.handleMessage(IntentService.java:76)
01-14 17:02:22.775  3612 21159 W System.err: 	at android.os.Handler.dispatchMessage(Handler.java:106)
01-14 17:02:22.775  3612 21159 W System.err: 	at android.os.Looper.loop(Looper.java:198)
01-14 17:02:22.775  3612 21159 W System.err: 	at android.os.HandlerThread.run(HandlerThread.java:65)
01-14 17:02:22.867  3612  3636 W zygote  : Checksum mismatch for dex SafeCenter.apk
01-14 17:02:22.867  3612  3636 W zygote  : Checksum mismatch for dex SafeCenter.apk
01-14 17:02:22.908  1627  2886 D PackageManager: callerName== android.uid.system:1000
01-14 17:02:23.012  1627  3772 D NetworkPolicy: uid 10015 is allowed on unmetered network
01-14 17:02:23.022  1627  3642 D NetworkPolicy: uid 10015 is allowed on unmetered network
01-14 17:02:23.032  1627  2886 D NetworkPolicy: uid 10015 is allowed on unmetered network
01-14 17:02:23.041 14133 14162 I NearmeDatabase: query-operation cost time : 0
01-14 17:02:23.067  1627  2886 I chatty  : uid=1000(system) Binder:1627_6 identical 2 lines
01-14 17:02:23.084  1627  2886 D NetworkPolicy: uid 10015 is allowed on unmetered network
01-14 17:02:23.094  1627  3772 D NetworkPolicy: uid 10015 is allowed on unmetered network
01-14 17:02:23.211  1627  1645 D NetworkPolicy: uid 10015 is allowed on unmetered network
01-14 17:02:23.222  1627  2700 D NetworkPolicy: uid 10015 is allowed on unmetered network
01-14 17:02:23.232  1627  1645 D NetworkPolicy: uid 10015 is allowed on unmetered network
01-14 17:02:23.241  1627  2700 D NetworkPolicy: uid 10015 is allowed on unmetered network
01-14 17:02:23.252  1627  2700 D NetworkPolicy: uid 10015 is allowed on unmetered network
01-14 17:02:23.263  1627  3772 D NetworkPolicy: uid 10015 is allowed on unmetered network
01-14 17:02:23.278  1627  4400 D NetworkPolicy: uid 10015 is allowed on unmetered network
01-14 17:02:23.314  3612 21159 W System.err: android.content.pm.PackageManager$NameNotFoundException: com.coloros.browser
01-14 17:02:23.314  3612 21159 W System.err: 	at android.app.ApplicationPackageManager.getPackageInfo(ApplicationPackageManager.java:186)
01-14 17:02:23.314  3612 21159 W System.err: 	at com.coloros.safecenter.defaultapp.d.b(DefaultAppUtils.java:82)
01-14 17:02:23.314  3612 21159 W System.err: 	at com.coloros.safecenter.defaultapp.b.a.g(Browser.java:189)
01-14 17:02:23.314  3612 21159 W System.err: 	at com.coloros.safecenter.defaultapp.b.a(DefaultAppManagerImpl.java:338)
01-14 17:02:23.314  3612 21159 W System.err: 	at com.coloros.safecenter.defaultapp.c.a(DefaultAppProxy.java:134)
01-14 17:02:23.314  3612 21159 W System.err: 	at com.coloros.safecenter.defaultapp.service.DefaultAppIntentService.onHandleIntent(DefaultAppIntentService.java:112)
01-14 17:02:23.314  3612 21159 W System.err: 	at android.app.IntentService$ServiceHandler.handleMessage(IntentService.java:76)
01-14 17:02:23.314  3612 21159 W System.err: 	at android.os.Handler.dispatchMessage(Handler.java:106)
01-14 17:02:23.314  3612 21159 W System.err: 	at android.os.Looper.loop(Looper.java:198)
01-14 17:02:23.314  3612 21159 W System.err: 	at android.os.HandlerThread.run(HandlerThread.java:65)
01-14 17:02:23.317  3612 21159 W System.err: android.content.pm.PackageManager$NameNotFoundException: com.coloros.browser
01-14 17:02:23.317  3612 21159 W System.err: 	at android.app.ApplicationPackageManager.getPackageInfo(ApplicationPackageManager.java:186)
01-14 17:02:23.317  3612 21159 W System.err: 	at com.coloros.safecenter.defaultapp.d.b(DefaultAppUtils.java:82)
01-14 17:02:23.317  3612 21159 W System.err: 	at com.coloros.safecenter.defaultapp.b.a.g(Browser.java:189)
01-14 17:02:23.317  3612 21159 W System.err: 	at com.coloros.safecenter.defaultapp.a.w(DefaultApp.java:274)
01-14 17:02:23.317  3612 21159 W System.err: 	at com.coloros.safecenter.defaultapp.b.a.x(Browser.java:213)
01-14 17:02:23.317  3612 21159 W System.err: 	at com.coloros.safecenter.defaultapp.b.a(DefaultAppManagerImpl.java:339)
01-14 17:02:23.317  3612 21159 W System.err: 	at com.coloros.safecenter.defaultapp.c.a(DefaultAppProxy.java:134)
01-14 17:02:23.317  3612 21159 W System.err: 	at com.coloros.safecenter.defaultapp.service.DefaultAppIntentService.onHandleIntent(DefaultAppIntentService.java:112)
01-14 17:02:23.317  3612 21159 W System.err: 	at android.app.IntentService$ServiceHandler.handleMessage(IntentService.java:76)
01-14 17:02:23.317  3612 21159 W System.err: 	at android.os.Handler.dispatchMessage(Handler.java:106)
01-14 17:02:23.317  3612 21159 W System.err: 	at android.os.Looper.loop(Looper.java:198)
01-14 17:02:23.317  3612 21159 W System.err: 	at android.os.HandlerThread.run(HandlerThread.java:65)
01-14 17:02:23.374 14977 21160 W ResourceType: ResTable_typeSpec entry count inconsistent: given 156, previously 157
01-14 17:02:23.375 14977 21160 W ResourceType: ResTable_typeSpec entry count inconsistent: given 1848, previously 2098
01-14 17:02:23.375 14977 21160 W ResourceType: ResTable_typeSpec entry count inconsistent: given 1410, previously 1413
01-14 17:02:23.375 14977 21160 W ResourceType: ResTable_typeSpec entry count inconsistent: given 257, previously 1641
01-14 17:02:23.477  1627  3772 D PackageManager: callerName== android.uid.system:1000
01-14 17:02:23.601 21197 21197 W ADebug  : Failed to get property persist.sys.media.traces
01-14 17:02:23.669 21197 21197 D AndroidRuntime: >>>>>> START com.android.internal.os.RuntimeInit uid 2000 <<<<<<
01-14 17:02:23.848 21197 21197 I app_process: The ClassLoaderContext is a special shared library.
01-14 17:02:23.905 21197 21197 D AndroidRuntime: Calling main entry com.android.commands.pm.Pm
01-14 17:02:23.936 21197 21205 W MessageQueue: Handler (android.os.Handler) {9f8234e} sending message to a Handler on a dead thread
01-14 17:02:23.936 21197 21205 W MessageQueue: java.lang.IllegalStateException: Handler (android.os.Handler) {9f8234e} sending message to a Handler on a dead thread
01-14 17:02:23.936 21197 21205 W MessageQueue: 	at android.os.MessageQueue.enqueueMessage(MessageQueue.java:545)
01-14 17:02:23.936 21197 21205 W MessageQueue: 	at android.os.Handler.enqueueMessage(Handler.java:662)
01-14 17:02:23.936 21197 21205 W MessageQueue: 	at android.os.Handler.sendMessageAtTime(Handler.java:631)
01-14 17:02:23.936 21197 21205 W MessageQueue: 	at android.os.Handler.sendMessageDelayed(Handler.java:601)
01-14 17:02:23.936 21197 21205 W MessageQueue: 	at android.os.Handler.post(Handler.java:357)
01-14 17:02:23.936 21197 21205 W MessageQueue: 	at android.os.ResultReceiver$MyResultReceiver.send(ResultReceiver.java:57)
01-14 17:02:23.936 21197 21205 W MessageQueue: 	at com.android.internal.os.IResultReceiver$Stub.onTransact(IResultReceiver.java:58)
01-14 17:02:23.936 21197 21205 W MessageQueue: 	at android.os.Binder.execTransact(Binder.java:697)
01-14 17:02:23.936 21197 21197 I app_process: System.exit called, status: 0
01-14 17:02:23.936 21197 21197 I AndroidRuntime: VM exiting with result code 0.
01-14 17:02:23.950  1627  3602 I BackupManagerService: FullBackupJob.schedule canceled from scheduleNextFullBackupJob Method
01-14 17:02:24.493 21209 21209 W ADebug  : Failed to get property persist.sys.media.traces
01-14 17:02:24.554 21209 21209 D AndroidRuntime: >>>>>> START com.android.internal.os.RuntimeInit uid 2000 <<<<<<
01-14 17:02:24.735 21209 21209 I app_process: The ClassLoaderContext is a special shared library.
01-14 17:02:24.791 21209 21209 D AndroidRuntime: Calling main entry com.android.commands.ime.Ime
01-14 17:02:24.795 21209 21209 D AndroidRuntime: Shutting down VM
--------- beginning of crash
01-14 17:02:24.796 21209 21209 E AndroidRuntime: *** FATAL EXCEPTION IN SYSTEM PROCESS: main
01-14 17:02:24.796 21209 21209 E AndroidRuntime: java.lang.SecurityException: Requires permission android.permission.WRITE_SECURE_SETTINGS
01-14 17:02:24.796 21209 21209 E AndroidRuntime: 	at android.os.Parcel.readException(Parcel.java:2029)
01-14 17:02:24.796 21209 21209 E AndroidRuntime: 	at android.os.Parcel.readException(Parcel.java:1975)
01-14 17:02:24.796 21209 21209 E AndroidRuntime: 	at com.android.internal.view.IInputMethodManager$Stub$Proxy.setInputMethodEnabled(IInputMethodManager.java:1026)
01-14 17:02:24.796 21209 21209 E AndroidRuntime: 	at com.android.commands.ime.Ime.runSetEnabled(Ime.java:147)
01-14 17:02:24.796 21209 21209 E AndroidRuntime: 	at com.android.commands.ime.Ime.run(Ime.java:65)
01-14 17:02:24.796 21209 21209 E AndroidRuntime: 	at com.android.commands.ime.Ime.main(Ime.java:40)
01-14 17:02:24.796 21209 21209 E AndroidRuntime: 	at com.android.internal.os.RuntimeInit.nativeFinishInit(Native Method)
01-14 17:02:24.796 21209 21209 E AndroidRuntime: 	at com.android.internal.os.RuntimeInit.main(RuntimeInit.java:363)
01-14 17:02:24.797 21209 21209 E AndroidRuntime: Error reporting crash
01-14 17:02:24.797 21209 21209 E AndroidRuntime: java.lang.RuntimeException: Bad file descriptor
01-14 17:02:24.797 21209 21209 E AndroidRuntime: 	at android.os.BinderProxy.transactNative(Native Method)
01-14 17:02:24.797 21209 21209 E AndroidRuntime: 	at android.os.BinderProxy.transact(Binder.java:766)
01-14 17:02:24.797 21209 21209 E AndroidRuntime: 	at android.os.ServiceManagerProxy.getService(ServiceManagerNative.java:123)
01-14 17:02:24.797 21209 21209 E AndroidRuntime: 	at android.os.ServiceManager.getService(ServiceManager.java:56)
01-14 17:02:24.797 21209 21209 E AndroidRuntime: 	at android.app.ActivityManager$1.create(ActivityManager.java:4279)
01-14 17:02:24.797 21209 21209 E AndroidRuntime: 	at android.app.ActivityManager$1.create(ActivityManager.java:4277)
01-14 17:02:24.797 21209 21209 E AndroidRuntime: 	at android.util.Singleton.get(Singleton.java:34)
01-14 17:02:24.797 21209 21209 E AndroidRuntime: 	at android.app.ActivityManager.getService(ActivityManager.java:4272)
01-14 17:02:24.797 21209 21209 E AndroidRuntime: 	at com.android.internal.os.RuntimeInit$KillApplicationHandler.uncaughtException(RuntimeInit.java:187)
01-14 17:02:24.797 21209 21209 E AndroidRuntime: 	at java.lang.ThreadGroup.uncaughtException(ThreadGroup.java:1068)
01-14 17:02:24.797 21209 21209 E AndroidRuntime: 	at java.lang.ThreadGroup.uncaughtException(ThreadGroup.java:1063)
01-14 17:02:24.797 21209 21209 E AndroidRuntime: 	at java.lang.Thread.dispatchUncaughtException(Thread.java:1955)
01-14 17:02:24.797 21209 21209 I Process : Sending signal. PID: 21209 SIG: 9
01-14 17:02:25.018  1627  2434 I MessageQueue: searched 10000messages,recent msg is { when=-1d9h44m55s870ms callback=com.android.server.wifi.OppoTcpInfoMonitor$1 target=android.os.Handler }head message is { when=-1d23h18m45s935ms callback=com.android.server.wifi.OppoTcpInfoMonitor$1 target=android.os.Handler }
01-14 17:02:25.019  1627  2434 I MessageQueue: searched 20000messages,recent msg is { when=-20h18m16s57ms callback=com.android.server.wifi.OppoTcpInfoMonitor$1 target=android.os.Handler }head message is { when=-1d23h18m45s935ms callback=com.android.server.wifi.OppoTcpInfoMonitor$1 target=android.os.Handler }
01-14 17:02:25.019  1627  2434 I MessageQueue: searched 30000messages,recent msg is { when=-7h6m21s229ms callback=com.android.server.wifi.OppoTcpInfoMonitor$1 target=android.os.Handler }head message is { when=-1d23h18m45s936ms callback=com.android.server.wifi.OppoTcpInfoMonitor$1 target=android.os.Handler }
01-14 17:02:25.191 16795 16795 I wpa_supplicant: TDLS: No matching entry found for Teardown 54:27:58:ff:5e:b5
01-14 17:02:25.191 16795 16795 I chatty  : uid=1010(wifi) /vendor/bin/hw/wpa_supplicant identical 6 lines
01-14 17:02:25.192 16795 16795 I wpa_supplicant: TDLS: No matching entry found for Teardown 54:27:58:ff:5e:b5
01-14 17:02:25.298 21219 21219 W ADebug  : Failed to get property persist.sys.media.traces
01-14 17:02:25.360 21219 21219 D AndroidRuntime: >>>>>> START com.android.internal.os.RuntimeInit uid 2000 <<<<<<
01-14 17:02:25.544 21219 21219 I app_process: The ClassLoaderContext is a special shared library.
01-14 17:02:25.603 21219 21219 D AndroidRuntime: Calling main entry com.android.commands.ime.Ime
01-14 17:02:25.605 21219 21219 D AndroidRuntime: Shutting down VM
01-14 17:02:25.606 21219 21219 E AndroidRuntime: *** FATAL EXCEPTION IN SYSTEM PROCESS: main
01-14 17:02:25.606 21219 21219 E AndroidRuntime: java.lang.SecurityException: Using null token requires permission android.permission.WRITE_SECURE_SETTINGS
01-14 17:02:25.606 21219 21219 E AndroidRuntime: 	at android.os.Parcel.readException(Parcel.java:2029)
01-14 17:02:25.606 21219 21219 E AndroidRuntime: 	at android.os.Parcel.readException(Parcel.java:1975)
01-14 17:02:25.606 21219 21219 E AndroidRuntime: 	at com.android.internal.view.IInputMethodManager$Stub$Proxy.setInputMethod(IInputMethodManager.java:777)
01-14 17:02:25.606 21219 21219 E AndroidRuntime: 	at com.android.commands.ime.Ime.runSet(Ime.java:174)
01-14 17:02:25.606 21219 21219 E AndroidRuntime: 	at com.android.commands.ime.Ime.run(Ime.java:75)
01-14 17:02:25.606 21219 21219 E AndroidRuntime: 	at com.android.commands.ime.Ime.main(Ime.java:40)
01-14 17:02:25.606 21219 21219 E AndroidRuntime: 	at com.android.internal.os.RuntimeInit.nativeFinishInit(Native Method)
01-14 17:02:25.606 21219 21219 E AndroidRuntime: 	at com.android.internal.os.RuntimeInit.main(RuntimeInit.java:363)
01-14 17:02:25.607 21219 21219 E AndroidRuntime: Error reporting crash
01-14 17:02:25.607 21219 21219 E AndroidRuntime: java.lang.RuntimeException: Bad file descriptor
01-14 17:02:25.607 21219 21219 E AndroidRuntime: 	at android.os.BinderProxy.transactNative(Native Method)
01-14 17:02:25.607 21219 21219 E AndroidRuntime: 	at android.os.BinderProxy.transact(Binder.java:766)
01-14 17:02:25.607 21219 21219 E AndroidRuntime: 	at android.os.ServiceManagerProxy.getService(ServiceManagerNative.java:123)
01-14 17:02:25.607 21219 21219 E AndroidRuntime: 	at android.os.ServiceManager.getService(ServiceManager.java:56)
01-14 17:02:25.607 21219 21219 E AndroidRuntime: 	at android.app.ActivityManager$1.create(ActivityManager.java:4279)
01-14 17:02:25.607 21219 21219 E AndroidRuntime: 	at android.app.ActivityManager$1.create(ActivityManager.java:4277)
01-14 17:02:25.607 21219 21219 E AndroidRuntime: 	at android.util.Singleton.get(Singleton.java:34)
01-14 17:02:25.607 21219 21219 E AndroidRuntime: 	at android.app.ActivityManager.getService(ActivityManager.java:4272)
01-14 17:02:25.607 21219 21219 E AndroidRuntime: 	at com.android.internal.os.RuntimeInit$KillApplicationHandler.uncaughtException(RuntimeInit.java:187)
01-14 17:02:25.607 21219 21219 E AndroidRuntime: 	at java.lang.ThreadGroup.uncaughtException(ThreadGroup.java:1068)
01-14 17:02:25.607 21219 21219 E AndroidRuntime: 	at java.lang.ThreadGroup.uncaughtException(ThreadGroup.java:1063)
01-14 17:02:25.607 21219 21219 E AndroidRuntime: 	at java.lang.Thread.dispatchUncaughtException(Thread.java:1955)
01-14 17:02:25.607 21219 21219 I Process : Sending signal. PID: 21219 SIG: 9
01-14 17:02:25.680  1627  1697 W WindowManager: removeWindowToken: Attempted to remove non-existing token: android.os.Binder@ca953b4
01-14 17:02:25.700  1627  1697 W ResourceType: ResTable_typeSpec entry count inconsistent: given 402, previously 408
01-14 17:02:25.700  1627  1697 W ResourceType: ResTable_typeSpec entry count inconsistent: given 445, previously 447
01-14 17:02:25.700  1627  1697 W ResourceType: ResTable_typeSpec entry count inconsistent: given 191, previously 779
01-14 17:02:25.707  1627  1697 W ResourceType: ResTable_typeSpec entry count inconsistent: given 37, previously 195
01-14 17:02:25.707  1627  1697 W ResourceType: ResTable_typeSpec entry count inconsistent: given 198, previously 203
01-14 17:02:25.707  1627  1697 W ResourceType: ResTable_typeSpec entry count inconsistent: given 158, previously 521
01-14 17:02:25.710  1627  1697 W ResourceType: For resource 0x7f1000b1, entry index(177) is beyond type entryCount(37)
01-14 17:02:28.139 21230 21230 W ADebug  : Failed to get property persist.sys.media.traces
01-14 17:02:28.200 21230 21230 D AndroidRuntime: >>>>>> START com.android.internal.os.RuntimeInit uid 2000 <<<<<<
01-14 17:02:28.379 21230 21230 I app_process: The ClassLoaderContext is a special shared library.
01-14 17:02:28.381 21230 21230 I app_process: The ClassLoaderContext is a special shared library.
01-14 17:02:28.442 21230 21230 D AndroidRuntime: Calling main entry tv.panda.test.monkey.Monkey
01-14 17:02:28.508 21230 21230 E System  : Unable to open zip file: /sdcard/framework.jar
01-14 17:02:28.509 21230 21230 E System  : java.util.zip.ZipException: error in opening zip file
01-14 17:02:28.509 21230 21230 E System  : 	at java.util.zip.ZipFile.open(Native Method)
01-14 17:02:28.509 21230 21230 E System  : 	at java.util.zip.ZipFile.<init>(ZipFile.java:235)
01-14 17:02:28.509 21230 21230 E System  : 	at java.util.zip.ZipFile.<init>(ZipFile.java:149)
01-14 17:02:28.509 21230 21230 E System  : 	at java.util.jar.JarFile.<init>(JarFile.java:160)
01-14 17:02:28.509 21230 21230 E System  : 	at java.util.jar.JarFile.<init>(JarFile.java:97)
01-14 17:02:28.509 21230 21230 E System  : 	at libcore.io.ClassPathURLStreamHandler.<init>(ClassPathURLStreamHandler.java:47)
01-14 17:02:28.509 21230 21230 E System  : 	at dalvik.system.DexPathList$Element.maybeInit(DexPathList.java:660)
01-14 17:02:28.509 21230 21230 E System  : 	at dalvik.system.DexPathList$Element.findResource(DexPathList.java:687)
01-14 17:02:28.509 21230 21230 E System  : 	at dalvik.system.DexPathList.findResources(DexPathList.java:506)
01-14 17:02:28.509 21230 21230 E System  : 	at dalvik.system.BaseDexClassLoader.findResources(BaseDexClassLoader.java:149)
01-14 17:02:28.509 21230 21230 E System  : 	at java.lang.ClassLoader.getResources(ClassLoader.java:839)
01-14 17:02:28.509 21230 21230 E System  : 	at javax.xml.xpath.XPathFactoryFinder.createServiceFileIterator(XPathFactoryFinder.java:332)
01-14 17:02:28.509 21230 21230 E System  : 	at javax.xml.xpath.XPathFactoryFinder._newFactory(XPathFactoryFinder.java:200)
01-14 17:02:28.509 21230 21230 E System  : 	at javax.xml.xpath.XPathFactoryFinder.newFactory(XPathFactoryFinder.java:147)
01-14 17:02:28.509 21230 21230 E System  : 	at javax.xml.xpath.XPathFactory.newInstance(XPathFactory.java:148)
01-14 17:02:28.509 21230 21230 E System  : 	at javax.xml.xpath.XPathFactory.newInstance(XPathFactory.java:69)
01-14 17:02:28.509 21230 21230 E System  : 	at tv.panda.test.monkey.ape.model.XPathBuilder.<clinit>(XPathBuilder.kt:8)
01-14 17:02:28.509 21230 21230 E System  : 	at tv.panda.test.monkey.ape.model.SpecialEventReader.build(SpecialEventReader.kt:18)
01-14 17:02:28.509 21230 21230 E System  : 	at tv.panda.test.monkey.ape.model.SpecialEventReader.buildActions(SpecialEventReader.kt:63)
01-14 17:02:28.509 21230 21230 E System  : 	at tv.panda.test.monkey.ape.model.SpecialEventReader.read(SpecialEventReader.kt:86)
01-14 17:02:28.509 21230 21230 E System  : 	at tv.panda.test.monkey.ape.model.SpecialEventController.<clinit>(SpecialEventController.kt:40)
01-14 17:02:28.509 21230 21230 E System  : 	at tv.panda.test.monkey.Monkey.<init>(Monkey.kt:103)
01-14 17:02:28.509 21230 21230 E System  : 	at tv.panda.test.monkey.Monkey$Companion.main(Monkey.kt:1422)
01-14 17:02:28.509 21230 21230 E System  : 	at tv.panda.test.monkey.Monkey.main(Unknown Source:2)
01-14 17:02:28.509 21230 21230 E System  : 	at com.android.internal.os.RuntimeInit.nativeFinishInit(Native Method)
01-14 17:02:28.509 21230 21230 E System  : 	at com.android.internal.os.RuntimeInit.main(RuntimeInit.java:363)
01-14 17:02:28.562 21230 21239 D libc-netbsd: [getaddrinfo]:  hostname=www.google-analytics.com;  servname=(null);  app_pid=21230;  app_uid=2000;  ai_flags=1024;  ai_family=0; ai_socktype=1 from prox result 0
01-14 17:02:28.583  1627  1645 I ActivityManager: Killing 6575:com.facebook.katana/u0a144 (adj 906): empty #17
01-14 17:02:28.585  1627  1669 W zygote64: kill(-6575, 9) failed: No such process
01-14 17:02:28.657  1627  2700 W ActivityManager: app.persistent false app.isolated false app.removed false app ProcessRecord{f86f35e 6575:com.facebook.katana/u0a144}
01-14 17:02:28.654  1627  1669 I chatty  : uid=1000(system) ActivityManager identical 10 lines
01-14 17:02:28.867 15347 15347 I chatty  : uid=10541(com.nemo.starhalo) expire 3 lines
01-14 17:02:29.568  1627  2700 I chatty  : uid=1000(system) Binder:1627_5 expire 1 line
01-14 17:02:29.574  1627  1668 W BroadcastQueue: Skipping deliver [background] BroadcastRecord{cbb5c7c u-1 android.net.conn.CONNECTIVITY_CHANGE} to ReceiverList{5dc5905 21230 (unknown name)/2000/u-1 remote:8272a4e}: process gone or crashing
01-14 17:02:30.022  1627  2434 I chatty  : uid=1000(system) WifiStateMachin expire 3 lines
01-14 17:02:31.256 15347 15528 I chatty  : uid=10541(com.nemo.starhalo) pool-7-thread-1 expire 1 line
01-14 17:02:31.313  1627  2700 I ActivityManager: Start proc 21244:com.facebook.katana/u0a144 for content provider com.facebook.katana/.provider.AttributionIdProvider
01-14 17:02:31.357  1627  2919 I chatty  : uid=1000(system) Binder:1627_9 expire 1 line
01-14 17:02:31.366 21244 21244 V ActivityThread: disableDeathOnFileUriExposure com.facebook.katana
01-14 17:02:31.445 21244 21244 W SoLoader: context.getApplicationContext returned null, holding reference to original context.
01-14 17:02:31.656  1627  3642 I ActivityManager: START u0 {act=android.intent.action.MAIN cat=[android.intent.category.LAUNCHER] flg=0x10200000 cmp=com.nemo.starhalo/.ui.LaunchActivity} from uid 2000 and from pid 21230
01-14 17:02:31.657  1627 21242 I chatty  : uid=1000 system_server expire 1 line
01-14 17:02:31.665  1627  3642 I chatty  : uid=1000(system) Binder:1627_C expire 4 lines
01-14 17:02:31.666 21244 21244 W dalvik-internals: ignoring failure to find _ZN3art12FaultManager35EnsureArtActionInFrontOfSignalChainEv: could not hook _ZN3art12FaultManager35EnsureArtActionInFrontOfSignalChainEv
01-14 17:02:31.666 21244 21244 V dalvik-internals: hooked signal using trap ()
01-14 17:02:31.666 21244 21244 V dalvik-internals: hooked sysv_signal using trap ()
01-14 17:02:31.666 21244 21244 V dalvik-internals: hooked bsd_signal using trap ()
01-14 17:02:31.666 21244 21244 V dalvik-internals: hooked sigaction using trap ()
01-14 17:02:31.667 21244 21244 D CACHE_HINTS: Entering madvise file
01-14 17:02:31.668 21244 21244 D CACHE_HINTS: MADVISE_RAND file 0xcbd33000 503807 /data/app/com.facebook.katana--GVIQvKvbg-kdJdz4OQL4g==/base.apk
01-14 17:02:31.668 21244 21244 D CACHE_HINTS: MADVISE_RAND file 0xddf6b000 339967 /data/app/com.facebook.katana--GVIQvKvbg-kdJdz4OQL4g==/base.apk
01-14 17:02:31.674  1627  2886 I chatty  : uid=1000(system) Binder:1627_6 expire 3 lines
01-14 17:02:31.680  1627  2886 V WindowManager: Changing focus from Window{c8d1ce5 u0 com.oppo.launcher/com.oppo.launcher.Launcher} to null
01-14 17:02:31.682  1627  2886 D ActivityManager: TOP_APP is ProcessRecord{7fdc0bf 15347:com.nemo.starhalo/u0a541} uid is 10541
01-14 17:02:31.723  1627  1645 I chatty  : uid=1000(system) Binder:1627_1 expire 1 line
01-14 17:02:31.723  1627  2886 D NetworkPolicy: uid 10541 is allowed on unmetered network
01-14 17:02:31.724  1627  2411 D NetworkPolicy: no need to update restrict data rules for uid 99117
01-14 17:02:31.725  1627  2411 D NetworkPolicy: no need to update restrict power rules for uid 99117
01-14 17:02:31.725  1627  2411 D NetworkPolicy: no need to update restrict data rules for uid 99114
01-14 17:02:31.725  1627  2411 D NetworkPolicy: no need to update restrict power rules for uid 99114
01-14 17:02:31.726  1627  2411 I chatty  : uid=1000(system) tworkPolicy.uid expire 14 lines
01-14 17:02:31.726  1627  2411 V NetworkPolicy: setMeteredNetworkWhitelist 10541: true
01-14 17:02:31.727  1627  2410 D NetworkPolicy: uid 10541 is allowed on unmetered network
01-14 17:02:31.727  1627  2886 D NetworkPolicy: uid 10541 is allowed on unmetered network
01-14 17:02:31.727  1627  2410 D NetworkPolicy: uid 10541 is allowed on unmetered network
01-14 17:02:31.727  1627  2411 V NetworkPolicy: setMeteredNetworkWhitelist 10144: true
01-14 17:02:31.728  1627  2919 D NetworkPolicy: uid 10541 is allowed on unmetered network
01-14 17:02:31.728  1627  2411 V NetworkPolicy: setMeteredNetworkWhitelist 10022: true
01-14 17:02:31.731  1627  2919 D NetworkPolicy: uid 10541 is allowed on unmetered network
01-14 17:02:31.732  1627  2410 D NetworkPolicy: uid 10144 is allowed on unmetered network
01-14 17:02:31.733 15347 21263 I chatty  : uid=10541(com.nemo.starhalo) pool-10-thread- expire 270 lines
01-14 17:02:31.740  1627  2886 I chatty  : uid=1000(system) Binder:1627_6 expire 3 lines
01-14 17:02:31.740   672   672 E qti_sensors_hal: batch:sensor(android.sensor.accelerometer) handle:1 enabled:0 flags:0x0 period_ns 66667000
01-14 17:02:31.740   672   672 E qti_sensors_hal: batch:sensor(android.sensor.accelerometer) sample_rate=14.999925Hz report_rate_f=0.000000Hz curr sample rate:14.999925 cur rpt rate:0 max:200.000000 min:1.000000
01-14 17:02:31.733  1627  2410 I chatty  : uid=1000(system) NetworkPolicy identical 4 lines
01-14 17:02:31.733  1627  2410 D NetworkPolicy: uid 10144 is allowed on unmetered network
01-14 17:02:31.742  1627  2919 D NetworkPolicy: uid 10541 is allowed on unmetered network
01-14 17:02:31.746 21244 21244 W CrashLoopRemedyLog: unable to delete remedy log, instaCrash: false
01-14 17:02:31.746 21244 21244 W CrashLoopRemedyLog: unable to delete remedy log, instaCrash: true
01-14 17:02:31.749 21244 21244 W FacebookApplication: Errorreporting: false true
01-14 17:02:31.753  1627  2886 D NetworkPolicy: uid 10541 is allowed on unmetered network
01-14 17:02:31.756  1627  3642 D NetworkPolicy: uid 10541 is allowed on unmetered network
01-14 17:02:31.759 15347 15347 I chatty  : uid=10541(com.nemo.starhalo) expire 18 lines
01-14 17:02:31.765  1627  2919 V WindowManager: Changing focus from null to Window{8111253 u0 com.nemo.starhalo/com.nemo.starhalo.ui.home.HomeActivity}
01-14 17:02:31.765  9081  9081 I StatusBar: setNavigationBarColor() vis:0 color:fffbfbfb expandNavBar:false mNavigationBarEnableStatus:0
01-14 17:02:31.766  9081  9081 D BarTransitions.NavigationBarView: setForceOpaque forceOpaque:false color:0 @com.android.systemui.statusbar.phone.NavigationBarTransitions@d25a2d
01-14 17:02:31.778  1627  3642 D NetworkPolicy: uid 10541 is allowed on unmetered network
01-14 17:02:31.782 15347 21270 I chatty  : uid=10541(com.nemo.starhalo) pool-10-thread- expire 280 lines
01-14 17:02:31.795  1627  1682 I chatty  : uid=1000(system) batterystats-wo expire 3 lines
01-14 17:02:31.816   660  4667 D vendor.qti.bluetooth@1.0-bluetooth_hci: BluetoothHci::event call back-->
01-14 17:02:31.818  1627  1682 E BatteryExternalStatsWorker: no controller energy info supplied for wifi
01-14 17:02:31.818  4490  4658 D bt_hci  : hciEventReceived-->
01-14 17:02:31.818  4490  4658 D bt_hci  : hciEventReceived<--
01-14 17:02:31.819   660  4667 D vendor.qti.bluetooth@1.0-bluetooth_hci: BluetoothHci::event call back<--
01-14 17:02:31.821 21244 21244 E ACRA    : Initializing ANR detector for process: com.facebook.katana
01-14 17:02:31.825 21244 21244 W MultiSignalANRDetector: Starting
01-14 17:02:31.826 21244 21244 W ProcessAnrErrorMonitor: startMonitoring with delay: 4000
01-14 17:02:31.832  1627  2209 I WindowManager: 	mScreenShotDisabled is true
01-14 17:02:31.867   672   862 E qti_sensors_hal: processReportInd:accel X: -0.599426 Y: -1.318375 Z: 9.821350 , timestamp = 2683415600
01-14 17:02:31.904   672   862 E qti_sensors_hal: processReportInd:accel X: -0.560196 Y: -1.259521 Z: 9.762512 , timestamp = 2683416872
01-14 17:02:31.914 21244 21282 E zygote  : No implementation found for int com.facebook.soloader.MergedSoMapping$Invoke_JNI_OnLoad.libaborthooks_so() (tried Java_com_facebook_soloader_MergedSoMapping_00024Invoke_1JNI_1OnLoad_libaborthooks_1so and Java_com_facebook_soloader_MergedSoMapping_00024Invoke_1JNI_1OnLoad_libaborthooks_1so__)
01-14 17:02:31.915 21244 21282 E FacebookApplication: Unable to install abort hooks
01-14 17:02:31.915 21244 21282 E FacebookApplication: java.lang.UnsatisfiedLinkError: No implementation found for int com.facebook.soloader.MergedSoMapping$Invoke_JNI_OnLoad.libaborthooks_so() (tried Java_com_facebook_soloader_MergedSoMapping_00024Invoke_1JNI_1OnLoad_libaborthooks_1so and Java_com_facebook_soloader_MergedSoMapping_00024Invoke_1JNI_1OnLoad_libaborthooks_1so__)
01-14 17:02:31.915 21244 21282 E FacebookApplication: 	at com.facebook.soloader.MergedSoMapping$Invoke_JNI_OnLoad.libaborthooks_so(Native Method)
01-14 17:02:31.915 21244 21282 E FacebookApplication: 	at X.0AK.A0A(:6023)
01-14 17:02:31.915 21244 21282 E FacebookApplication: 	at X.0AK.A09(:5084)
01-14 17:02:31.915 21244 21282 E FacebookApplication: 	at X.0AK.A08(:1)
01-14 17:02:31.915 21244 21282 E FacebookApplication: 	at com.facebook.aborthooks.AbortHooks.<clinit>(:2)
01-14 17:02:31.915 21244 21282 E FacebookApplication: 	at com.facebook.aborthooks.AbortHooks.install(Native Method)
01-14 17:02:31.915 21244 21282 E FacebookApplication: 	at com.facebook.katana.app.FacebookApplication.A0E(:192)
01-14 17:02:31.915 21244 21282 E FacebookApplication: 	at X.002.A0A(:5)
01-14 17:02:31.915 21244 21282 E FacebookApplication: 	at X.0Am.run(:2)
01-14 17:02:31.915 21244 21282 I zygote  : Deoptimizing int X.09g.A00(android.content.Context, java.lang.String, int) due to JIT inline cache
01-14 17:02:31.918 21244 21249 I zygote  : Do partial code cache collection, code=5KB, data=29KB
01-14 17:02:31.918 21244 21249 I zygote  : After code cache collection, code=3KB, data=28KB
01-14 17:02:31.918 21244 21249 I zygote  : Increasing code cache capacity to 128KB
01-14 17:02:31.925 21244 21282 I dalvik-internals: installed sigmux crash handler for crash log
01-14 17:02:31.926 21244 21282 V appstatelogger: Registered App State Logger stream with Breakpad
01-14 17:02:31.944   672   862 E qti_sensors_hal: processReportInd:accel X: -0.481750 Y: -1.220306 Z: 9.762512 , timestamp = 2683418182
01-14 17:02:31.945 15347 21268 I chatty  : uid=10541(com.nemo.starhalo) expire 28 lines
01-14 17:02:32.012 21244 21282 D appstatelogger: Successfully distracted _ZN3art7Runtime31GetPreAllocatedOutOfMemoryErrorEv
01-14 17:02:32.024 21244 21249 I zygote  : Method exceeds compiler instruction limit: 20782 in boolean X.0AK.A0A(java.lang.String, java.lang.String, java.lang.String, int, android.os.StrictMode$ThreadPolicy)
01-14 17:02:32.024 21244 21285 D PgoUtils: Trying to int PGO tools for art (Apply String init map fix: 0)
01-14 17:02:32.045 21244 21282 W DexLibLoader: disabling background optimization
01-14 17:02:32.060 21244 21288 I nightwatch-target: waiting on child pid 21289
01-14 17:02:32.060 21244 21284 D SigquitDetector: Signal catcher tid: 21250
01-14 17:02:32.061 21244 21284 D SigquitDetector: Initialized
01-14 17:02:32.065 21244 21276 D         : Function _ZN3art13SignalCatcher6OutputERKNSt3__112basic_stringIcNS1_11char_traitsIcEENS1_9allocatorIcEEEE hooked with result=0
01-14 17:02:32.065 21244 21276 D SigquitDetector: Hooked methods
01-14 17:02:32.067 21244 21284 D         : Function fsync hooked with result=0
01-14 17:02:32.068 21244 21284 D         : Function fdatasync hooked with result=0
01-14 17:02:32.069 21244 21284 D         : Function msync hooked with result=0
01-14 17:02:32.069 21244 21284 D         : Function sync hooked with result=0
01-14 17:02:32.083 21244 21282 V dalvik-internals: Hooking function _ZN3art15DexFileVerifier6VerifyEPKNS_7DexFileEPKhjPKcbPNSt3__112basic_stringIcNS8_11char_traitsIcEENS8_9allocatorIcEEEE
01-14 17:02:32.083 21244 21282 V dalvik-internals: hooked _ZN3art15DexFileVerifier6VerifyEPKNS_7DexFileEPKhjPKcbPNSt3__112basic_stringIcNS8_11char_traitsIcEENS8_9allocatorIcEEEE using trap (unrecognized instruction)
01-14 17:02:32.083 21244 21282 E dalvik-internals: attempting to hook OatFileManager::HasCollisions
01-14 17:02:32.084 21244 21282 V dalvik-internals: Hooking function _ZNK3art14OatFileManager13HasCollisionsEPKNS_7OatFileEPKNS_18ClassLoaderContextEPNSt3__112basic_stringIcNS7_11char_traitsIcEENS7_9allocatorIcEEEE
01-14 17:02:32.084 21244 21282 V dalvik-internals: hooked _ZNK3art14OatFileManager13HasCollisionsEPKNS_7OatFileEPKNS_18ClassLoaderContextEPNSt3__112basic_stringIcNS7_11char_traitsIcEENS7_9allocatorIcEEEE using jump ()
01-14 17:02:32.085 21244 21282 E dalvik-internals: attempting to hook OatFileAssistant::IsUpToDate
01-14 17:02:32.086 21244 21282 V dalvik-internals: Hooking function _ZN3art16OatFileAssistant10IsUpToDateEv
01-14 17:02:32.086 21244 21282 V dalvik-internals: hooked _ZN3art16OatFileAssistant10IsUpToDateEv using jump ()
01-14 17:02:32.086 21244 21282 E dalvik-internals: attempting to hook OatFileAssistant::IsUpToDate
01-14 17:02:32.086 21244 21282 E dalvik-internals: could not hook _ZN3art16OatFileAssistant17OatFileIsUpToDateEv
01-14 17:02:32.086 21244 21282 E dalvik-internals: attempting to hook OatFileAssistant::IsUpToDate
01-14 17:02:32.087 21244 21282 E dalvik-internals: could not hook _ZN3art16OatFileAssistant18OdexFileIsUpToDateEv
01-14 17:02:32.087 21244 21282 E dalvik-internals: attempting to hook OatFileAssistant::IsUpToDate
01-14 17:02:32.087 21244 21282 E dalvik-internals: could not hook _ZN3art16OatFileAssistant22GivenOatFileIsUpToDateERKNS_7OatFileE
01-14 17:02:32.089 21289 21289 I nightwatch-watcher: I have arisen! pid: 21289
01-14 17:02:32.089 21289 21289 I nightwatch-watcher: attached to tid 21288 in pid 21244, ptrace_ret: 0
01-14 17:02:32.089 21289 21289 I nightwatch-watcher: target tid 21288 stopped with signal 19. continuing and delivering signal 0
01-14 17:02:32.102 21244 21282 W MultiDexClassLoader: unable to use native MDCL: falling back to Java impl
01-14 17:02:32.102 21244 21282 W MultiDexClassLoader: java.lang.RuntimeException: Invalid API Level
01-14 17:02:32.102 21244 21282 W MultiDexClassLoader: 	at |lyra|{/data/data/com.facebook.katana/lib-superpack-xz/liblowlevel.so}._ZN8facebook4lyra9cxa_throwEPvPKSt9type_infoPFvS1_E(95E1743F-4B0E-E431-22F5-62A0440E8359:52692)
01-14 17:02:32.102 21244 21282 W MultiDexClassLoader: 	at |lyra|{/data/data/com.facebook.katana/lib-superpack-xz/libcoldstart.so}.(0C5BBC8F-9F3A-3FA6-02BC-71251668EC80:2689226)
01-14 17:02:32.102 21244 21282 W MultiDexClassLoader: 	at |lyra|{/data/data/com.facebook.katana/lib-superpack-xz/libcoldstart.so}.(0C5BBC8F-9F3A-3FA6-02BC-71251668EC80:2684876)
01-14 17:02:32.102 21244 21282 W MultiDexClassLoader: 	at |lyra|{/data/data/com.facebook.katana/lib-superpack-xz/libcoldstart.so}.(0C5BBC8F-9F3A-3FA6-02BC-71251668EC80:2696086)
01-14 17:02:32.102 21244 21282 W MultiDexClassLoader: 	at |lyra|{/data/data/com.facebook.katana/lib-superpack-xz/libcoldstart.so}.(0C5BBC8F-9F3A-3FA6-02BC-71251668EC80:2691364)
01-14 17:02:32.102 21244 21282 W MultiDexClassLoader: 	at com.facebook.common.dextricks.MultiDexClassLoaderArtNative.init(Native Method)
01-14 17:02:32.102 21244 21282 W MultiDexClassLoader: 	at com.facebook.common.dextricks.MultiDexClassLoaderArtNative.<init>(:60)
01-14 17:02:32.102 21244 21282 W MultiDexClassLoader: 	at com.facebook.common.dextricks.MultiDexClassLoader.createMultiDexClassLoader(:71)
01-14 17:02:32.102 21244 21282 W MultiDexClassLoader: 	at com.facebook.common.dextricks.MultiDexClassLoader.install(:92)
01-14 17:02:32.102 21244 21282 W MultiDexClassLoader: 	at com.facebook.common.dextricks.DexStore.loadDexFiles(:10097)
01-14 17:02:32.102 21244 21282 W MultiDexClassLoader: 	at com.facebook.common.dextricks.DexStore.loadAllImpl(:10031)
01-14 17:02:32.102 21244 21282 W MultiDexClassLoader: 	at com.facebook.common.dextricks.DexStore.loadAll(:10)
01-14 17:02:32.102 21244 21282 W MultiDexClassLoader: 	at com.facebook.common.dextricks.DexLibLoader.loadAllImpl(:199)
01-14 17:02:32.102 21244 21282 W MultiDexClassLoader: 	at com.facebook.common.dextricks.DexLibLoader.loadAll(:9477)
01-14 17:02:32.102 21244 21282 W MultiDexClassLoader: 	at com.facebook.common.dextricks.DexLibLoader.loadAll(:9473)
01-14 17:02:32.102 21244 21282 W MultiDexClassLoader: 	at com.facebook.katana.app.FacebookApplication.A03(:9)
01-14 17:02:32.102 21244 21282 W MultiDexClassLoader: 	at com.facebook.katana.app.FacebookApplication.A0E(:1144)
01-14 17:02:32.102 21244 21282 W MultiDexClassLoader: 	at X.002.A0A(:5)
01-14 17:02:32.102 21244 21282 W MultiDexClassLoader: 	at X.0Am.run(:2)
01-14 17:02:32.108 21244 21282 W DexLibLoader: Comparing new 1578733435638 to old 1578733435638
01-14 17:02:32.113 21244 21282 W MemoryReductionHack: Couldn't update the Loader (NoSuchFieldException)
01-14 17:02:32.115 21244 21291 E JitUtils: Should call jit init first
01-14 17:02:32.119 21244 21244 W MultiDexClassLoader: Class oppo.R was loaded on fallback. This should be fixed and added to the shouldAskParent method.
01-14 17:02:32.382 21244 21311 D CACHE_HINTS: Entering madvise file
01-14 17:02:32.383 21244 21311 D CACHE_HINTS: MADVISE_RAND file 0xc7c85000 5222399 /data/data/com.facebook.katana/app_restricks/layouts.bin
01-14 17:02:32.411 21244 21249 I zygote  : Do partial code cache collection, code=33KB, data=50KB
01-14 17:02:32.414 21244 21249 I zygote  : After code cache collection, code=33KB, data=50KB
01-14 17:02:32.414 21244 21249 I zygote  : Increasing code cache capacity to 256KB
01-14 17:02:32.448 21244 21309 E dalvik-internals: skipping IsUpToDate check for incoming dex file
01-14 17:02:32.469 21244 21249 I zygote  : Do full code cache collection, code=40KB, data=126KB
01-14 17:02:32.472 21244 21249 I zygote  : After code cache collection, code=19KB, data=11KB
01-14 17:02:32.537 21244 21296 W zygote  : !bang JNI is deprecated. Switch to @FastNative for void com.facebook.yoga.YogaSetup.jni_enableFacebookInstrumentation()
01-14 17:02:32.537 21244 21296 W zygote  : !bang JNI is deprecated. Switch to @FastNative for void com.facebook.yoga.YogaSetup.jni_resetCounters()
01-14 17:02:32.559  1627  3642 D NetworkPolicy: uid 10144 is allowed on unmetered network
01-14 17:02:32.569  4344  4383 I Launcher.LauncherTraceUtil: writeLauncherStateToFile. The mStateTrace is null!
01-14 17:02:32.562  1627  3642 D NetworkPolicy: uid 10144 is allowed on unmetered network
01-14 17:02:32.571  1627  2411 V NetworkPolicy: setMeteredNetworkWhitelist 10027: true
01-14 17:02:32.597  1627  3642 D NetworkPolicy: uid 10541 is allowed on unmetered network
01-14 17:02:32.618 21244 21303 V tigonliger: tigonliger/JNI_OnLoad called
01-14 17:02:32.619  1627  2411 V NetworkPolicy: setMeteredNetworkWhitelist 10144: true
01-14 17:02:32.620  1627  2410 D NetworkPolicy: uid 10144 is allowed on unmetered network
01-14 17:02:32.671 21244 21306 D libc-netbsd: [getaddrinfo]:  hostname=api.facebook.com;  servname=(null);  app_pid=21244;  app_uid=10144;  ai_flags=1024;  ai_family=0; ai_socktype=1 from prox result 0
01-14 17:02:32.684 21244 21303 V tigonliger: tigonapi/JNI_OnLoad called
01-14 17:02:32.685 21244 21305 D libc-netbsd: [getaddrinfo]:  hostname=b-api.facebook.com;  servname=(null);  app_pid=21244;  app_uid=10144;  ai_flags=1024;  ai_family=0; ai_socktype=1 from prox result 0
01-14 17:02:32.686 21244 21306 D libc-netbsd: [getaddrinfo]:  hostname=b-graph.facebook.com;  servname=(null);  app_pid=21244;  app_uid=10144;  ai_flags=1024;  ai_family=0; ai_socktype=1 from prox result 0
01-14 17:02:32.694 21244 21316 D libc-netbsd: [getaddrinfo]:  hostname=graph.facebook.com;  servname=(null);  app_pid=21244;  app_uid=10144;  ai_flags=1024;  ai_family=0; ai_socktype=1 from prox result 0
01-14 17:02:32.828 21244 21316 E CompactDiskManagerImpl.cpp: Failed to remove new folder structure directories: No such file or directory
01-14 17:02:33.016 21244 21306 E Parcel  : Reading a NULL string not supported here.
01-14 17:02:33.026 21244 21306 I chatty  : uid=10144(com.facebook.katana) identical 54 lines
01-14 17:02:33.026 21244 21306 E Parcel  : Reading a NULL string not supported here.
01-14 17:02:33.211 21244 21249 I zygote  : Compiler allocated 6MB to compile com.google.common.collect.ImmutableList X.0ra.A06(X.0ra, java.lang.String, java.lang.String[], java.lang.String, int)
01-14 17:02:34.042 15347 21330 I chatty  : uid=10541(com.nemo.starhalo) expire 6 lines
01-14 17:02:32.620  1627  2410 I chatty  : uid=1000(system) NetworkPolicy identical 4 lines
01-14 17:02:32.620  1627  2410 D NetworkPolicy: uid 10144 is allowed on unmetered network
01-14 17:02:34.115  1627  2411 V NetworkPolicy: setMeteredNetworkWhitelist 10144: true
01-14 17:02:34.117  1627  2410 D NetworkPolicy: uid 10144 is allowed on unmetered network
01-14 17:02:34.118  1627  2410 I chatty  : uid=1000(system) NetworkPolicy identical 4 lines
01-14 17:02:34.118  1627  2410 D NetworkPolicy: uid 10144 is allowed on unmetered network
01-14 17:02:34.141  1627  2411 V NetworkPolicy: setMeteredNetworkWhitelist 10144: true
01-14 17:02:34.142  1627  2410 D NetworkPolicy: uid 10144 is allowed on unmetered network
01-14 17:02:34.143  1627  2410 I chatty  : uid=1000(system) NetworkPolicy identical 4 lines
01-14 17:02:34.143  1627  2410 D NetworkPolicy: uid 10144 is allowed on unmetered network
01-14 17:02:34.143  1627  4400 D NetworkPolicy: uid 10541 is allowed on unmetered network
01-14 17:02:35.030  1627  2434 I chatty  : uid=1000(system) WifiStateMachin expire 12 lines
01-14 17:02:35.845 21244 21277 W fb4a.ProcessAnrErrorMonitor: Starting process monitor checks for process 'com.facebook.katana'
01-14 17:02:35.846 21244 21277 W fb4a.MultiSignalANRDetector: Started monitoring
01-14 17:02:35.855 15347 15411 I chatty  : uid=10541(com.nemo.starhalo) _attribution.sp expire 72 lines
01-14 17:02:36.068 21244 21285 D         : Verify SuspendResume child finished: 1 status: 253 signalled: 0 signal: 0 retryFlag: 1
01-14 17:02:36.069 21244 21285 D         : Verify SuspendResume timed out. Retry next time
01-14 17:02:36.069 21244 21285 D         : Verify SuspendResume failed [retry: 1] with Verify SuspendResume timed out. Retry next time
01-14 17:02:36.091 21342 21285 W SUSPEND_RESUME: Thread size: 0 Actual thread size: 40
01-14 17:02:36.103 21244 21285 D         : Verify SuspendResume child finished: 1 status: 0 signalled: 0 signal: 0 retryFlag: 1
01-14 17:02:36.103 21244 21285 D         : Setting up SuspendResume succeeded on this platform
01-14 17:02:36.103 21244 21285 D SUSPEND_RESUME: isSuspendResumeSupported: 1
01-14 17:02:36.103 21244 21285 D ART_PGO : verify ArtPGO Called [force verify: 0 target sdk ver: 28 flag name: /ArtPGOV02810]
01-14 17:02:36.111 21244 21285 D         : Skipping verification of Art PGO: Already succeeded previously
01-14 17:02:36.111 21244 21285 D PgoUtils: Art Pgo supported on platform: 1 suspend and resume supported: 1
01-14 17:02:36.111 21244 21285 D PgoUtils: PGO Utils was successfully inited [pgoutils: 1]
01-14 17:02:36.115 21244 21285 D JitUtils: Trying to int jit tools for art
01-14 17:02:36.115 21244 21285 D ART_JIT : verifyArtJitCalls with jit Enabled [force verify: 0] malloc arena pool: 0 Jit sampling weights: 0 mmap race fix: 1 Test Method initialize (Landroid/content/Context;ZLjava/util/List;IZZZZZZ)Z[flag name: /ArtJitEnabledMMapFix_S2A810V12] test methods: [ ( n: testCompileMethod, s: (I)Z )( n: loadInnerNewApiClass, s: (Ljava/lang/String;[Ldalvik/system/DexFile;I)Ljava/lang/Class; ) ]
01-14 17:02:36.118 21244 21285 D         : Previously failed verification of Art Jit, not trying again
01-14 17:02:36.118 21244 21285 D         : Verify Art Jit failed [retry: 0] with Previously failed verification of Art Jit, not trying again
