01-14 17:03:37.774 15347 21409 D LocalImageLoader: /storage/emulated/0/DCIM/Camera/761596224_welike.gif
01-14 17:03:37.774 15347 21409 D LocalImageLoader: /storage/emulated/0/DCIM/Camera/betsey_johnson_fashion_GIF-143455744_welike.gif
01-14 17:03:37.774 15347 21409 D LocalImageLoader: /storage/emulated/0/Pictures/Helo/e1635662b709ba84ed9c9d0251c0c23d.jpg
01-14 17:03:37.774 15347 21409 D LocalImageLoader: /storage/emulated/0/DCIM/Camera/fish_tank_lol_GIF_by_AFV_Pets-175559837_welike.gif
01-14 17:03:37.774 15347 21409 D LocalImageLoader: /storage/emulated/0/DCIM/Camera/day_valentines_GIF-175657110_welike.gif
01-14 17:03:37.774 15347 21409 D LocalImageLoader: /storage/emulated/0/DCIM/Camera/hihihigigigigigigigigigigigigigugugugigjvjvjvjvjvjvigibibjbjbibjvjvjvuvubub-1646230124_welike.jpg
01-14 17:03:37.774 15347 21409 D LocalImageLoader: /storage/emulated/0/Pictures/Helo/1e2c51bc10c6a8e1acaafaf88add1fd2.jpg
01-14 17:03:37.774 15347 21409 D LocalImageLoader: /storage/emulated/0/Pictures/Helo/e0eea7957cf19f3711ca26c6cab68839.jpg
01-14 17:03:37.774 15347 21409 D LocalImageLoader: /storage/emulated/0/Pictures/Helo/3197fabc2725ccff0247f0a08ef0aa1a.jpg
01-14 17:03:37.774 15347 21409 D LocalImageLoader: /storage/emulated/0/Pictures/Helo/3fd672a22eecac4a9e5479a017d5f297.jpg
01-14 17:03:37.774 15347 21409 D LocalImageLoader: /storage/emulated/0/DCIM/Camera/dance_streetdancer3-1560479894_welike.mp4
01-14 17:03:37.774 15347 21409 D LocalImageLoader: /storage/emulated/0/DCIM/Camera/check_out_the_football_legend_messi1676945985_welike.mp4
01-14 17:03:37.774 15347 21409 D LocalImageLoader: /storage/emulated/0/DCIM/Camera/922436658_welike.jpg
01-14 17:03:37.774 15347 21409 D LocalImageLoader: /storage/emulated/0/DCIM/Camera/vinaykumarram_-1273581740_welike.jpg
01-14 17:03:37.774 15347 21409 D LocalImageLoader: /storage/emulated/0/DCIM/Camera/-1440758440_welike.mp4
01-14 17:03:37.774 15347 21409 D LocalImageLoader: /storage/emulated/0/DCIM/Camera/_Koi_Puche_Mere_Dil_Se...1534703668_welike.mp4
01-14 17:03:37.774 15347 21409 D LocalImageLoader: /storage/emulated/0/DCIM/Camera/-967649131_welike.jpg
01-14 17:03:37.774 15347 21409 D LocalImageLoader: /storage/emulated/0/DCIM/Camera/850057393_welike.jpg
01-14 17:03:37.775 15347 21409 D LocalImageLoader: /storage/emulated/0/DCIM/Camera/-1028136719_welike.mp4
01-14 17:03:37.775 15347 21409 D LocalImageLoader: /storage/emulated/0/DCIM/Camera/_-1184417259_welike.mp4
01-14 17:03:37.775 15347 21409 D LocalImageLoader: /storage/emulated/0/DCIM/Camera/John_Cena_hosts_Indian_Flag_in_WWE_whatsapp_status-738620139_welike.mp4
01-14 17:03:37.775 15347 21409 D LocalImageLoader: /storage/emulated/0/DCIM/Camera/tired_princess_and_the_frog_GIF-143459043_welike.gif
01-14 17:03:37.775 15347 21409 D LocalImageLoader: /storage/emulated/0/DCIM/Camera/please_like-467208528_welike.jpg
01-14 17:03:37.775 15347 21409 D LocalImageLoader: /storage/emulated/0/DCIM/Camera/-610304832_welike.jpg
01-14 17:03:37.775 15347 21409 D LocalImageLoader: /storage/emulated/0/DCIM/Camera/_@Rafa1314_1164841246_welike.mp4
01-14 17:03:37.775 15347 21409 D LocalImageLoader: /storage/emulated/0/DCIM/Camera/bbbb1950856220_welike.mp4
01-14 17:03:37.775 15347 21409 D LocalImageLoader: /storage/emulated/0/DCIM/Camera/464391914_welike.mp4
01-14 17:03:37.775 15347 21409 D LocalImageLoader: /storage/emulated/0/DCIM/Camera/nnb-1225790100_welike.mp4
01-14 17:03:37.775 15347 21409 D LocalImageLoader: /storage/emulated/0/DCIM/Camera/likha_hai_kya_naseebo_me-809230331_welike.mp4
01-14 17:03:37.775 15347 21409 D LocalImageLoader: /storage/emulated/0/DCIM/Camera/ttt-80624068_welike.mp4
01-14 17:03:37.775 15347 21409 D LocalImageLoader: /storage/emulated/0/DCIM/Camera/justin_bieber_GIF-143397393_welike.gif
01-14 17:03:37.775 15347 21409 D LocalImageLoader: /storage/emulated/0/DCIM/Camera/1345563954_welike.jpg
01-14 17:03:37.775 15347 21409 D LocalImageLoader: /storage/emulated/0/DCIM/Camera/__romantic_love_481523011_welike.mp4
01-14 17:03:37.775 15347 21409 D LocalImageLoader: /storage/emulated/0/DCIM/Camera/450221622_welike.mp4
01-14 17:03:37.775 15347 21409 D LocalImageLoader: /storage/emulated/0/DCIM/Camera/__friendship__mast_hai_na_friends_1778437684_welike.jpg
01-14 17:03:37.775 15347 21409 D LocalImageLoader: /storage/emulated/0/DCIM/Camera/__funny_1892958657_welike.jpg
01-14 17:03:37.775 15347 21409 D LocalImageLoader: /storage/emulated/0/DCIM/Camera/1726132257_welike.mp4
01-14 17:03:37.776 15347 21409 D LocalImageLoader: /storage/emulated/0/DCIM/Camera/1702444028_welike.mp4
01-14 17:03:37.776 15347 21409 D LocalImageLoader: /storage/emulated/0/DCIM/Camera/-431533770_welike.mp4
01-14 17:03:37.776 15347 21409 D LocalImageLoader: /storage/emulated/0/DCIM/Camera/__love_1716537042_welike.mp4
01-14 17:03:37.776 15347 21409 D LocalImageLoader: /storage/emulated/0/DCIM/Camera/miss_you115070170_welike.mp4
01-14 17:03:37.776 15347 21409 D LocalImageLoader: /storage/emulated/0/DCIM/Camera/-726637013_welike.mp4
01-14 17:03:37.776 15347 21409 D LocalImageLoader: /storage/emulated/0/DCIM/Camera/612064355_welike.mp4
01-14 17:03:37.776 15347 21409 D LocalImageLoader: /storage/emulated/0/DCIM/Camera/1996600477_welike.png
01-14 17:03:37.776 15347 21409 D LocalImageLoader: /storage/emulated/0/DCIM/Camera/____884202671_welike.mp4
01-14 17:03:37.776 15347 21409 D LocalImageLoader: /storage/emulated/0/DCIM/Camera/____RajiniKanth_ka_Comedy._Ab_ye_dekho._-1803547012_welike.mp4
01-14 17:03:37.776 15347 21409 D LocalImageLoader: /storage/emulated/0/DCIM/Camera/931559710_welike.jpg
01-14 17:03:37.776 15347 21409 D LocalImageLoader: /storage/emulated/0/DCIM/Camera/ybbyb__3_3_3_4''&_3_3_4'80((__'72828__-1690678572_welike.mp4
01-14 17:03:37.776 15347 21409 D LocalImageLoader: /storage/emulated/0/DCIM/Camera/jaan_s.......d____-912877778_welike.mp4
01-14 17:03:37.776 15347 21409 D LocalImageLoader: /storage/emulated/0/DCIM/Camera/____1401708321_welike.mp4
01-14 17:03:37.776 15347 21409 D LocalImageLoader: /storage/emulated/0/DCIM/Camera/____-406565311_welike.mp4
01-14 17:03:37.776 15347 21409 D LocalImageLoader: /storage/emulated/0/DCIM/Camera/bbbb-242833986_welike.png
01-14 17:03:37.776 15347 21409 D LocalImageLoader: /storage/emulated/0/DCIM/Camera/-1831811469_welike.mp4
01-14 17:03:37.776 15347 21409 D LocalImageLoader: /storage/emulated/0/DCIM/Camera/-1991762972_welike.mp4
01-14 17:03:37.776 15347 21409 D LocalImageLoader: /storage/emulated/0/DCIM/Camera/mahesh_Kumar1152348697_welike.mp4
01-14 17:03:37.776 15347 21409 D LocalImageLoader: /storage/emulated/0/DCIM/Camera/__/_love_it_802080179_welike.jpg
01-14 17:03:37.777 15347 21409 D LocalImageLoader: /storage/emulated/0/DCIM/Camera/2125538811_welike.jpg
01-14 17:03:37.777 15347 21409 D LocalImageLoader: /storage/emulated/0/DCIM/Camera/__BabaNanak______550______465657796_welike.jpg
01-14 17:03:37.777 15347 21409 D LocalImageLoader: /storage/emulated/0/DCIM/Screenshots/Screenshot_2019-11-21-17-48-09-15.png
01-14 17:03:37.777 15347 21409 D LocalImageLoader: /storage/emulated/0/DCIM/Camera/-1393702491_welike.mp4
01-14 17:03:37.777 15347 21409 D LocalImageLoader: /storage/emulated/0/DCIM/Screenshots/Screenshot_2019-11-20-18-03-05-06.png
01-14 17:03:37.777 15347 21409 D LocalImageLoader: /storage/emulated/0/DCIM/Camera/Tanhaji:_The_Unsung_Warrior_-_Official_Trailer_|_Ajay_D,_Saif_Ali_K,_Kajol_|10_Jan_2020-862477269_welike.mp4
01-14 17:03:37.777 15347 21409 D LocalImageLoader: /storage/emulated/0/DCIM/Camera/__Bollywood_Tadka_-776360525_welike.mp4
01-14 17:03:37.777 15347 21409 D LocalImageLoader: /storage/emulated/0/DCIM/Camera/1260619225_welike.mp4
01-14 17:03:37.777 15347 21409 D LocalImageLoader: /storage/emulated/0/DCIM/Screenshots/Screenshot_2019-11-20-11-46-36-82.png
01-14 17:03:37.777 15347 21409 D LocalImageLoader: /storage/emulated/0/DCIM/Screenshots/Screenshot_2019-11-15-13-54-11-07.png
01-14 17:03:37.777 15347 21409 D LocalImageLoader: /storage/emulated/0/DCIM/Screenshots/Screenshot_2019-11-15-13-54-04-45.png
01-14 17:03:37.777 15347 21409 D LocalImageLoader: /storage/emulated/0/DCIM/Screenshots/Screenshot_2019-11-15-11-52-27-13.png
01-14 17:03:37.777 15347 21409 D LocalImageLoader: /storage/emulated/0/DCIM/Screenshots/Screenshot_2019-11-14-15-15-55-85.png
01-14 17:03:37.777 15347 21409 D LocalImageLoader: /storage/emulated/0/DCIM/Camera/559497580_welike.mp4
01-14 17:03:37.777 15347 21409 D LocalImageLoader: /storage/emulated/0/DCIM/Camera/_____-449876729_welike.jpg
01-14 17:03:37.777 15347 21409 D LocalImageLoader: /storage/emulated/0/DCIM/Camera/Love_whatsapp_status__welike.mp4
01-14 17:03:37.777 15347 21409 D LocalImageLoader: /storage/emulated/0/DCIM/Camera/_GOODNIGHTSTATUS_New_Love_mashup_Dj_Remix_Whatsapp_Status_xxx_Hindi_Old_Song_Remix_|_Love_Status_welike.mp4
01-14 17:03:37.777 15347 21409 D LocalImageLoader: /storage/emulated/0/DCIM/Camera/New_romantic_whatsapp_status__welike.mp4
01-14 17:03:37.777 15347 21409 D LocalImageLoader: /storage/emulated/0/DCIM/Camera/______welike.jpg
01-14 17:03:37.778 15347 21409 D LocalImageLoader: /storage/emulated/0/DCIM/Camera/________welike.mp4
01-14 17:03:37.778 15347 21409 D LocalImageLoader: /storage/emulated/0/DCIM/Camera/-1600117646_welike.mp4
01-14 17:03:37.778 15347 21409 D LocalImageLoader: /storage/emulated/0/DCIM/Camera/sholey_dialog..Dharm_paaji_welike.mp4
01-14 17:03:37.778 15347 21409 D LocalImageLoader: /storage/emulated/0/DCIM/Camera/269512792_welike.mp4
01-14 17:03:37.778 15347 21409 D LocalImageLoader: /storage/emulated/0/DCIM/Camera/_____New_Romantic_Love_Whatsapp_Status_xxx__|_
01-14 17:03:37.778 15347 21409 D LocalImageLoader: 
01-14 17:03:37.778 15347 21409 D LocalImageLoader: _welike.mp4
01-14 17:03:37.778 15347 21409 D LocalImageLoader: /storage/emulated/0/DCIM/Camera/Reshampal_yadav_welike.jpg
01-14 17:03:37.778 15347 21409 D LocalImageLoader: /storage/emulated/0/DCIM/Camera/Aashiyana_Mera_Saath_Tere_hai_na_welike.mp4
01-14 17:03:37.778 15347 21409 D LocalImageLoader: /storage/emulated/0/DCIM/Camera/_3DaysToPrabhasBirthday__Prabhas_HD_:_https:/ibb.co/HP82NNf_drlg.._welike.jpg
01-14 17:03:37.778 15347 21409 D LocalImageLoader: /storage/emulated/0/DCIM/Camera/VID20191028175155.mp4
01-14 17:03:37.778 15347 21409 D LocalImageLoader: /storage/emulated/0/DCIM/Camera/-609341034_welike.jpg
01-14 17:03:37.778 15347 21409 D LocalImageLoader: /storage/emulated/0/DCIM/Camera/sk_welike.jpg
01-14 17:03:37.778 15347 21409 D LocalImageLoader: /storage/emulated/0/DCIM/Camera/jjkjjkk____welike.png
01-14 17:03:37.778 15347 21409 D LocalImageLoader: /storage/emulated/0/DCIM/Camera/_____welike.mp4
01-14 17:03:37.778 15347 21409 D LocalImageLoader: /storage/emulated/0/DCIM/Camera/full_song_:-_https:/youtu.be/cHey2EHxV70_welike.mp4
01-14 17:03:37.778 15347 21409 D LocalImageLoader: /storage/emulated/0/DCIM/Camera/uuuuuu__Mehndi_Design__
01-14 17:03:37.778 15347 21409 D LocalImageLoader: 
01-14 17:03:37.778 15347 21409 D LocalImageLoader: jjjj
01-14 17:03:37.778 15347 21409 D LocalImageLoader: 
01-14 17:03:37.778 15347 21409 D LocalImageLoader: 
01-14 17:03:37.778 15347 21409 D LocalImageLoader: hjj_welike.jpg
01-14 17:03:37.778 15347 21409 D LocalImageLoader: /storage/emulated/0/DCIM/Camera/__TopSongsOct19__welike.png
01-14 17:03:37.778 15347 21409 D LocalImageLoader: /storage/emulated/0/WhatsApp/Media/WhatsApp Images/IMG-20191021-WA0000.jpg
01-14 17:03:37.778 15347 21409 D LocalImageLoader: /storage/emulated/0/DCIM/Camera/371550661_welike.mp4
01-14 17:03:37.778 15347 21409 D LocalImageLoader: /storage/emulated/0/WhatsApp/Media/WhatsApp Images/IMG-20191018-WA0010.jpg
01-14 17:03:37.779 15347 21409 D LocalImageLoader: /storage/emulated/0/WhatsApp/Media/WhatsApp Images/IMG-20191018-WA0009.jpg
01-14 17:03:37.779 15347 21409 D LocalImageLoader: /storage/emulated/0/WhatsApp/Media/WhatsApp Images/IMG-20191018-WA0008.jpg
01-14 17:03:37.779 15347 21409 D LocalImageLoader: /storage/emulated/0/WhatsApp/Media/WhatsApp Images/IMG-20191018-WA0007.jpg
01-14 17:03:37.779 15347 21409 D LocalImageLoader: /storage/emulated/0/WhatsApp/Media/WhatsApp Images/IMG-20191018-WA0006.jpg
01-14 17:03:37.779 15347 21409 D LocalImageLoader: /storage/emulated/0/WhatsApp/Media/WhatsApp Images/IMG-20191018-WA0005.jpg
01-14 17:03:37.779 15347 21409 D LocalImageLoader: /storage/emulated/0/WhatsApp/Media/WhatsApp Images/IMG-20191018-WA0004.jpg
01-14 17:03:37.779 15347 21409 D LocalImageLoader: /storage/emulated/0/WhatsApp/Media/WhatsApp Images/IMG-20191018-WA0003.jpg
01-14 17:03:37.779 15347 21409 D LocalImageLoader: /storage/emulated/0/WhatsApp/Media/WhatsApp Images/IMG-20191018-WA0002.jpg
01-14 17:03:37.779 15347 21409 D LocalImageLoader: /storage/emulated/0/WhatsApp/Media/WhatsApp Images/IMG-20191018-WA0001.jpg
01-14 17:03:37.779 15347 21409 D LocalImageLoader: /storage/emulated/0/WhatsApp/Media/WhatsApp Images/IMG-20191018-WA0000.jpg
01-14 17:03:37.779 15347 21409 D LocalImageLoader: /storage/emulated/0/ShareChat-Media/ - /GyDEq6K-588540584.jpg
01-14 17:03:37.779 15347 21409 D LocalImageLoader: /storage/emulated/0/DCIM/Screenshots/Screenshot_2019-10-16-10-51-16-10.png
01-14 17:03:37.779 15347 21409 D LocalImageLoader: /storage/emulated/0/DCIM/Camera/-1156821187_welike.mp4
01-14 17:03:37.779 15347 21409 D LocalImageLoader: /storage/emulated/0/DCIM/Camera/573367821_welike.mp4
01-14 17:03:37.779 15347 21409 D LocalImageLoader: /storage/emulated/0/DCIM/Camera/-338296580_welike.mp4
01-14 17:03:37.779 15347 21409 D LocalImageLoader: /storage/emulated/0/DCIM/Camera/-1803339410_welike.mp4
01-14 17:03:37.779 15347 21409 D LocalImageLoader: /storage/emulated/0/DCIM/Camera/VID20190927212756.mp4
01-14 17:03:37.779 15347 21409 D LocalImageLoader: /storage/emulated/0/DCIM/Camera/_welike.mp4
01-14 17:03:37.779 15347 21409 D LocalImageLoader: /storage/emulated/0/DCIM/Camera/_welike.mp4
01-14 17:03:37.779 15347 21409 D LocalImageLoader: /storage/emulated/0/DCIM/Screenshots/Screenshot_2019-09-26-16-20-36-89.png
01-14 17:03:37.779 15347 21409 D LocalImageLoader: /storage/emulated/0/DCIM/Screenshots/Screenshot_2019-09-26-16-20-35-92.png
01-14 17:03:37.780 15347 21409 D LocalImageLoader: /storage/emulated/0/DCIM/Screenshots/Screenshot_2019-09-26-15-46-17-99.png
01-14 17:03:37.780 15347 21409 D LocalImageLoader: /storage/emulated/0/DCIM/Camera/2019-09-25-171235534.mp4
01-14 17:03:37.780 15347 21409 D LocalImageLoader: /storage/emulated/0/xxx/download/Joker_(2019)_Final_Trailer(480p).mp4
01-14 17:03:37.780 15347 21409 D LocalImageLoader: /storage/emulated/0/xxx/download/Lionel_Messi_reaction_-_The_Best_FIFA_Men's_xxx_2019(480p).mp4
01-14 17:03:37.780 15347 21409 D LocalImageLoader: /storage/emulated/0/DCIM/Camera/0e23b4c1-4885-4a67-be63-bb60555d5db4_welike.jpg
01-14 17:03:37.780 15347 21409 D LocalImageLoader: /storage/emulated/0/DCIM/Camera/2b4ac76b-b3e5-4bbb-b219-b1ce00321299_welike.jpg
01-14 17:03:37.780 15347 21409 D LocalImageLoader: /storage/emulated/0/DCIM/Camera/98aae184-ec6e-4453-b122-4bf3d702b480_welike.jpg
01-14 17:03:37.780 15347 21409 D LocalImageLoader: /storage/emulated/0/DCIM/Camera/-470469631_welike.jpg
01-14 17:03:37.780 15347 21409 D LocalImageLoader: /storage/emulated/0/DCIM/Camera/375806547_welike.mp4
01-14 17:03:37.780 15347 21409 D LocalImageLoader: /storage/emulated/0/DCIM/Camera/Ride_through_the_Malshej_Ghat._welike.mp4
01-14 17:03:37.780 15347 21409 D LocalImageLoader: /storage/emulated/0/DCIM/Camera/678956621_welike.mp4
01-14 17:03:37.780 15347 21409 D LocalImageLoader: /storage/emulated/0/DCIM/Camera/_welike.jpg
01-14 17:03:37.780 15347 21409 D LocalImageLoader: /storage/emulated/0/DCIM/Camera/-917580993_welike.jpg
01-14 17:03:37.780 15347 21409 D LocalImageLoader: /storage/emulated/0/DCIM/Camera/_punjabi__punjabisuit__punjabiwedding__punjabis__welike.jpg
01-14 17:03:37.780 15347 21409 D LocalImageLoader: /storage/emulated/0/DCIM/Camera/Dreaming_memories
01-14 17:03:37.780 15347 21409 D LocalImageLoader: Season_8_preview
01-14 17:03:37.780 15347 21409 D LocalImageLoader: _dreamingmemo_welike.mp4
01-14 17:03:37.780 15347 21409 D LocalImageLoader: /storage/emulated/0/DCIM/Camera/205060313_welike.jpg
01-14 17:03:37.780 15347 21409 D LocalImageLoader: /storage/emulated/0/DCIM/Camera/611883632_welike.mp4
01-14 17:03:37.780 15347 21409 D LocalImageLoader: /storage/emulated/0/DCIM/Camera/1998803573_welike.mp4
01-14 17:03:37.780 15347 21409 D LocalImageLoader: /storage/emulated/0/DCIM/Camera/-1666604033_welike.jpg
01-14 17:03:37.780 15347 21409 D LocalImageLoader: /storage/emulated/0/DCIM/Camera/1235441450_welike.jpg
01-14 17:03:37.781 15347 21409 D LocalImageLoader: /storage/emulated/0/DCIM/Camera/can_you_do_this___lets_try_welike.mp4
01-14 17:03:37.781 15347 21409 D LocalImageLoader: /storage/emulated/0/DCIM/Camera/_
01-14 17:03:37.781 15347 21409 D LocalImageLoader: tuovnii_welike.mp4
01-14 17:03:37.781 15347 21409 D LocalImageLoader: /storage/emulated/0/DCIM/Camera/-1014555179_welike.jpg
01-14 17:03:37.781 15347 21409 D LocalImageLoader: /storage/emulated/0/DCIM/Camera/1789853570_welike.jpg
01-14 17:03:37.781 15347 21409 D LocalImageLoader: /storage/emulated/0/DCIM/Camera/-868020688_welike.mp4
01-14 17:03:37.781 15347 21409 D LocalImageLoader: /storage/emulated/0/DCIM/85d93eb7-b54a-46ed-a36c-285976104ce0_welike.png
01-14 17:03:37.781 15347 21409 D LocalImageLoader: /storage/emulated/0/DCIM/4c3d048d-f2f8-4181-812b-b81529b0510f_welike.png
01-14 17:03:37.781 15347 21409 D LocalImageLoader: /storage/emulated/0/DCIM/Camera/IMG20190912152646.jpg
01-14 17:03:37.781 15347 21409 D LocalImageLoader: /storage/emulated/0/DCIM/Camera/IMG20190912141743.jpg
01-14 17:03:37.781 15347 21409 D LocalImageLoader: /storage/emulated/0/DCIM/Camera/-1554779387_welike.jpg
01-14 17:03:37.781 15347 21409 D LocalImageLoader: /storage/emulated/0/DCIM/Camera/VID20190911144839.mp4
01-14 17:03:37.781 15347 21409 D LocalImageLoader: /storage/emulated/0/DCIM/Camera/VID20190911144836.mp4
01-14 17:03:37.781 15347 21409 D LocalImageLoader: /storage/emulated/0/DCIM/Camera/VID20190911144803.mp4
01-14 17:03:37.781 15347 21409 D LocalImageLoader: /storage/emulated/0/DCIM/Camera/VID20190911143528.mp4
01-14 17:03:37.781 15347 21409 D LocalImageLoader: /storage/emulated/0/DCIM/Camera/98631193_welike.mp4
01-14 17:03:37.781 15347 21409 D LocalImageLoader: /storage/emulated/0/DCIM/Camera/Romantic_love_welike.jpg
01-14 17:03:37.781 15347 21409 D LocalImageLoader: /storage/emulated/0/DCIM/Camera/-191540043_welike.jpg
01-14 17:03:37.781 15347 21409 D LocalImageLoader: /storage/emulated/0/DCIM/Camera/1055647562_welike.mp4
01-14 17:03:37.781 15347 21409 D LocalImageLoader: /storage/emulated/0/DCIM/Camera/1399852160_welike.mp4
01-14 17:03:37.781 15347 21409 D LocalImageLoader: /storage/emulated/0/xxx/download/Lil_Duval,_TOM._G,_KaMillion_-_City_Boy_(Official_xxx)(144p).mp4
01-14 17:03:37.781 15347 21409 D LocalImageLoader: /storage/emulated/0/xxx/download/Day_-_"Espao"_Live_Performance_|_Vevo(144p).mp4
01-14 17:03:37.782 15347 21409 D LocalImageLoader: /storage/emulated/0/DCIM/Screenshots/Screenshot_2019-08-29-14-00-08-35.png
01-14 17:03:37.782 15347 21409 D LocalImageLoader: /storage/emulated/0/xxx/download/Golden_Retriever_Parents_Watching_Over_Their_Newborn_Puppies(144p).mp4
01-14 17:03:37.782 15347 21409 D LocalImageLoader: /storage/emulated/0/DCIM/Camera/-987277084_welike.gif
01-14 17:03:37.782 15347 21409 D LocalImageLoader: /storage/emulated/0/DCIM/Camera/IMG20190822181604.jpg
01-14 17:03:37.782 15347 21409 D LocalImageLoader: /storage/emulated/0/DCIM/Camera/-311670838_welike.jpg
01-14 17:03:37.782 15347 21409 D LocalImageLoader: /storage/emulated/0/DCIM/Camera/Very_Sad_Heart_Touching_Status_xxx_welike.mp4
01-14 17:03:37.782 15347 21409 D LocalImageLoader: /storage/emulated/0/DCIM/Camera/Ye_Kya_Hua_!!!_welike.mp4
01-14 17:03:37.782 15347 21409 D LocalImageLoader: /storage/emulated/0/DCIM/Camera/sarvan___welike.mp4
01-14 17:03:37.782 15347 21409 D LocalImageLoader: /storage/emulated/0/DCIM/Camera/1592893500_welike.mp4
01-14 17:03:37.782 15347 21409 D LocalImageLoader: /storage/emulated/0/DCIM/Camera/dirty_dancing_love_GIF_by_Lionsgate_Home_Enterta_welike.gif
01-14 17:03:37.782 15347 21409 D LocalImageLoader: /storage/emulated/0/DCIM/Camera/1367219165_welike.jpg
01-14 17:03:37.782 15347 21409 D LocalImageLoader: /storage/emulated/0/DCIM/Camera/561601636_welike.jpg
01-14 17:03:37.782 15347 21409 D LocalImageLoader: /storage/emulated/0/DCIM/Camera/1558372745_welike.mp4
01-14 17:03:37.782 15347 21409 D LocalImageLoader: /storage/emulated/0/DCIM/Camera/-1254061413_welike.mp4
01-14 17:03:37.782 15347 21409 D LocalImageLoader: /storage/emulated/0/DCIM/Camera/Watch:_14-yr-old_pays_tribute_to_nation_while_standing_on_running_horse_welike.mp4
01-14 17:03:37.782 15347 21409 D LocalImageLoader: /storage/emulated/0/DCIM/Camera/-1844685493_welike.jpg
01-14 17:03:37.782 15347 21409 D LocalImageLoader: /storage/emulated/0/DCIM/Screenshots/Screenshot_2019-08-12-11-01-03-51.png
01-14 17:03:37.782 15347 21409 D LocalImageLoader: /storage/emulated/0/DCIM/Screenshots/Screenshot_2019-08-12-11-01-02-55.png
01-14 17:03:37.782 15347 21409 D LocalImageLoader: /storage/emulated/0/DCIM/Camera/Hot_status_welike.mp4
01-14 17:03:37.782 15347 21409 D LocalImageLoader: /storage/emulated/0/DCIM/Camera/-1644506601_welike.jpg
01-14 17:03:37.783 15347 21409 D LocalImageLoader: /storage/emulated/0/DCIM/Camera/_______comment_main________welike.mp4
01-14 17:03:37.783 15347 21409 D LocalImageLoader: /storage/emulated/0/DCIM/Camera/Sad_Whatsapp_Status__welike.mp4
01-14 17:03:37.783 15347 21409 D LocalImageLoader: /storage/emulated/0/DCIM/Camera/-1920315229_welike.jpg
01-14 17:03:37.783 15347 21409 D LocalImageLoader: /storage/emulated/0/DCIM/Camera/1835589798_welike.jpg
01-14 17:03:37.783 15347 21409 D LocalImageLoader: /storage/emulated/0/DCIM/Camera/-1656614338_welike.mp4
01-14 17:03:37.783 15347 21409 D LocalImageLoader: /storage/emulated/0/DCIM/Camera/-982289611_welike.mp4
01-14 17:03:37.783 15347 21409 D LocalImageLoader: /storage/emulated/0/DCIM/Screenshots/Screenshot_2019-08-06-15-26-11-29.png
01-14 17:03:37.783 15347 21409 D LocalImageLoader: /storage/emulated/0/DCIM/Camera/-827231561_welike.mp4
01-14 17:03:37.783 15347 21409 D LocalImageLoader: /storage/emulated/0/DCIM/Camera/New_Romantic_Whatsapp_Status_welike.mp4
01-14 17:03:37.783 15347 21409 D LocalImageLoader: /storage/emulated/0/DCIM/Camera/IPS_OFFICERS
01-14 17:03:37.783 15347 21409 D LocalImageLoader: 
01-14 17:03:37.783 15347 21409 D LocalImageLoader: UNIFORM_
01-14 17:03:37.783 15347 21409 D LocalImageLoader: _IPS_OFFICERS_
01-14 17:03:37.783 15347 21409 D LocalImageLoader: @indian_police__service_
01-14 17:03:37.783 15347 21409 D LocalImageLoader: @upsc_dream_job_
01-14 17:03:37.783 15347 21409 D LocalImageLoader: Follow_
01-14 17:03:37.783 15347 21409 D LocalImageLoader: Follow_
01-14 17:03:37.783 15347 21409 D LocalImageLoader: Follow__
01-14 17:03:37.783 15347 21409 D LocalImageLoader: Follow_
01-14 17:03:37.783 15347 21409 D LocalImageLoader: F_welike.jpg
01-14 17:03:37.783  1627  2886 D NetworkPolicy: uid 10015 is allowed on unmetered network
01-14 17:03:37.783 15347 21409 D LocalImageLoader: /storage/emulated/0/DCIM/Camera/Stone_Stacking_(Tried_Something_New)\n.\n.\n.\n.\n.\n.\n_hashtag__stones__stonestacking__rockstack__triedsomething_welike.jpg
01-14 17:03:37.783 15347 21409 D LocalImageLoader: /storage/emulated/0/DCIM/Camera/BMW_M340i_Wallpaper_by_P3TR1T_-_f2_-_Free_on_ZED_welike.jpg
01-14 17:03:37.783 15347 21409 D LocalImageLoader: /storage/emulated/0/DCIM/Camera/1102146683_welike.mp4
01-14 17:03:37.783 15347 21409 D LocalImageLoader: /storage/emulated/0/DCIM/Camera/mad_men_GIF_welike.gif
01-14 17:03:37.783 15347 21409 D LocalImageLoader: /storage/emulated/0/DCIM/Camera/_monsoon__monsoonride__taarashukla01__SwagStepChallenge__publicchallenge_@tiktok_@tiktok_india_welike.mp4
01-14 17:03:37.783 15347 21409 D LocalImageLoader: /storage/emulated/0/DCIM/Camera/1959216527_welike.mp4
01-14 17:03:37.783 15347 21409 D LocalImageLoader: /storage/emulated/0/DCIM/Camera/WantmorecoolxxxslikethisClickhere_VMate_welike.mp4
01-14 17:03:37.783 15347 21409 D LocalImageLoader: /storage/emulated/0/DCIM/Camera/Guru_Purnima_welike.jpg
01-14 17:03:37.783 15347 21409 D LocalImageLoader: /storage/emulated/0/DCIM/Camera/_DamaldumilDialogue__welike.mp4
01-14 17:03:37.784 15347 21409 D LocalImageLoader: /storage/emulated/0/DCIM/Camera/1386188937_welike.jpg
01-14 17:03:37.784 15347 21409 D LocalImageLoader: /storage/emulated/0/DCIM/Camera/-262142007_welike.jpg
01-14 17:03:37.784 15347 21409 D LocalImageLoader: /storage/emulated/0/DCIM/Camera/shikh_welike.jpg
01-14 17:03:37.784 15347 21409 D LocalImageLoader: /storage/emulated/0/DCIM/Camera/-96228924_welike.jpg
01-14 17:03:37.784 15347 21409 D LocalImageLoader: /storage/emulated/0/DCIM/Camera/Sad_Hindi_Sayari_2019_welike.jpg
01-14 17:03:37.784 15347 21409 D LocalImageLoader: /storage/emulated/0/DCIM/Camera/Friends,_this_fish_can_tell_its_name___welike.jpg
01-14 17:03:37.790 15347 21409 D LocalImageLoader: /storage/emulated/0/DCIM/Camera/_____welike.mp4
01-14 17:03:37.790 15347 21409 D LocalImageLoader: /storage/emulated/0/DCIM/Camera/1704077815_welike.mp4
01-14 17:03:37.790 15347 21409 D LocalImageLoader: /storage/emulated/0/DCIM/Camera/-704819363_welike.mp4
01-14 17:03:37.790 15347 21409 D LocalImageLoader: /storage/emulated/0/DCIM/Camera/-185582331_welike.mp4
01-14 17:03:37.790 15347 21409 D LocalImageLoader: /storage/emulated/0/DCIM/Camera/-188927070_welike.mp4
01-14 17:03:37.790 15347 21409 D LocalImageLoader: /storage/emulated/0/DCIM/Camera/1003993033_welike.mp4
01-14 17:03:37.791 15347 21409 D LocalImageLoader: /storage/emulated/0/DCIM/Camera/What_if_everyone_who_saw_this_liked_it__fo_welike.mp4
01-14 17:03:37.791 15347 21409 D LocalImageLoader: /storage/emulated/0/DCIM/Camera/Summer_Fun___foryou__foryourpage__dogsoftiktok_welike.mp4
01-14 17:03:37.791 15347 21409 D LocalImageLoader: /storage/emulated/0/DCIM/Camera/Crocodile_Hunt_Wallpaper_by_NikkiFrohloff_-_04_-_welike.jpg
01-14 17:03:37.791 15347 21409 D LocalImageLoader: /storage/emulated/0/DCIM/Camera/Ishq_da_dera_Wallpaper_by_Saim360_-_ba_-_Free_on_welike.jpg
01-14 17:03:37.791 15347 21409 D LocalImageLoader: /storage/emulated/0/DCIM/Camera/-1249425333_welike.mp4
01-14 17:03:37.791 15347 21409 D LocalImageLoader: /storage/emulated/0/DCIM/Camera/-1318547646_welike.mp4
01-14 17:03:37.791 15347 21409 D LocalImageLoader: /storage/emulated/0/DCIM/Camera/itchy_ballet_GIF_welike.gif
01-14 17:03:37.791 15347 21409 D LocalImageLoader: /storage/emulated/0/DCIM/Camera/(O_Aithey_Aa)__Instagram-preksha_rana_official___aitheyaa___monsoonvibes__monsoon___bharat_welike.mp4
01-14 17:03:37.791 15347 21409 D LocalImageLoader: /storage/emulated/0/DCIM/Camera/_sawan_aaya_hai___monsoonspecial__raindropchallenge___i_lov_rain_welike.mp4
01-14 17:03:37.791 15347 21409 D LocalImageLoader: /storage/emulated/0/DCIM/Camera/_welike.mp4
01-14 17:03:37.791 15347 21409 D LocalImageLoader: /storage/emulated/0/DCIM/Camera/702851911_welike.jpg
01-14 17:03:37.791 15347 21409 D LocalImageLoader: /storage/emulated/0/DCIM/Camera/Heart__Broken_Status_BY_K_K_ZONE_welike.mp4
01-14 17:03:37.791 15347 21409 D LocalImageLoader: /storage/emulated/0/DCIM/Camera/helo_welike.mp4
01-14 17:03:37.791 15347 21409 D LocalImageLoader: /storage/emulated/0/DCIM/Camera/_dboss_monsoon_monsoonmusic_kannadamusically@dub_welike.mp4
01-14 17:03:37.791 15347 21409 D LocalImageLoader: /storage/emulated/0/DCIM/Camera/_welike.mp4
01-14 17:03:37.791 15347 21409 D LocalImageLoader: /storage/emulated/0/DCIM/Camera/-1819676554_welike.jpg
01-14 17:03:37.791 15347 21409 D LocalImageLoader: /storage/emulated/0/DCIM/Camera/lovely_whtsaap_status_
01-14 17:03:37.791 15347 21409 D LocalImageLoader: Akash_kumar__welike.mp4
01-14 17:03:37.791 15347 21409 D LocalImageLoader: /storage/emulated/0/DCIM/Camera/-1070611210_welike.mp4
01-14 17:03:37.791 15347 21409 D LocalImageLoader: /storage/emulated/0/DCIM/Camera/__________________welike.mp4
01-14 17:03:37.792 15347 21409 D LocalImageLoader: /storage/emulated/0/DCIM/Camera/tu_ja_dialogue_hai_welike.mp4
01-14 17:03:37.792 15347 21409 D LocalImageLoader: /storage/emulated/0/DCIM/Camera/love_for_everyone__welike.mp4
01-14 17:03:37.792 15347 21409 D LocalImageLoader: /storage/emulated/0/DCIM/Camera/________welike.mp4
01-14 17:03:37.792 15347 21409 D LocalImageLoader: /storage/emulated/0/DCIM/Camera/Millie_Eleven_Wallpaper_by_gradycreations_-_57_-_welike.jpg
01-14 17:03:37.792 15347 21409 D LocalImageLoader: /storage/emulated/0/DCIM/Camera/Oru_Rathri_Koodi...Song_4__|__Summer_In_Bethlehe_welike.mp4
01-14 17:03:37.792 15347 21409 D LocalImageLoader: /storage/emulated/0/DCIM/Camera/-1925535142_welike.jpg
01-14 17:03:37.792 15347 21409 D LocalImageLoader: /storage/emulated/0/DCIM/Camera/________welike.mp4
01-14 17:03:37.792 15347 21409 D LocalImageLoader: /storage/emulated/0/DCIM/Camera/365176049_welike.mp4
01-14 17:03:37.792 15347 21409 D LocalImageLoader: /storage/emulated/0/DCIM/Camera/public_chilla_rhi_thi_Wavez4India__paglpanti__desifood__edutok__cricketworldcup__monsoonseason___welike.mp4
01-14 17:03:37.792 15347 21409 D LocalImageLoader: /storage/emulated/0/DCIM/Camera/6121352_welike.jpg
01-14 17:03:37.792 15347 21409 D LocalImageLoader: /storage/emulated/0/DCIM/Camera/1882213584_welike.jpg
01-14 17:03:37.792 15347 21409 D LocalImageLoader: /storage/emulated/0/DCIM/Camera/13182148_welike.mp4
01-14 17:03:37.792 15347 21409 D LocalImageLoader: /storage/emulated/0/DCIM/Camera/-688339014_welike.jpg
01-14 17:03:37.792 15347 21409 D LocalImageLoader: /storage/emulated/0/DCIM/Camera/1851131596_welike.mp4
01-14 17:03:37.792 15347 21409 D LocalImageLoader: /storage/emulated/0/DCIM/Camera/-1359845765_welike.mp4
01-14 17:03:37.792 15347 21409 D LocalImageLoader: /storage/emulated/0/DCIM/Camera/475984470_welike.mp4
01-14 17:03:37.792 15347 21409 D LocalImageLoader: /storage/emulated/0/DCIM/Camera/116333075_welike.mp4
01-14 17:03:37.792 15347 21409 D LocalImageLoader: /storage/emulated/0/DCIM/Camera/-363970219_welike.jpg
01-14 17:03:37.822  1139  1608 D LocalSocketClient: sendMessage info 2:481,3 info length 7
01-14 17:03:37.823  1139  1608 D LocalSocketClient: sendMessage end
01-14 17:03:37.823  1627  2536 D LocalSocketServer: new client coming !
01-14 17:03:37.823  1627  2536 D LocalSocketServer: wait for new client coming !
01-14 17:03:37.823  1627  9944 D LocalSocketServer: readBytes = 7
01-14 17:03:37.824  1627  9944 D LocalSocketServer: ClientSocket read info = 2:481,3
01-14 17:03:37.844  1139  1379 D APM_AudioPolicyManager: stopOutput() output 21, stream 3, session 481
01-14 17:03:37.844  1139  1379 D APM_AudioPolicyManager: setOutputDevice() output 21 device 0000 force 0 delayMs 160
01-14 17:03:37.844  1139  1379 W AudioFlinger: moveEffectChain_l() effect chain for session 0 not on source thread 0xe0a034c0
01-14 17:03:37.845  1627  2700 D NetworkPolicy: uid 10015 is allowed on unmetered network
01-14 17:03:37.925 21534 21534 I MultiDex: VM with version 2.1.0 has multidex support
01-14 17:03:37.925 21534 21534 I MultiDex: Installing application
01-14 17:03:37.925 21534 21534 I MultiDex: VM has multidex support, MultiDex support library is disabled.
01-14 17:03:37.950 21534 21534 D SigquitBasedANRDetector: Registered
01-14 17:03:38.041 21534 21534 D ActivityThread: Loading provider com.whatsapp.provider.contact: com.whatsapp.contact.ContactProvider
01-14 17:03:38.054 21534 21534 E Parcel  : Reading a NULL string not supported here.
01-14 17:03:38.059 21534 21534 I chatty  : uid=10273(com.whatsapp) identical 24 lines
01-14 17:03:38.059 21534 21534 E Parcel  : Reading a NULL string not supported here.
01-14 17:03:38.116 21534 21534 D FirebaseApp: com.google.firebase.auth.FirebaseAuth is not linked. Skipping initialization.
01-14 17:03:38.117 21534 21534 D FirebaseApp: com.google.firebase.crash.FirebaseCrash is not linked. Skipping initialization.
01-14 17:03:38.117 21534 21534 D FirebaseApp: com.google.android.gms.measurement.AppMeasurement is not linked. Skipping initialization.
01-14 17:03:38.117 21534 21534 I FirebaseInitProvider: FirebaseApp initialization successful
01-14 17:03:38.142  1627  1700 D NetworkPolicy: uid 10273 is allowed on unmetered network
01-14 17:03:38.148 21534 21578 D NetworkSecurityConfig: Using Network Security Config from resource network_security_config debugBuild: false
01-14 17:03:38.152 21534 21578 I System.out: Not need to boost!
01-14 17:03:38.159 21534 21534 D Event   : No subscribers registered for event class X.1Ho
01-14 17:03:38.159 21534 21534 D Event   : No subscribers registered for event class X.2th
01-14 17:03:38.165 16795 16795 I wpa_supplicant: TDLS: No matching entry found for Teardown 54:27:58:ff:5e:b5
01-14 17:03:38.166 16795 16795 I chatty  : uid=1010(wifi) /vendor/bin/hw/wpa_supplicant identical 4 lines
01-14 17:03:38.166 16795 16795 I wpa_supplicant: TDLS: No matching entry found for Teardown 54:27:58:ff:5e:b5
01-14 17:03:38.187 21534 21578 D libc-netbsd: [getaddrinfo]:  hostname=clients3.google.com;  servname=(null);  app_pid=21534;  app_uid=10273;  ai_flags=1024;  ai_family=0; ai_socktype=1 from prox result 0
01-14 17:03:38.143  1627  1700 I chatty  : uid=1000(system) Binder:1627_4 identical 1 line
01-14 17:03:38.158  1627  1700 D NetworkPolicy: uid 10273 is allowed on unmetered network
01-14 17:03:38.455  1627  2700 D NetworkPolicy: uid 10273 is allowed on unmetered network
01-14 17:03:38.458  1627  2700 I chatty  : uid=1000(system) Binder:1627_5 identical 11 lines
01-14 17:03:38.458  1627  2700 D NetworkPolicy: uid 10273 is allowed on unmetered network
01-14 17:03:38.485 21534 21610 E ActivityThread: Failed to find provider info for cn.teddymobile.free.anteater.den.provider
01-14 17:03:38.525 21534 21534 I AppCompatViewInflater: app:theme is now deprecated. Please move to using android:theme instead.
01-14 17:03:38.537  1627  1700 D NetworkPolicy: uid 10273 is allowed on unmetered network
01-14 17:03:38.595  1627  2886 D NetworkPolicy: uid 10541 is allowed on unmetered network
01-14 17:03:38.599  1627  2700 D NetworkPolicy: uid 10541 is allowed on unmetered network
01-14 17:03:38.608 21534 21602 D libc-netbsd: [getaddrinfo]:  hostname=static.whatsapp.net;  servname=(null);  app_pid=21534;  app_uid=10273;  ai_flags=1024;  ai_family=0; ai_socktype=1 from prox result 0
01-14 17:03:38.618 15347 21271 D libc-netbsd: [getaddrinfo]:  hostname=emo.starhalo.mobi;  servname=(null);  app_pid=15347;  app_uid=10541;  ai_flags=1024;  ai_family=0; ai_socktype=1 from prox result 0
01-14 17:03:38.638 21534 21534 W Bundle  : Key android.intent.extra.STREAM expected ArrayList but value was a android.net.Uri$HierarchicalUri.  The default value <null> was returned.
01-14 17:03:38.641 21534 21534 W Bundle  : Attempt to cast generated internal exception:
01-14 17:03:38.641 21534 21534 W Bundle  : java.lang.ClassCastException: android.net.Uri$HierarchicalUri cannot be cast to java.util.ArrayList
01-14 17:03:38.641 21534 21534 W Bundle  : 	at android.os.Bundle.getParcelableArrayList(Bundle.java:991)
01-14 17:03:38.641 21534 21534 W Bundle  : 	at com.whatsapp.ContactPickerFragment.A0q(:275573)
01-14 17:03:38.641 21534 21534 W Bundle  : 	at com.whatsapp.ContactPickerFragment.A0e(:275123)
01-14 17:03:38.641 21534 21534 W Bundle  : 	at X.1YA.A0j(:187261)
01-14 17:03:38.641 21534 21534 W Bundle  : 	at X.1YA.A0d(:186839)
01-14 17:03:38.641 21534 21534 W Bundle  : 	at X.1YA.A0U(:186617)
01-14 17:03:38.641 21534 21534 W Bundle  : 	at X.1YA.A0T(:186606)
01-14 17:03:38.641 21534 21534 W Bundle  : 	at X.2Ft.onStart(:271305)
01-14 17:03:38.641 21534 21534 W Bundle  : 	at X.2IO.onStart(:281378)
01-14 17:03:38.641 21534 21534 W Bundle  : 	at X.2Lz.onStart(:291874)
01-14 17:03:38.641 21534 21534 W Bundle  : 	at android.app.Instrumentation.callActivityOnStart(Instrumentation.java:1335)
01-14 17:03:38.641 21534 21534 W Bundle  : 	at android.app.Activity.performStart(Activity.java:7341)
01-14 17:03:38.641 21534 21534 W Bundle  : 	at android.app.ActivityThread.performLaunchActivity(ActivityThread.java:2958)
01-14 17:03:38.641 21534 21534 W Bundle  : 	at android.app.ActivityThread.handleLaunchActivity(ActivityThread.java:3073)
01-14 17:03:38.641 21534 21534 W Bundle  : 	at android.app.ActivityThread.-wrap11(Unknown Source:0)
01-14 17:03:38.641 21534 21534 W Bundle  : 	at android.app.ActivityThread$H.handleMessage(ActivityThread.java:1774)
01-14 17:03:38.641 21534 21534 W Bundle  : 	at android.os.Handler.dispatchMessage(Handler.java:106)
01-14 17:03:38.641 21534 21534 W Bundle  : 	at android.os.Looper.loop(Looper.java:198)
01-14 17:03:38.641 21534 21534 W Bundle  : 	at android.app.ActivityThread.main(ActivityThread.java:7055)
01-14 17:03:38.641 21534 21534 W Bundle  : 	at java.lang.reflect.Method.invoke(Native Method)
01-14 17:03:38.641 21534 21534 W Bundle  : 	at com.android.internal.os.RuntimeInit$MethodAndArgsCaller.run(RuntimeInit.java:523)
01-14 17:03:38.641 21534 21534 W Bundle  : 	at com.android.internal.os.ZygoteInit.main(ZygoteInit.java:836)
01-14 17:03:38.645  1627  2700 W Binder  : Outgoing transactions from this process must be FLAG_ONEWAY
01-14 17:03:38.645  1627  2700 W Binder  : java.lang.Throwable
01-14 17:03:38.645  1627  2700 W Binder  : 	at android.os.BinderProxy.transact(Binder.java:754)
01-14 17:03:38.645  1627  2700 W Binder  : 	at android.content.ContentProviderProxy.getType(ContentProviderNative.java:451)
01-14 17:03:38.645  1627  2700 W Binder  : 	at com.android.server.am.ActivityManagerService.getProviderMimeType(ActivityManagerService.java:14117)
01-14 17:03:38.645  1627  2700 W Binder  : 	at android.app.IActivityManager$Stub.onTransact(IActivityManager.java:1799)
01-14 17:03:38.645  1627  2700 W Binder  : 	at com.android.server.am.ActivityManagerService.onTransact(ActivityManagerService.java:3418)
01-14 17:03:38.645  1627  2700 W Binder  : 	at com.android.server.am.OppoActivityManagerService.onTransact(OppoActivityManagerService.java:619)
01-14 17:03:38.645  1627  2700 W Binder  : 	at android.os.Binder.execTransact(Binder.java:697)
01-14 17:03:38.701 21534 21613 D OpenGLRenderer: HWUI GL Pipeline
01-14 17:03:38.602  1627  2700 I chatty  : uid=1000(system) Binder:1627_5 identical 1 line
01-14 17:03:38.609  1627  2700 D NetworkPolicy: uid 10541 is allowed on unmetered network
01-14 17:03:38.708  1627  2700 D NetworkPolicy: uid 10273 is allowed on unmetered network
01-14 17:03:38.710  1627  2700 D NetworkPolicy: uid 10273 is allowed on unmetered network
01-14 17:03:38.711  1627  2886 D NetworkPolicy: uid 10273 is allowed on unmetered network
01-14 17:03:38.712  1627  2886 I chatty  : uid=1000(system) Binder:1627_6 identical 11 lines
01-14 17:03:38.712  1627  2886 D NetworkPolicy: uid 10273 is allowed on unmetered network
01-14 17:03:38.722  1627  2700 D NetworkPolicy: uid 10273 is allowed on unmetered network
01-14 17:03:38.725 21534 21534 I Choreographer: Skipped 1 frames!  The application may be doing too much work on its main thread.
01-14 17:03:38.724  1627  2700 I chatty  : uid=1000(system) Binder:1627_5 identical 11 lines
01-14 17:03:38.724  1627  2700 D NetworkPolicy: uid 10273 is allowed on unmetered network
01-14 17:03:38.745  1627  2700 V WindowManager: Changing focus from null to Window{eaa8cec u0 com.whatsapp/com.whatsapp.ContactPicker}
01-14 17:03:38.749  9081  9081 I StatusBar: setNavigationBarColor() vis:0 color:ffffffff expandNavBar:false mNavigationBarEnableStatus:0
01-14 17:03:38.750  9081  9081 D BarTransitions.NavigationBarView: setForceOpaque forceOpaque:false color:0 @com.android.systemui.statusbar.phone.NavigationBarTransitions@d25a2d
01-14 17:03:38.754 21534 21613 I Adreno  : QUALCOMM build                   : 984ae15, I2cc6be3e9b
01-14 17:03:38.754 21534 21613 I Adreno  : Build Date                       : 10/25/18
01-14 17:03:38.754 21534 21613 I Adreno  : OpenGL ES Shader Compiler Version: EV031.22.00.01_06
01-14 17:03:38.754 21534 21613 I Adreno  : Local Branch                     : 
01-14 17:03:38.754 21534 21613 I Adreno  : Remote Branch                    : 
01-14 17:03:38.754 21534 21613 I Adreno  : Remote Branch                    : 
01-14 17:03:38.754 21534 21613 I Adreno  : Reconstruct Branch               : 
01-14 17:03:38.761  1627  2886 D NetworkPolicy: uid 10273 is allowed on unmetered network
01-14 17:03:38.777 16795 16795 I wpa_supplicant: TDLS: No matching entry found for Teardown 54:27:58:ff:5e:b5
01-14 17:03:38.789  1627  2700 D NetworkPolicy: uid 10273 is allowed on unmetered network
01-14 17:03:38.789 16795 16795 I chatty  : uid=1010(wifi) /vendor/bin/hw/wpa_supplicant identical 10 lines
01-14 17:03:38.789 16795 16795 I wpa_supplicant: TDLS: No matching entry found for Teardown 54:27:58:ff:5e:b5
01-14 17:03:38.789 21534 21613 I Adreno  : PFP: 0x005ff087, ME: 0x005ff063
01-14 17:03:38.790 16795 16795 I wpa_supplicant: TDLS: No matching entry found for Teardown 54:27:58:ff:5e:b5
01-14 17:03:38.791 16795 16795 I chatty  : uid=1010(wifi) /vendor/bin/hw/wpa_supplicant identical 4 lines
01-14 17:03:38.791 16795 16795 I wpa_supplicant: TDLS: No matching entry found for Teardown 54:27:58:ff:5e:b5
01-14 17:03:38.794 21534 21613 I zygote64: android::hardware::configstore::V1_0::ISurfaceFlingerConfigs::hasWideColorDisplay retrieved: 0
01-14 17:03:38.795 21534 21613 I OpenGLRenderer: Initialized EGL, version 1.4
01-14 17:03:38.795 21534 21613 D OpenGLRenderer: Swap behavior 2
01-14 17:03:38.795 16795 16795 I wpa_supplicant: TDLS: No matching entry found for Teardown 54:27:58:ff:5e:b5
01-14 17:03:38.797  1627  3880 D NetworkPolicy: uid 10273 is allowed on unmetered network
01-14 17:03:38.798  1627  3880 I chatty  : uid=1000(system) Binder:1627_F identical 11 lines
01-14 17:03:38.798  1627  3880 D NetworkPolicy: uid 10273 is allowed on unmetered network
01-14 17:03:38.799  1627  1700 D NetworkPolicy: uid 10273 is allowed on unmetered network
01-14 17:03:38.796 16795 16795 I chatty  : uid=1010(wifi) /vendor/bin/hw/wpa_supplicant identical 8 lines
01-14 17:03:38.796 16795 16795 I wpa_supplicant: TDLS: No matching entry found for Teardown 54:27:58:ff:5e:b5
01-14 17:03:38.800 21534 21613 I OpenGLRenderer: processName com.whatsapp
01-14 17:03:38.801   700   985 D DispPerf: getHint applicationScene=com.whatsapp, idx=0 none
01-14 17:03:38.801 16795 16795 I wpa_supplicant: TDLS: No matching entry found for Teardown 54:27:58:ff:5e:b5
01-14 17:03:38.800  1627  1700 I chatty  : uid=1000(system) Binder:1627_4 identical 11 lines
01-14 17:03:38.800  1627  1700 D NetworkPolicy: uid 10273 is allowed on unmetered network
01-14 17:03:38.802  1627  3880 D NetworkPolicy: uid 10273 is allowed on unmetered network
01-14 17:03:38.802 16795 16795 I chatty  : uid=1010(wifi) /vendor/bin/hw/wpa_supplicant identical 2 lines
01-14 17:03:38.810 16795 16795 I wpa_supplicant: TDLS: No matching entry found for Teardown 54:27:58:ff:5e:b5
01-14 17:03:38.810  9081  9081 I Choreographer: Skipped 1 frames!  The application may be doing too much work on its main thread.
01-14 17:03:38.813 16795 16795 I wpa_supplicant: TDLS: No matching entry found for Teardown 54:27:58:ff:5e:b5
01-14 17:03:38.813 16795 16795 I wpa_supplicant: TDLS: No matching entry found for Teardown 54:27:58:ff:5e:b5
01-14 17:03:38.817 21534 21534 I Choreographer: Skipped 4 frames!  The application may be doing too much work on its main thread.
01-14 17:03:38.853 21534 21615 D libc-netbsd: [getaddrinfo]:  hostname=g.whatsapp.net;  servname=(null);  app_pid=21534;  app_uid=10273;  ai_flags=1024;  ai_family=0; ai_socktype=1 from prox result 0
01-14 17:03:38.859 21534 21534 I Choreographer: Skipped 2 frames!  The application may be doing too much work on its main thread.
01-14 17:03:38.859  1627  1690 I ActivityManager: Displayed com.whatsapp/.ContactPicker: +1s194ms
01-14 17:03:38.859 21534 21619 D libc-netbsd: [getaddrinfo]:  hostname=time.android.com;  servname=(null);  app_pid=21534;  app_uid=10273;  ai_flags=1024;  ai_family=0; ai_socktype=1 from prox result 0
01-14 17:03:38.860   470   470 W /system/bin/hwservicemanager: getTransport: Cannot find entry vendor.qti.hardware.iop@2.0::IIop/default in either framework or device manifest.
01-14 17:03:38.861  1627  1690 E ANDR-PERF-JNI: Iop tryGetService failed
01-14 17:03:38.863   683   771 E ANDR-PERF-RESOURCEQS: Failed to reset optimization [3, 0]
01-14 17:03:38.877 16795 16795 I wpa_supplicant: TDLS: No matching entry found for Teardown 54:27:58:ff:5e:b5
01-14 17:03:38.893  1627  1700 D NetworkPolicy: uid 10273 is allowed on unmetered network
01-14 17:03:38.883 16795 16795 I chatty  : uid=1010(wifi) /vendor/bin/hw/wpa_supplicant identical 22 lines
01-14 17:03:38.884 16795 16795 I wpa_supplicant: TDLS: No matching entry found for Teardown 54:27:58:ff:5e:b5
01-14 17:03:38.992 21534 21539 I zygote64: Method exceeds compiler instruction limit: 29296 in int com.whatsapp.emoji.EmojiDescriptor.getDescriptor(X.1HS)
01-14 17:03:39.029 21534 21534 I Choreographer: Skipped 9 frames!  The application may be doing too much work on its main thread.
01-14 17:03:39.113  4167  4445 D EAP_frame: skippedFrames : com.whatsapp(21534), 16
01-14 17:03:39.028  1627  1700 I chatty  : uid=1000(system) Binder:1627_4 identical 13 lines
01-14 17:03:39.198  1627  1700 D NetworkPolicy: uid 10273 is allowed on unmetered network
01-14 17:03:39.211  1627  2700 D NetworkPolicy: uid 10273 is allowed on unmetered network
01-14 17:03:39.218  1627  2411 V NetworkPolicy: updateRuleForRestrictBackgroundUL(10003): isForeground=true, isBlacklisted=false, isWhitelisted=true, oldRule=0 (NONE), newRule=1 (ALLOW_METERED), newUidRules=1 (ALLOW_METERED), oldUidRules=0 (NONE)
01-14 17:03:39.218  1627  2411 V NetworkPolicy: setMeteredNetworkWhitelist 10003: true
01-14 17:03:39.219  1627  2411 V NetworkPolicy: updateRulesForPowerRestrictionsUL(10003), isIdle: false, mRestrictPower: false, mDeviceIdleMode: false, isForeground=true, isWhitelisted=true, oldRule=0 (NONE), newRule=0 (NONE), newUidRules=1 (ALLOW_METERED), oldUidRules=1 (ALLOW_METERED)
01-14 17:03:39.230  1627  3880 D NetworkPolicy: uid 10273 is allowed on unmetered network
01-14 17:03:39.262  1627  2411 V NetworkPolicy: updateRuleForRestrictBackgroundUL(10003): isForeground=false, isBlacklisted=false, isWhitelisted=true, oldRule=1 (ALLOW_METERED), newRule=0 (NONE), newUidRules=0 (NONE), oldUidRules=1 (ALLOW_METERED)
01-14 17:03:39.262  1627  2411 V NetworkPolicy: setMeteredNetworkWhitelist 10003: true
01-14 17:03:39.262  1627  2411 V NetworkPolicy: updateRulesForPowerRestrictionsUL(10003), isIdle: false, mRestrictPower: false, mDeviceIdleMode: false, isForeground=false, isWhitelisted=true, oldRule=0 (NONE), newRule=0 (NONE), newUidRules=0 (NONE), oldUidRules=0 (NONE)
01-14 17:03:39.399  1627  2411 D NetworkPolicy: no need to update restrict data rules for uid 99117
01-14 17:03:39.399  1627  2411 D NetworkPolicy: no need to update restrict power rules for uid 99117
01-14 17:03:39.399  1627  2411 D NetworkPolicy: no need to update restrict data rules for uid 99114
01-14 17:03:39.399  1627  2411 D NetworkPolicy: no need to update restrict power rules for uid 99114
01-14 17:03:39.399  1627  2411 V NetworkPolicy: updateRuleForRestrictBackgroundUL(10541): isForeground=false, isBlacklisted=false, isWhitelisted=true, oldRule=1 (ALLOW_METERED), newRule=0 (NONE), newUidRules=0 (NONE), oldUidRules=1 (ALLOW_METERED)
01-14 17:03:39.400  1627  2411 V NetworkPolicy: setMeteredNetworkWhitelist 10541: true
01-14 17:03:39.400  1627  2411 V NetworkPolicy: updateRulesForPowerRestrictionsUL(10541), isIdle: false, mRestrictPower: false, mDeviceIdleMode: false, isForeground=false, isWhitelisted=false, oldRule=0 (NONE), newRule=0 (NONE), newUidRules=0 (NONE), oldUidRules=0 (NONE)
01-14 17:03:39.408  1627  2411 V NetworkPolicy: updateRuleForRestrictBackgroundUL(10022): isForeground=false, isBlacklisted=false, isWhitelisted=true, oldRule=1 (ALLOW_METERED), newRule=0 (NONE), newUidRules=0 (NONE), oldUidRules=1 (ALLOW_METERED)
01-14 17:03:39.409  1627  2411 V NetworkPolicy: setMeteredNetworkWhitelist 10022: true
01-14 17:03:39.411  1627  2411 V NetworkPolicy: updateRulesForPowerRestrictionsUL(10022), isIdle: false, mRestrictPower: false, mDeviceIdleMode: false, isForeground=false, isWhitelisted=true, oldRule=0 (NONE), newRule=0 (NONE), newUidRules=0 (NONE), oldUidRules=0 (NONE)
01-14 17:03:39.411 15347 15347 I Choreographer: Skipped 1 frames!  The application may be doing too much work on its main thread.
01-14 17:03:39.411  1627  2410 D NetworkPolicy: uid 10541 is allowed on unmetered network
01-14 17:03:39.411  1627  3880 D NetworkPolicy: uid 10541 is allowed on unmetered network
01-14 17:03:39.411  1627  2410 D NetworkPolicy: uid 10541 is allowed on unmetered network
01-14 17:03:39.620 15561 15585 V MediaMetadataRetriever: closeFd()
01-14 17:03:39.621  1154  1154 I ExtendedUtils: printFileName fd(8) -> /storage/emulated/0/dcim/camera/-281576049_welike.mp4
01-14 17:03:39.653  1152  9975 I FFmpegExtractor: SniffFFMPEG (initial confidence: 0.800000, mime: )
01-14 17:03:39.658  1152  9975 D FFmpegExtractor: suppoted codec(h264) by official Stagefright
01-14 17:03:39.659  1152  9975 D FFmpegExtractor: suppoted codec(aac) by official Stagefright
01-14 17:03:39.659  1152  9975 D FFmpegExtractor: ffmpeg detected media content as 'xxx/mp4' with confidence 0.08
01-14 17:03:39.659  1152  9975 I MediaExtractor: Autodetected media content as 'xxx/mp4' with confidence 0.80
01-14 17:03:39.660  1152  9975 I SampleTable: There are reordered frames present.
01-14 17:03:39.661  1152  9975 D MPEG4Extractor: Mpeg4 audio channel = 2 ,sample rate = 44100
01-14 17:03:39.663  1154  1154 E MediaExtractor: Trace connect 0xe4d61020 0xe4d12040
01-14 17:03:39.665  1154  1154 I MediaExtractor: found xxx mime = xxx/avc
01-14 17:03:39.666  1154  1154 I MediaExtractor: found audio mime = audio/mp4a-latm
01-14 17:03:39.666  1154  6049 E MMListParser: open file /proc/15561/cmdline err 13
01-14 17:03:39.669  1154  6049 I MediaCodec: CreateByComponentName(), name = OMX.qcom.xxx.decoder.avc
01-14 17:03:39.669  1154  6049 I MediaCodec: new MediaCodec()
